Component: ARM Compiler 6.16 Tool: armlink [5dfeaa00]

==============================================================================

Section Cross References

    main.o(.text.PIDInit) refers to main.o(.text.PIDOutputLimitsSet) for PIDOutputLimitsSet
    main.o(.text.PIDInit) refers to main.o(.text.PIDTuningsSet) for PIDTuningsSet
    main.o(.ARM.exidx.text.PIDInit) refers to main.o(.text.PIDInit) for [Anonymous Symbol]
    main.o(.ARM.exidx.text.PIDOutputLimitsSet) refers to main.o(.text.PIDOutputLimitsSet) for [Anonymous Symbol]
    main.o(.ARM.exidx.text.PIDTuningsSet) refers to main.o(.text.PIDTuningsSet) for [Anonymous Symbol]
    main.o(.ARM.exidx.text.PIDCompute) refers to main.o(.text.PIDCompute) for [Anonymous Symbol]
    main.o(.ARM.exidx.text.PIDModeSet) refers to main.o(.text.PIDModeSet) for [Anonymous Symbol]
    main.o(.text.PIDTuningKpSet) refers to main.o(.text.PIDTuningsSet) for PIDTuningsSet
    main.o(.ARM.exidx.text.PIDTuningKpSet) refers to main.o(.text.PIDTuningKpSet) for [Anonymous Symbol]
    main.o(.text.PIDTuningKiSet) refers to main.o(.text.PIDTuningsSet) for PIDTuningsSet
    main.o(.ARM.exidx.text.PIDTuningKiSet) refers to main.o(.text.PIDTuningKiSet) for [Anonymous Symbol]
    main.o(.text.PIDTuningKdSet) refers to main.o(.text.PIDTuningsSet) for PIDTuningsSet
    main.o(.ARM.exidx.text.PIDTuningKdSet) refers to main.o(.text.PIDTuningKdSet) for [Anonymous Symbol]
    main.o(.ARM.exidx.text.PIDControllerDirectionSet) refers to main.o(.text.PIDControllerDirectionSet) for [Anonymous Symbol]
    main.o(.ARM.exidx.text.PIDSampleTimeSet) refers to main.o(.text.PIDSampleTimeSet) for [Anonymous Symbol]
    main.o(.ARM.exidx.text.PIDSetpointSet) refers to main.o(.text.PIDSetpointSet) for [Anonymous Symbol]
    main.o(.ARM.exidx.text.PIDInputSet) refers to main.o(.text.PIDInputSet) for [Anonymous Symbol]
    main.o(.ARM.exidx.text.PIDOutputGet) refers to main.o(.text.PIDOutputGet) for [Anonymous Symbol]
    main.o(.text.main) refers to stm32f4xx_hal.o(.text.HAL_Init) for HAL_Init
    main.o(.text.main) refers to main.o(.text.SystemClock_Config) for SystemClock_Config
    main.o(.text.main) refers to main.o(.text.Touch_Init) for Touch_Init
    main.o(.text.main) refers to main.o(.data.Kpx) for Kpx
    main.o(.text.main) refers to main.o(.data.Kix) for Kix
    main.o(.text.main) refers to main.o(.data.Kdx) for Kdx
    main.o(.text.main) refers to main.o(.data.SampleTime) for SampleTime
    main.o(.text.main) refers to main.o(.bss.PIDx) for PIDx
    main.o(.text.main) refers to main.o(.text.PIDInit) for PIDInit
    main.o(.text.main) refers to main.o(.data.Kpy) for Kpy
    main.o(.text.main) refers to main.o(.data.Kiy) for Kiy
    main.o(.text.main) refers to main.o(.data.Kdy) for Kdy
    main.o(.text.main) refers to main.o(.bss.PIDy) for PIDy
    main.o(.text.main) refers to main.o(.text.PIDSetpointSet) for PIDSetpointSet
    main.o(.text.main) refers to main.o(.text.MX_GPIO_Init) for MX_GPIO_Init
    main.o(.text.main) refers to main.o(.text.MX_TIM4_Init) for MX_TIM4_Init
    main.o(.text.main) refers to main.o(.text.MX_USART2_Init) for MX_USART2_Init
    main.o(.text.main) refers to main.o(.text.MX_TIM6_Init) for MX_TIM6_Init
    main.o(.text.main) refers to main.o(.data.flat_X) for flat_X
    main.o(.text.main) refers to main.o(.data.flat_Y) for flat_Y
    main.o(.text.main) refers to main.o(.bss.htim4) for htim4
    main.o(.text.main) refers to stm32f4xx_hal_tim.o(.text.HAL_TIM_PWM_Start) for HAL_TIM_PWM_Start
    main.o(.text.main) refers to stm32f4xx_hal.o(.text.HAL_Delay) for HAL_Delay
    main.o(.text.main) refers to main.o(.bss.htim6) for htim6
    main.o(.text.main) refers to stm32f4xx_hal_tim.o(.text.HAL_TIM_Base_Start_IT) for HAL_TIM_Base_Start_IT
    main.o(.text.main) refers to main.o(.bss.PidFlag) for PidFlag
    main.o(.text.main) refers to main.o(.bss.X_touch) for X_touch
    main.o(.text.main) refers to main.o(.bss.Y_touch) for Y_touch
    main.o(.text.main) refers to main.o(.text.read_touch_cal) for read_touch_cal
    main.o(.text.main) refers to main.o(.bss.PIDcount) for PIDcount
    main.o(.text.main) refers to main.o(.bss.X_touch_last) for X_touch_last
    main.o(.text.main) refers to main.o(.bss.Y_touch_last) for Y_touch_last
    main.o(.text.main) refers to main.o(.bss.statex) for statex
    main.o(.text.main) refers to main.o(.bss.statey) for statey
    main.o(.text.main) refers to f2d.o(x$fpl$f2d) for __aeabi_f2d
    main.o(.text.main) refers to main.o(.bss.unfilteredLP) for unfilteredLP
    main.o(.text.main) refers to main.o(.bss.unfilteredABG) for unfilteredABG
    main.o(.text.main) refers to main.o(.bss.txdata) for txdata
    main.o(.text.main) refers to main.o(.rodata.str1.1) for .L.str
    main.o(.text.main) refers to sprintf.o(.text) for sprintf
    main.o(.text.main) refers to strlen.o(.text) for strlen
    main.o(.text.main) refers to main.o(.bss.husart2) for husart2
[...]
    _printf_i                                0x08000267   Thumb Code     0  _printf_i.o(.ARM.Collect$$_printf_percent$$00000008)
    _printf_d                                0x0800026d   Thumb Code     0  _printf_d.o(.ARM.Collect$$_printf_percent$$00000009)
    _printf_u                                0x08000273   Thumb Code     0  _printf_u.o(.ARM.Collect$$_printf_percent$$0000000A)
    _printf_o                                0x08000279   Thumb Code     0  _printf_o.o(.ARM.Collect$$_printf_percent$$0000000B)
    _printf_x                                0x0800027f   Thumb Code     0  _printf_x.o(.ARM.Collect$$_printf_percent$$0000000C)
    _printf_lli                              0x08000285   Thumb Code     0  _printf_lli.o(.ARM.Collect$$_printf_percent$$0000000D)
    _printf_lld                              0x0800028b   Thumb Code     0  _printf_lld.o(.ARM.Collect$$_printf_percent$$0000000E)
    _printf_llu                              0x08000291   Thumb Code     0  _printf_llu.o(.ARM.Collect$$_printf_percent$$0000000F)
    _printf_llo                              0x08000297   Thumb Code     0  _printf_llo.o(.ARM.Collect$$_printf_percent$$00000010)
    _printf_llx                              0x0800029d   Thumb Code     0  _printf_llx.o(.ARM.Collect$$_printf_percent$$00000011)
    _printf_l                                0x080002a3   Thumb Code     0  _printf_l.o(.ARM.Collect$$_printf_percent$$00000012)
    _printf_c                                0x080002ad   Thumb Code     0  _printf_c.o(.ARM.Collect$$_printf_percent$$00000013)
    _printf_s                                0x080002b3   Thumb Code     0  _printf_s.o(.ARM.Collect$$_printf_percent$$00000014)
    _printf_lc                               0x080002b9   Thumb Code     0  _printf_lc.o(.ARM.Collect$$_printf_percent$$00000015)
    _printf_ls                               0x080002bf   Thumb Code     0  _printf_ls.o(.ARM.Collect$$_printf_percent$$00000016)
    _printf_percent_end                      0x080002c5   Thumb Code     0  _printf_percent_end.o(.ARM.Collect$$_printf_percent$$00000017)
    __rt_lib_init                            0x080002c9   Thumb Code     0  libinit.o(.ARM.Collect$$libinit$$00000000)
    __rt_lib_init_fp_1                       0x080002cb   Thumb Code     0  libinit2.o(.ARM.Collect$$libinit$$00000001)
    __rt_lib_init_heap_1                     0x080002cf   Thumb Code     0  libinit2.o(.ARM.Collect$$libinit$$0000000A)
    __rt_lib_init_lc_common                  0x080002cf   Thumb Code     0  libinit2.o(.ARM.Collect$$libinit$$0000000F)
    __rt_lib_init_preinit_1                  0x080002cf   Thumb Code     0  libinit2.o(.ARM.Collect$$libinit$$00000004)
    __rt_lib_init_rand_1                     0x080002cf   Thumb Code     0  libinit2.o(.ARM.Collect$$libinit$$0000000E)
    __rt_lib_init_user_alloc_1               0x080002cf   Thumb Code     0  libinit2.o(.ARM.Collect$$libinit$$0000000C)
    __rt_lib_init_lc_collate_1               0x080002d5   Thumb Code     0  libinit2.o(.ARM.Collect$$libinit$$00000011)
    __rt_lib_init_lc_ctype_2                 0x080002d5   Thumb Code     0  libinit2.o(.ARM.Collect$$libinit$$00000012)
    __rt_lib_init_lc_ctype_1                 0x080002e1   Thumb Code     0  libinit2.o(.ARM.Collect$$libinit$$00000013)
    __rt_lib_init_lc_monetary_1              0x080002e1   Thumb Code     0  libinit2.o(.ARM.Collect$$libinit$$00000015)
    __rt_lib_init_lc_numeric_2               0x080002e1   Thumb Code     0  libinit2.o(.ARM.Collect$$libinit$$00000016)
    __rt_lib_init_alloca_1                   0x080002eb   Thumb Code     0  libinit2.o(.ARM.Collect$$libinit$$0000002E)
    __rt_lib_init_argv_1                     0x080002eb   Thumb Code     0  libinit2.o(.ARM.Collect$$libinit$$0000002C)
    __rt_lib_init_atexit_1                   0x080002eb   Thumb Code     0  libinit2.o(.ARM.Collect$$libinit$$0000001B)
    __rt_lib_init_clock_1                    0x080002eb   Thumb Code     0  libinit2.o(.ARM.Collect$$libinit$$00000021)
    __rt_lib_init_cpp_1                      0x080002eb   Thumb Code     0  libinit2.o(.ARM.Collect$$libinit$$00000032)
    __rt_lib_init_exceptions_1               0x080002eb   Thumb Code     0  libinit2.o(.ARM.Collect$$libinit$$00000030)
    __rt_lib_init_fp_trap_1                  0x080002eb   Thumb Code     0  libinit2.o(.ARM.Collect$$libinit$$0000001F)
    __rt_lib_init_getenv_1                   0x080002eb   Thumb Code     0  libinit2.o(.ARM.Collect$$libinit$$00000023)
    __rt_lib_init_lc_numeric_1               0x080002eb   Thumb Code     0  libinit2.o(.ARM.Collect$$libinit$$00000017)
    __rt_lib_init_lc_time_1                  0x080002eb   Thumb Code     0  libinit2.o(.ARM.Collect$$libinit$$00000019)
    __rt_lib_init_return                     0x080002eb   Thumb Code     0  libinit2.o(.ARM.Collect$$libinit$$00000033)
    __rt_lib_init_signal_1                   0x080002eb   Thumb Code     0  libinit2.o(.ARM.Collect$$libinit$$0000001D)
    __rt_lib_init_stdio_1                    0x080002eb   Thumb Code     0  libinit2.o(.ARM.Collect$$libinit$$00000025)
    __rt_lib_shutdown                        0x080002ed   Thumb Code     0  libshutdown.o(.ARM.Collect$$libshutdown$$00000000)
    __rt_lib_shutdown_cpp_1                  0x080002ef   Thumb Code     0  libshutdown2.o(.ARM.Collect$$libshutdown$$00000002)
    __rt_lib_shutdown_fp_trap_1              0x080002ef   Thumb Code     0  libshutdown2.o(.ARM.Collect$$libshutdown$$00000007)
    __rt_lib_shutdown_heap_1                 0x080002ef   Thumb Code     0  libshutdown2.o(.ARM.Collect$$libshutdown$$0000000F)
    __rt_lib_shutdown_return                 0x080002ef   Thumb Code     0  libshutdown2.o(.ARM.Collect$$libshutdown$$00000010)
    __rt_lib_shutdown_signal_1               0x080002ef   Thumb Code     0  libshutdown2.o(.ARM.Collect$$libshutdown$$0000000A)
    __rt_lib_shutdown_stdio_1                0x080002ef   Thumb Code     0  libshutdown2.o(.ARM.Collect$$libshutdown$$00000004)
    __rt_lib_shutdown_user_alloc_1           0x080002ef   Thumb Code     0  libshutdown2.o(.ARM.Collect$$libshutdown$$0000000C)
    __rt_entry                               0x080002f1   Thumb Code     0  __rtentry.o(.ARM.Collect$$rtentry$$00000000)
    __rt_entry_presh_1                       0x080002f1   Thumb Code     0  __rtentry2.o(.ARM.Collect$$rtentry$$00000002)
    __rt_entry_sh                            0x080002f1   Thumb Code     0  __rtentry4.o(.ARM.Collect$$rtentry$$00000004)
    __rt_entry_li                            0x080002f7   Thumb Code     0  __rtentry2.o(.ARM.Collect$$rtentry$$0000000A)
    __rt_entry_postsh_1                      0x080002f7   Thumb Code     0  __rtentry2.o(.ARM.Collect$$rtentry$$00000009)
    __rt_entry_main                          0x080002fb   Thumb Code     0  __rtentry2.o(.ARM.Collect$$rtentry$$0000000D)
    __rt_entry_postli_1                      0x080002fb   Thumb Code     0  __rtentry2.o(.ARM.Collect$$rtentry$$0000000C)
    __rt_exit                                0x08000303   Thumb Code     0  rtexit.o(.ARM.Collect$$rtexit$$00000000)
    __rt_exit_ls                             0x08000305   Thumb Code     0  rtexit2.o(.ARM.Collect$$rtexit$$00000003)
    __rt_exit_prels_1                        0x08000305   Thumb Code     0  rtexit2.o(.ARM.Collect$$rtexit$$00000002)
    __rt_exit_exit                           0x08000309   Thumb Code     0  rtexit2.o(.ARM.Collect$$rtexit$$00000004)
    Reset_Handler                            0x08000311   Thumb Code     8  startup_stm32f446xx.o(.text)
    ADC_IRQHandler                           0x0800032b   Thumb Code     0  startup_stm32f446xx.o(.text)
    CAN1_RX0_IRQHandler                      0x0800032b   Thumb Code     0  startup_stm32f446xx.o(.text)
    CAN1_RX1_IRQHandler                      0x0800032b   Thumb Code     0  startup_stm32f446xx.o(.text)
    CAN1_SCE_IRQHandler                      0x0800032b   Thumb Code     0  startup_stm32f446xx.o(.text)
    CAN1_TX_IRQHandler                       0x0800032b   Thumb Code     0  startup_stm32f446xx.o(.text)
    CAN2_RX0_IRQHandler                      0x0800032b   Thumb Code     0  startup_stm32f446xx.o(.text)
    CAN2_RX1_IRQHandler                      0x0800032b   Thumb Code     0  startup_stm32f446xx.o(.text)
    CAN2_SCE_IRQHandler                      0x0800032b   Thumb Code     0  startup_stm32f446xx.o(.text)
    CAN2_TX_IRQHandler                       0x0800032b   Thumb Code     0  startup_stm32f446xx.o(.text)
    CEC_IRQHandler                           0x0800032b   Thumb Code     0  startup_stm32f446xx.o(.text)
    DCMI_IRQHandler                          0x0800032b   Thumb Code     0  startup_stm32f446xx.o(.text)
    DMA1_Stream0_IRQHandler                  0x0800032b   Thumb Code     0  startup_stm32f446xx.o(.text)
    DMA1_Stream1_IRQHandler                  0x0800032b   Thumb Code     0  startup_stm32f446xx.o(.text)
    DMA1_Stream2_IRQHandler                  0x0800032b   Thumb Code     0  startup_stm32f446xx.o(.text)
    DMA1_Stream3_IRQHandler                  0x0800032b   Thumb Code     0  startup_stm32f446xx.o(.text)
    DMA1_Stream4_IRQHandler                  0x0800032b   Thumb Code     0  startup_stm32f446xx.o(.text)
    DMA1_Stream5_IRQHandler                  0x0800032b   Thumb Code     0  startup_stm32f446xx.o(.text)
    DMA1_Stream6_IRQHandler                  0x0800032b   Thumb Code     0  startup_stm32f446xx.o(.text)
    DMA1_Stream7_IRQHandler                  0x0800032b   Thumb Code     0  startup_stm32f446xx.o(.text)
    DMA2_Stream0_IRQHandler                  0x0800032b   Thumb Code     0  startup_stm32f446xx.o(.text)
    DMA2_Stream1_IRQHandler                  0x0800032b   Thumb Code     0  startup_stm32f446xx.o(.text)
    DMA2_Stream2_IRQHandler                  0x0800032b   Thumb Code     0  startup_stm32f446xx.o(.text)
    DMA2_Stream3_IRQHandler                  0x0800032b   Thumb Code     0  startup_stm32f446xx.o(.text)
    DMA2_Stream4_IRQHandler                  0x0800032b   Thumb Code     0  startup_stm32f446xx.o(.text)
    DMA2_Stream5_IRQHandler                  0x0800032b   Thumb Code     0  startup_stm32f446xx.o(.text)
    DMA2_Stream6_IRQHandler                  0x0800032b   Thumb Code     0  startup_stm32f446xx.o(.text)
    DMA2_Stream7_IRQHandler                  0x0800032b   Thumb Code     0  startup_stm32f446xx.o(.text)
    EXTI0_IRQHandler                         0x0800032b   Thumb Code     0  startup_stm32f446xx.o(.text)
    EXTI15_10_IRQHandler                     0x0800032b   Thumb Code     0  startup_stm32f446xx.o(.text)
    EXTI1_IRQHandler                         0x0800032b   Thumb Code     0  startup_stm32f446xx.o(.text)
    EXTI2_IRQHandler                         0x0800032b   Thumb Code     0  startup_stm32f446xx.o(.text)
    EXTI3_IRQHandler                         0x0800032b   Thumb Code     0  startup_stm32f446xx.o(.text)
    EXTI4_IRQHandler                         0x0800032b   Thumb Code     0  startup_stm32f446xx.o(.text)
    EXTI9_5_IRQHandler                       0x0800032b   Thumb Code     0  startup_stm32f446xx.o(.text)
    FLASH_IRQHandler                         0x0800032b   Thumb Code     0  startup_stm32f446xx.o(.text)
    FMC_IRQHandler                           0x0800032b   Thumb Code     0  startup_stm32f446xx.o(.text)
    FMPI2C1_ER_IRQHandler                    0x0800032b   Thumb Code     0  startup_stm32f446xx.o(.text)
    FMPI2C1_EV_IRQHandler                    0x0800032b   Thumb Code     0  startup_stm32f446xx.o(.text)
    FPU_IRQHandler                           0x0800032b   Thumb Code     0  startup_stm32f446xx.o(.text)
    I2C1_ER_IRQHandler                       0x0800032b   Thumb Code     0  startup_stm32f446xx.o(.text)
    I2C1_EV_IRQHandler                       0x0800032b   Thumb Code     0  startup_stm32f446xx.o(.text)
    I2C2_ER_IRQHandler                       0x0800032b   Thumb Code     0  startup_stm32f446xx.o(.text)
    I2C2_EV_IRQHandler                       0x0800032b   Thumb Code     0  startup_stm32f446xx.o(.text)
    I2C3_ER_IRQHandler                       0x0800032b   Thumb Code     0  startup_stm32f446xx.o(.text)
    I2C3_EV_IRQHandler                       0x0800032b   Thumb Code     0  startup_stm32f446xx.o(.text)
    OTG_FS_IRQHandler                        0x0800032b   Thumb Code     0  startup_stm32f446xx.o(.text)
    OTG_FS_WKUP_IRQHandler                   0x0800032b   Thumb Code     0  startup_stm32f446xx.o(.text)
    OTG_HS_EP1_IN_IRQHandler                 0x0800032b   Thumb Code     0  startup_stm32f446xx.o(.text)
    OTG_HS_EP1_OUT_IRQHandler                0x0800032b   Thumb Code     0  startup_stm32f446xx.o(.text)
    OTG_HS_IRQHandler                        0x0800032b   Thumb Code     0  startup_stm32f446xx.o(.text)
    OTG_HS_WKUP_IRQHandler                   0x0800032b   Thumb Code     0  startup_stm32f446xx.o(.text)
    PVD_IRQHandler                           0x0800032b   Thumb Code     0  startup_stm32f446xx.o(.text)
    QUADSPI_IRQHandler                       0x0800032b   Thumb Code     0  startup_stm32f446xx.o(.text)
    RCC_IRQHandler                           0x0800032b   Thumb Code     0  startup_stm32f446xx.o(.text)
    RTC_Alarm_IRQHandler                     0x0800032b   Thumb Code     0  startup_stm32f446xx.o(.text)
    RTC_WKUP_IRQHandler                      0x0800032b   Thumb Code     0  startup_stm32f446xx.o(.text)
    SAI1_IRQHandler                          0x0800032b   Thumb Code     0  startup_stm32f446xx.o(.text)
    SAI2_IRQHandler                          0x0800032b   Thumb Code     0  startup_stm32f446xx.o(.text)
    SDIO_IRQHandler                          0x0800032b   Thumb Code     0  startup_stm32f446xx.o(.text)
    SPDIF_RX_IRQHandler                      0x0800032b   Thumb Code     0  startup_stm32f446xx.o(.text)
    SPI1_IRQHandler                          0x0800032b   Thumb Code     0  startup_stm32f446xx.o(.text)
    SPI2_IRQHandler                          0x0800032b   Thumb Code     0  startup_stm32f446xx.o(.text)
    SPI3_IRQHandler                          0x0800032b   Thumb Code     0  startup_stm32f446xx.o(.text)
    SPI4_IRQHandler                          0x0800032b   Thumb Code     0  startup_stm32f446xx.o(.text)
    TAMP_STAMP_IRQHandler                    0x0800032b   Thumb Code     0  startup_stm32f446xx.o(.text)
    TIM1_BRK_TIM9_IRQHandler                 0x0800032b   Thumb Code     0  startup_stm32f446xx.o(.text)
    TIM1_CC_IRQHandler                       0x0800032b   Thumb Code     0  startup_stm32f446xx.o(.text)
    TIM1_TRG_COM_TIM11_IRQHandler            0x0800032b   Thumb Code     0  startup_stm32f446xx.o(.text)
    TIM1_UP_TIM10_IRQHandler                 0x0800032b   Thumb Code     0  startup_stm32f446xx.o(.text)
    TIM2_IRQHandler                          0x0800032b   Thumb Code     0  startup_stm32f446xx.o(.text)
    TIM3_IRQHandler                          0x0800032b   Thumb Code     0  startup_stm32f446xx.o(.text)
    TIM4_IRQHandler                          0x0800032b   Thumb Code     0  startup_stm32f446xx.o(.text)
    TIM5_IRQHandler                          0x0800032b   Thumb Code     0  startup_stm32f446xx.o(.text)
    TIM7_IRQHandler                          0x0800032b   Thumb Code     0  startup_stm32f446xx.o(.text)
    TIM8_BRK_TIM12_IRQHandler                0x0800032b   Thumb Code     0  startup_stm32f446xx.o(.text)
    TIM8_CC_IRQHandler                       0x0800032b   Thumb Code     0  startup_stm32f446xx.o(.text)
    TIM8_TRG_COM_TIM14_IRQHandler            0x0800032b   Thumb Code     0  startup_stm32f446xx.o(.text)
    TIM8_UP_TIM13_IRQHandler                 0x0800032b   Thumb Code     0  startup_stm32f446xx.o(.text)
    UART4_IRQHandler                         0x0800032b   Thumb Code     0  startup_stm32f446xx.o(.text)
    UART5_IRQHandler                         0x0800032b   Thumb Code     0  startup_stm32f446xx.o(.text)
    USART1_IRQHandler                        0x0800032b   Thumb Code     0  startup_stm32f446xx.o(.text)
    USART2_IRQHandler                        0x0800032b   Thumb Code     0  startup_stm32f446xx.o(.text)
    USART3_IRQHandler                        0x0800032b   Thumb Code     0  startup_stm32f446xx.o(.text)
    USART6_IRQHandler                        0x0800032b   Thumb Code     0  startup_stm32f446xx.o(.text)
    WWDG_IRQHandler                          0x0800032b   Thumb Code     0  startup_stm32f446xx.o(.text)
    __user_initial_stackheap                 0x0800032d   Thumb Code     0  startup_stm32f446xx.o(.text)
    __aeabi_uldivmod                         0x08000351   Thumb Code     0  lludivv7m.o(.text)
    _ll_udiv                                 0x08000351   Thumb Code   240  lludivv7m.o(.text)
    sprintf                                  0x08000441   Thumb Code    38  sprintf.o(.text)
    strlen                                   0x0800046d   Thumb Code    62  strlen.o(.text)
    __aeabi_memclr4                          0x080004ab   Thumb Code     0  rt_memclr_w.o(.text)
    __aeabi_memclr8                          0x080004ab   Thumb Code     0  rt_memclr_w.o(.text)
    __rt_memclr_w                            0x080004ab   Thumb Code     0  rt_memclr_w.o(.text)
    _memset_w                                0x080004af   Thumb Code    74  rt_memclr_w.o(.text)
    __use_two_region_memory                  0x080004f9   Thumb Code     2  heapauxi.o(.text)
    __rt_heap_escrow$2region                 0x080004fb   Thumb Code     2  heapauxi.o(.text)
    __rt_heap_expand$2region                 0x080004fd   Thumb Code     2  heapauxi.o(.text)
    __read_errno                             0x080004ff   Thumb Code    10  _rserrno.o(.text)
    __set_errno                              0x08000509   Thumb Code    12  _rserrno.o(.text)
    _printf_pre_padding                      0x08000515   Thumb Code    44  _printf_pad.o(.text)
    _printf_post_padding                     0x08000541   Thumb Code    34  _printf_pad.o(.text)
    _printf_truncate_signed                  0x08000563   Thumb Code    18  _printf_truncate.o(.text)
    _printf_truncate_unsigned                0x08000575   Thumb Code    18  _printf_truncate.o(.text)
    _printf_str                              0x08000587   Thumb Code    82  _printf_str.o(.text)
    _printf_int_dec                          0x080005d9   Thumb Code   104  _printf_dec.o(.text)
    _printf_charcount                        0x08000651   Thumb Code    40  _printf_charcount.o(.text)
    _printf_char_common                      0x08000683   Thumb Code    32  _printf_char_common.o(.text)
    _sputc                                   0x080006a9   Thumb Code    10  _sputc.o(.text)
    _printf_wctomb                           0x080006b5   Thumb Code   182  _printf_wctomb.o(.text)
    _printf_longlong_dec                     0x08000771   Thumb Code   108  _printf_longlong_dec.o(.text)
    _printf_longlong_oct                     0x080007ed   Thumb Code    68  _printf_oct_int_ll.o(.text)
    _printf_int_oct                          0x08000831   Thumb Code    24  _printf_oct_int_ll.o(.text)
    _printf_ll_oct                           0x08000849   Thumb Code    12  _printf_oct_int_ll.o(.text)
    _printf_longlong_hex                     0x0800085d   Thumb Code    86  _printf_hex_int_ll_ptr.o(.text)
    _printf_int_hex                          0x080008b3   Thumb Code    28  _printf_hex_int_ll_ptr.o(.text)
    _printf_ll_hex                           0x080008cf   Thumb Code    12  _printf_hex_int_ll_ptr.o(.text)
    _printf_hex_ptr                          0x080008db   Thumb Code    18  _printf_hex_int_ll_ptr.o(.text)
    __printf                                 0x080008f1   Thumb Code   388  __printf_flags_ss_wp.o(.text)
    __aeabi_errno_addr                       0x08000a79   Thumb Code     8  rt_errno_addr_intlibspace.o(.text)
    __errno$intlibspace                      0x08000a79   Thumb Code     0  rt_errno_addr_intlibspace.o(.text)
    __rt_errno_addr$intlibspace              0x08000a79   Thumb Code     0  rt_errno_addr_intlibspace.o(.text)
    _ll_udiv10                               0x08000a81   Thumb Code   138  lludiv10.o(.text)
    _printf_int_common                       0x08000b0b   Thumb Code   178  _printf_intcommon.o(.text)
    _printf_fp_dec_real                      0x08000d6d   Thumb Code   620  _printf_fp_dec.o(.text)
    _printf_fp_hex_real                      0x08000fd9   Thumb Code   756  _printf_fp_hex.o(.text)
    _printf_cs_common                        0x080012d5   Thumb Code    20  _printf_char.o(.text)
    _printf_char                             0x080012e9   Thumb Code    16  _printf_char.o(.text)
    _printf_string                           0x080012f9   Thumb Code     8  _printf_char.o(.text)
    _printf_lcs_common                       0x08001301   Thumb Code    20  _printf_wchar.o(.text)
    _printf_wchar                            0x08001315   Thumb Code    16  _printf_wchar.o(.text)
    _printf_wstring                          0x08001325   Thumb Code     8  _printf_wchar.o(.text)
    _c16rtomb                                0x0800132d   Thumb Code    72  _c16rtomb.o(.text)
    _wcrtomb                                 0x0800132d   Thumb Code     0  _c16rtomb.o(.text)
    __user_libspace                          0x08001375   Thumb Code     8  libspace.o(.text)
    __user_perproc_libspace                  0x08001375   Thumb Code     0  libspace.o(.text)
    __user_perthread_libspace                0x08001375   Thumb Code     0  libspace.o(.text)
    __user_setup_stackheap                   0x0800137d   Thumb Code    74  sys_stackheap_outer.o(.text)
    __rt_ctype_table                         0x080013c9   Thumb Code    16  rt_ctype_table.o(.text)
    __rt_locale                              0x080013d9   Thumb Code     8  rt_locale_intlibspace.o(.text)
    _printf_fp_infnan                        0x080013e1   Thumb Code   112  _printf_fp_infnan.o(.text)
    _btod_etento                             0x08001461   Thumb Code   224  bigflt0.o(.text)
    exit                                     0x08001545   Thumb Code    18  exit.o(.text)
    strcmp                                   0x08001559   Thumb Code   124  strcmpv7em.o(.text)
    _sys_exit                                0x080015d5   Thumb Code     8  sys_exit.o(.text)
    __I$use$semihosting                      0x080015e1   Thumb Code     0  use_no_semi.o(.text)
    __use_no_semihosting_swi                 0x080015e1   Thumb Code     2  use_no_semi.o(.text)
    __semihosting_library_function           0x080015e3   Thumb Code     0  indicate_semi.o(.text)
    ADCfilterX                               0x080015e9   Thumb Code   912  main.o(.text.ADCfilterX)
    ADCfilterY                               0x08001979   Thumb Code   832  main.o(.text.ADCfilterY)
    BusFault_Handler                         0x08001cb9   Thumb Code     4  stm32f4xx_it.o(.text.BusFault_Handler)
    DebugMon_Handler                         0x08001cbd   Thumb Code     2  stm32f4xx_it.o(.text.DebugMon_Handler)
    Error_Handler                            0x08001cc1   Thumb Code    14  main.o(.text.Error_Handler)
    HAL_Delay                                0x08001cd1   Thumb Code    66  stm32f4xx_hal.o(.text.HAL_Delay)
    HAL_GPIO_Init                            0x08001d15   Thumb Code   924  stm32f4xx_hal_gpio.o(.text.HAL_GPIO_Init)
    HAL_GPIO_WritePin                        0x080020b1   Thumb Code    46  stm32f4xx_hal_gpio.o(.text.HAL_GPIO_WritePin)
    HAL_GetTick                              0x080020e1   Thumb Code    12  stm32f4xx_hal.o(.text.HAL_GetTick)
    HAL_IncTick                              0x080020ed   Thumb Code    26  stm32f4xx_hal.o(.text.HAL_IncTick)
    HAL_Init                                 0x08002109   Thumb Code    60  stm32f4xx_hal.o(.text.HAL_Init)
    HAL_InitTick                             0x08002145   Thumb Code   112  stm32f4xx_hal.o(.text.HAL_InitTick)
    HAL_MspInit                              0x080021b5   Thumb Code    74  stm32f4xx_hal_msp.o(.text.HAL_MspInit)
    HAL_NVIC_EnableIRQ                       0x08002201   Thumb Code    20  stm32f4xx_hal_cortex.o(.text.HAL_NVIC_EnableIRQ)
    HAL_NVIC_SetPriority                     0x08002215   Thumb Code    50  stm32f4xx_hal_cortex.o(.text.HAL_NVIC_SetPriority)
    HAL_NVIC_SetPriorityGrouping             0x08002249   Thumb Code    16  stm32f4xx_hal_cortex.o(.text.HAL_NVIC_SetPriorityGrouping)
    HAL_RCC_ClockConfig                      0x08002259   Thumb Code   610  stm32f4xx_hal_rcc.o(.text.HAL_RCC_ClockConfig)
    HAL_RCC_GetHCLKFreq                      0x080024bd   Thumb Code    12  stm32f4xx_hal_rcc.o(.text.HAL_RCC_GetHCLKFreq)
    HAL_RCC_GetPCLK1Freq                     0x080024c9   Thumb Code    34  stm32f4xx_hal_rcc.o(.text.HAL_RCC_GetPCLK1Freq)
    HAL_RCC_GetPCLK2Freq                     0x080024ed   Thumb Code    34  stm32f4xx_hal_rcc.o(.text.HAL_RCC_GetPCLK2Freq)
    HAL_RCC_GetSysClockFreq                  0x08002511   Thumb Code   368  stm32f4xx_hal_rcc_ex.o(.text.HAL_RCC_GetSysClockFreq)
    HAL_RCC_OscConfig                        0x08002681   Thumb Code  1660  stm32f4xx_hal_rcc_ex.o(.text.HAL_RCC_OscConfig)
    HAL_SYSTICK_Config                       0x08002cfd   Thumb Code    16  stm32f4xx_hal_cortex.o(.text.HAL_SYSTICK_Config)
    HAL_TIMEx_BreakCallback                  0x08002d0d   Thumb Code     8  stm32f4xx_hal_tim_ex.o(.text.HAL_TIMEx_BreakCallback)
    HAL_TIMEx_CommutCallback                 0x08002d15   Thumb Code     8  stm32f4xx_hal_tim_ex.o(.text.HAL_TIMEx_CommutCallback)
    HAL_TIMEx_MasterConfigSynchronization    0x08002d1d   Thumb Code   290  stm32f4xx_hal_tim_ex.o(.text.HAL_TIMEx_MasterConfigSynchronization)
    HAL_TIM_Base_Init                        0x08002e41   Thumb Code    88  stm32f4xx_hal_tim.o(.text.HAL_TIM_Base_Init)
    HAL_TIM_Base_MspInit                     0x08002e99   Thumb Code   138  stm32f4xx_hal_msp.o(.text.HAL_TIM_Base_MspInit)
    HAL_TIM_Base_Start_IT                    0x08002f25   Thumb Code    56  stm32f4xx_hal_tim.o(.text.HAL_TIM_Base_Start_IT)
    HAL_TIM_ConfigClockSource                0x08002f5d   Thumb Code   374  stm32f4xx_hal_tim.o(.text.HAL_TIM_ConfigClockSource)
    HAL_TIM_IC_CaptureCallback               0x080030d5   Thumb Code     8  stm32f4xx_hal_tim.o(.text.HAL_TIM_IC_CaptureCallback)
    HAL_TIM_IRQHandler                       0x080030dd   Thumb Code   634  stm32f4xx_hal_tim.o(.text.HAL_TIM_IRQHandler)
    HAL_TIM_MspPostInit                      0x08003359   Thumb Code   106  stm32f4xx_hal_msp.o(.text.HAL_TIM_MspPostInit)
    HAL_TIM_OC_DelayElapsedCallback          0x080033c5   Thumb Code     8  stm32f4xx_hal_tim.o(.text.HAL_TIM_OC_DelayElapsedCallback)
    HAL_TIM_PWM_ConfigChannel                0x080033cd   Thumb Code   324  stm32f4xx_hal_tim.o(.text.HAL_TIM_PWM_ConfigChannel)
    HAL_TIM_PWM_Init                         0x08003511   Thumb Code    88  stm32f4xx_hal_tim.o(.text.HAL_TIM_PWM_Init)
    HAL_TIM_PWM_MspInit                      0x08003569   Thumb Code     8  stm32f4xx_hal_tim.o(.text.HAL_TIM_PWM_MspInit)
    HAL_TIM_PWM_PulseFinishedCallback        0x08003571   Thumb Code     8  stm32f4xx_hal_tim.o(.text.HAL_TIM_PWM_PulseFinishedCallback)
    HAL_TIM_PWM_Start                        0x08003579   Thumb Code   128  stm32f4xx_hal_tim.o(.text.HAL_TIM_PWM_Start)
    HAL_TIM_PeriodElapsedCallback            0x080035f9   Thumb Code    38  main.o(.text.HAL_TIM_PeriodElapsedCallback)
    HAL_TIM_TriggerCallback                  0x08003621   Thumb Code     8  stm32f4xx_hal_tim.o(.text.HAL_TIM_TriggerCallback)
    HAL_USART_Init                           0x08003629   Thumb Code   124  stm32f4xx_hal_usart.o(.text.HAL_USART_Init)
    HAL_USART_MspInit                        0x080036a5   Thumb Code   142  stm32f4xx_hal_msp.o(.text.HAL_USART_MspInit)
    HAL_USART_Transmit                       0x08003735   Thumb Code   352  stm32f4xx_hal_usart.o(.text.HAL_USART_Transmit)
    HardFault_Handler                        0x08003895   Thumb Code     4  stm32f4xx_it.o(.text.HardFault_Handler)
    LPfilterX                                0x08003899   Thumb Code    66  main.o(.text.LPfilterX)
    LPfilterY                                0x080038dd   Thumb Code    66  main.o(.text.LPfilterY)
    MemManage_Handler                        0x08003b61   Thumb Code     4  stm32f4xx_it.o(.text.MemManage_Handler)
    NMI_Handler                              0x08003b65   Thumb Code     4  stm32f4xx_it.o(.text.NMI_Handler)
    PIDCompute                               0x08003bd5   Thumb Code   348  main.o(.text.PIDCompute)
    PIDInit                                  0x08003d31   Thumb Code   162  main.o(.text.PIDInit)
    PIDInputSet                              0x08003dd5   Thumb Code    18  main.o(.text.PIDInputSet)
    PIDOutputGet                             0x08003de9   Thumb Code    14  main.o(.text.PIDOutputGet)
    PIDOutputLimitsSet                       0x08003df9   Thumb Code   256  main.o(.text.PIDOutputLimitsSet)
    PIDSetpointSet                           0x08003ef9   Thumb Code    18  main.o(.text.PIDSetpointSet)
    PIDTuningsSet                            0x08003f0d   Thumb Code   186  main.o(.text.PIDTuningsSet)
    PendSV_Handler                           0x08003fc9   Thumb Code     2  stm32f4xx_it.o(.text.PendSV_Handler)
    SVC_Handler                              0x08003fcd   Thumb Code     2  stm32f4xx_it.o(.text.SVC_Handler)
    SysTick_Handler                          0x08004025   Thumb Code     8  stm32f4xx_it.o(.text.SysTick_Handler)
    SystemClock_Config                       0x0800402d   Thumb Code   182  main.o(.text.SystemClock_Config)
    SystemInit                               0x080040e5   Thumb Code    32  system_stm32f4xx.o(.text.SystemInit)
    TIM6_DAC_IRQHandler                      0x08004105   Thumb Code    16  stm32f4xx_it.o(.text.TIM6_DAC_IRQHandler)
    TIM_Base_SetConfig                       0x08004115   Thumb Code   410  stm32f4xx_hal_tim.o(.text.TIM_Base_SetConfig)
    TIM_CCxChannelCmd                        0x080042b1   Thumb Code    54  stm32f4xx_hal_tim.o(.text.TIM_CCxChannelCmd)
    TIM_ETR_SetConfig                        0x080042e9   Thumb Code    52  stm32f4xx_hal_tim.o(.text.TIM_ETR_SetConfig)
    TIM_OC2_SetConfig                        0x08004435   Thumb Code   244  stm32f4xx_hal_tim.o(.text.TIM_OC2_SetConfig)
    Touch_Init                               0x08004765   Thumb Code   138  main.o(.text.Touch_Init)
    UsageFault_Handler                       0x080049fd   Thumb Code     4  stm32f4xx_it.o(.text.UsageFault_Handler)
    main                                     0x08004ac1   Thumb Code  1164  main.o(.text.main)
    median                                   0x08004f4d   Thumb Code   136  main.o(.text.median)
    read_touchX                              0x08004fd5   Thumb Code   170  main.o(.text.read_touchX)
    read_touchY                              0x08005081   Thumb Code   162  main.o(.text.read_touchY)
    read_touch_cal                           0x08005129   Thumb Code   584  main.o(.text.read_touch_cal)
    _btod_d2e                                0x08005371   Thumb Code    62  btod.o(CL$$btod_d2e)
    _d2e_denorm_low                          0x080053af   Thumb Code    70  btod.o(CL$$btod_d2e_denorm_low)
    _d2e_norm_op1                            0x080053f5   Thumb Code    96  btod.o(CL$$btod_d2e_norm_op1)
    __btod_div_common                        0x08005455   Thumb Code   696  btod.o(CL$$btod_div_common)
    _e2e                                     0x0800578d   Thumb Code   220  btod.o(CL$$btod_e2e)
    _btod_ediv                               0x08005869   Thumb Code    42  btod.o(CL$$btod_ediv)
    _btod_emul                               0x08005893   Thumb Code    42  btod.o(CL$$btod_emul)
    __btod_mult_common                       0x080058bd   Thumb Code   580  btod.o(CL$$btod_mult_common)
    __ARM_fpclassify                         0x08005b01   Thumb Code    48  fpclassify.o(i.__ARM_fpclassify)
    __hardfp_pow                             0x08005b31   Thumb Code  3088  pow.o(i.__hardfp_pow)
    __kernel_poly                            0x08006791   Thumb Code   248  poly.o(i.__kernel_poly)
    __mathlib_dbl_divzero                    0x08006889   Thumb Code    28  dunder.o(i.__mathlib_dbl_divzero)
    __mathlib_dbl_infnan2                    0x080068b9   Thumb Code    20  dunder.o(i.__mathlib_dbl_infnan2)
    __mathlib_dbl_invalid                    0x080068d1   Thumb Code    24  dunder.o(i.__mathlib_dbl_invalid)
    __mathlib_dbl_overflow                   0x080068f1   Thumb Code    24  dunder.o(i.__mathlib_dbl_overflow)
    __mathlib_dbl_underflow                  0x08006911   Thumb Code    24  dunder.o(i.__mathlib_dbl_underflow)
    _is_digit                                0x08006931   Thumb Code    14  __printf_wp.o(i._is_digit)
    fabs                                     0x0800693f   Thumb Code    24  fabs.o(i.fabs)
    sqrt                                     0x08006957   Thumb Code   110  sqrt.o(i.sqrt)
    _get_lc_numeric                          0x080069c5   Thumb Code    44  lc_numeric_c.o(locale$$code)
    _get_lc_ctype                            0x080069f1   Thumb Code    44  lc_ctype_c.o(locale$$code)
    __aeabi_dneg                             0x08006a1d   Thumb Code     0  basic.o(x$fpl$basic)
    _dneg                                    0x08006a1d   Thumb Code     6  basic.o(x$fpl$basic)
    __aeabi_fneg                             0x08006a23   Thumb Code     0  basic.o(x$fpl$basic)
    _fneg                                    0x08006a23   Thumb Code     6  basic.o(x$fpl$basic)
    _dabs                                    0x08006a29   Thumb Code     6  basic.o(x$fpl$basic)
    _fabs                                    0x08006a2f   Thumb Code     6  basic.o(x$fpl$basic)
    __aeabi_d2f                              0x08006a35   Thumb Code     0  d2f.o(x$fpl$d2f)
    _d2f                                     0x08006a35   Thumb Code    98  d2f.o(x$fpl$d2f)
    __aeabi_dadd                             0x08006a99   Thumb Code     0  daddsub_clz.o(x$fpl$dadd)
    _dadd                                    0x08006a99   Thumb Code   332  daddsub_clz.o(x$fpl$dadd)
    __fpl_dcheck_NaN1                        0x08006be9   Thumb Code    10  dcheck1.o(x$fpl$dcheck1)
    __fpl_dcmp_Inf                           0x08006bf9   Thumb Code    24  dcmpi.o(x$fpl$dcmpinf)
    __aeabi_ddiv                             0x08006c11   Thumb Code     0  ddiv.o(x$fpl$ddiv)
    _ddiv                                    0x08006c11   Thumb Code   556  ddiv.o(x$fpl$ddiv)
    __aeabi_i2d                              0x08006ec5   Thumb Code     0  dflt_clz.o(x$fpl$dflt)
    _dflt                                    0x08006ec5   Thumb Code    46  dflt_clz.o(x$fpl$dflt)
    __aeabi_cdcmple                          0x08006ef5   Thumb Code     0  dleqf.o(x$fpl$dleqf)
    _dcmple                                  0x08006ef5   Thumb Code   120  dleqf.o(x$fpl$dleqf)
    __fpl_dcmple_InfNaN                      0x08006f57   Thumb Code     0  dleqf.o(x$fpl$dleqf)
    __aeabi_dmul                             0x08006f6d   Thumb Code     0  dmul.o(x$fpl$dmul)
    _dmul                                    0x08006f6d   Thumb Code   332  dmul.o(x$fpl$dmul)
    __fpl_dnaninf                            0x080070c1   Thumb Code   156  dnaninf.o(x$fpl$dnaninf)
    __fpl_dretinf                            0x0800715d   Thumb Code    12  dretinf.o(x$fpl$dretinf)
    __aeabi_cdrcmple                         0x08007169   Thumb Code     0  drleqf.o(x$fpl$drleqf)
    _drcmple                                 0x08007169   Thumb Code   108  drleqf.o(x$fpl$drleqf)
    __aeabi_drsub                            0x080071d5   Thumb Code     0  daddsub_clz.o(x$fpl$drsb)
    _drsb                                    0x080071d5   Thumb Code    22  daddsub_clz.o(x$fpl$drsb)
    _dsqrt                                   0x080071ed   Thumb Code   404  dsqrt_umaal.o(x$fpl$dsqrt)
    __aeabi_dsub                             0x08007385   Thumb Code     0  daddsub_clz.o(x$fpl$dsub)
    _dsub                                    0x08007385   Thumb Code   472  daddsub_clz.o(x$fpl$dsub)
    __aeabi_f2d                              0x08007561   Thumb Code     0  f2d.o(x$fpl$f2d)
    _f2d                                     0x08007561   Thumb Code    86  f2d.o(x$fpl$f2d)
    __fpl_fnaninf                            0x080075b7   Thumb Code   140  fnaninf.o(x$fpl$fnaninf)
    _fp_init                                 0x08007643   Thumb Code    26  fpinit.o(x$fpl$fpinit)
    __fplib_config_fpu_vfp                   0x0800765b   Thumb Code     0  fpinit.o(x$fpl$fpinit)
    __fplib_config_pureend_doubles           0x0800765b   Thumb Code     0  fpinit.o(x$fpl$fpinit)
    __fpl_fretinf                            0x0800765d   Thumb Code    10  fretinf.o(x$fpl$fretinf)
    _printf_fp_dec                           0x08007667   Thumb Code     4  printf1.o(x$fpl$printf1)
    _printf_fp_hex                           0x0800766b   Thumb Code     4  printf2.o(x$fpl$printf2)
    __fpl_return_NaN                         0x0800766f   Thumb Code   100  retnan.o(x$fpl$retnan)
    __ARM_scalbn                             0x080076d3   Thumb Code    92  scalbn.o(x$fpl$scalbn)
    __fpl_cmpreturn                          0x0800772f   Thumb Code    48  trapv.o(x$fpl$trapveneer)
    __I$use$fp                               0x0800775e   Number         0  usenofp.o(x$fpl$usenofp)
    __mathlib_zero                           0x08007830   Data           8  qnan.o(.constdata)
    AHBPrescTable                            0x080078f4   Data          16  system_stm32f4xx.o(.rodata.AHBPrescTable)
    APBPrescTable                            0x08007904   Data           8  system_stm32f4xx.o(.rodata.APBPrescTable)
    Region$$Table$$Base                      0x0800791c   Number         0  anon$$obj.o(Region$$Table)
    Region$$Table$$Limit                     0x0800793c   Number         0  anon$$obj.o(Region$$Table)
    __ctype                                  0x08007965   Data           0  lc_ctype_c.o(locale$$data)
    Kdx                                      0x20000000   Data           4  main.o(.data.Kdx)
    Kdy                                      0x20000004   Data           4  main.o(.data.Kdy)
    Kix                                      0x20000008   Data           4  main.o(.data.Kix)
    Kiy                                      0x2000000c   Data           4  main.o(.data.Kiy)
    Kpx                                      0x20000010   Data           4  main.o(.data.Kpx)
    Kpy                                      0x20000014   Data           4  main.o(.data.Kpy)
    SampleTime                               0x20000020   Data           4  main.o(.data.SampleTime)
    SystemCoreClock                          0x20000024   Data           4  system_stm32f4xx.o(.data.SystemCoreClock)
    a                                        0x20000028   Data           4  main.o(.data.a)
    b                                        0x2000002c   Data           4  main.o(.data.b)
    flat_X                                   0x20000030   Data           4  main.o(.data.flat_X)
    flat_Y                                   0x20000034   Data           4  main.o(.data.flat_Y)
    g                                        0x20000038   Data           4  main.o(.data.g)
    uwTickFreq                               0x20000054   Data           1  stm32f4xx_hal.o(.data.uwTickFreq)
    uwTickPrio                               0x20000058   Data           4  stm32f4xx_hal.o(.data.uwTickPrio)
    __libspace_start                         0x20000060   Data          96  libspace.o(.bss)
    __temporary_stack_top$libspace           0x200000c0   Data           0  libspace.o(.bss)
    PIDcount                                 0x20000118   Data           4  main.o(.bss.PIDcount)
    PIDx                                     0x2000011c   Data          60  main.o(.bss.PIDx)
    PIDy                                     0x20000158   Data          60  main.o(.bss.PIDy)
    PidFlag                                  0x20000194   Data           1  main.o(.bss.PidFlag)
    X_touch                                  0x20000198   Data           4  main.o(.bss.X_touch)
    X_touch_last                             0x2000019c   Data           4  main.o(.bss.X_touch_last)
    Y_touch                                  0x200001a0   Data           4  main.o(.bss.Y_touch)
    Y_touch_last                             0x200001a4   Data           4  main.o(.bss.Y_touch_last)
    htim4                                    0x200001a8   Data          64  main.o(.bss.htim4)
    htim6                                    0x200001e8   Data          64  main.o(.bss.htim6)
    husart2                                  0x20000228   Data          68  main.o(.bss.husart2)
    statex                                   0x2000027c   Data           4  main.o(.bss.statex)
    statey                                   0x20000280   Data           4  main.o(.bss.statey)
    txdata                                   0x20000284   Data         100  main.o(.bss.txdata)
    unfilteredABG                            0x200002e8   Data           4  main.o(.bss.unfilteredABG)
    unfilteredLP                             0x200002ec   Data           4  main.o(.bss.unfilteredLP)
    uwTick                                   0x200002f0   Data           4  stm32f4xx_hal.o(.bss.uwTick)



==============================================================================

Memory Map of the image

  Image Entry point : 0x08000311

  Load Region LR_1 (Base: 0x08000000, Size: 0x00007ac4, Max: 0xffffffff, ABSOLUTE)

    Execution Region ER_RO (Exec base: 0x08000000, Load base: 0x08000000, Size: 0x00007a68, Max: 0xffffffff, ABSOLUTE)

    Exec Addr    Load Addr    Size         Type   Attr      Idx    E Section Name        Object

    0x08000000   0x08000000   0x000001c4   Data   RO          938    RESET               startup_stm32f446xx.o
    0x080001c4   0x080001c4   0x00000008   Code   RO          971  * !!!main             c_w.l(__main.o)
    0x080001cc   0x080001cc   0x00000034   Code   RO         1407    !!!scatter          c_w.l(__scatter.o)
    0x08000200   0x08000200   0x0000001a   Code   RO         1409    !!handler_copy      c_w.l(__scatter_copy.o)
    0x0800021a   0x0800021a   0x00000002   PAD
    0x0800021c   0x0800021c   0x0000001c   Code   RO         1411    !!handler_zi        c_w.l(__scatter_zi.o)
    0x08000238   0x08000238   0x00000000   Code   RO         1084    .ARM.Collect$$_printf_percent$$00000000  c_w.l(_printf_percent.o)
    0x08000238   0x08000238   0x00000006   Code   RO         1073    .ARM.Collect$$_printf_percent$$00000001  c_w.l(_printf_n.o)
    0x0800023e   0x0800023e   0x00000006   Code   RO         1075    .ARM.Collect$$_printf_percent$$00000002  c_w.l(_printf_p.o)
    0x08000244   0x08000244   0x00000006   Code   RO         1080    .ARM.Collect$$_printf_percent$$00000003  c_w.l(_printf_f.o)
    0x0800024a   0x0800024a   0x00000006   Code   RO         1081    .ARM.Collect$$_printf_percent$$00000004  c_w.l(_printf_e.o)
    0x08000250   0x08000250   0x00000006   Code   RO         1082    .ARM.Collect$$_printf_percent$$00000005  c_w.l(_printf_g.o)
    0x08000256   0x08000256   0x00000006   Code   RO         1083    .ARM.Collect$$_printf_percent$$00000006  c_w.l(_printf_a.o)
    0x0800025c   0x0800025c   0x0000000a   Code   RO         1088    .ARM.Collect$$_printf_percent$$00000007  c_w.l(_printf_ll.o)
    0x08000266   0x08000266   0x00000006   Code   RO         1077    .ARM.Collect$$_printf_percent$$00000008  c_w.l(_printf_i.o)
    0x0800026c   0x0800026c   0x00000006   Code   RO         1078    .ARM.Collect$$_printf_percent$$00000009  c_w.l(_printf_d.o)
    0x08000272   0x08000272   0x00000006   Code   RO         1079    .ARM.Collect$$_printf_percent$$0000000A  c_w.l(_printf_u.o)
    0x08000278   0x08000278   0x00000006   Code   RO         1076    .ARM.Collect$$_printf_percent$$0000000B  c_w.l(_printf_o.o)
    0x0800027e   0x0800027e   0x00000006   Code   RO         1074    .ARM.Collect$$_printf_percent$$0000000C  c_w.l(_printf_x.o)
    0x08000284   0x08000284   0x00000006   Code   RO         1085    .ARM.Collect$$_printf_percent$$0000000D  c_w.l(_printf_lli.o)
    0x0800028a   0x0800028a   0x00000006   Code   RO         1086    .ARM.Collect$$_printf_percent$$0000000E  c_w.l(_printf_lld.o)
    0x08000290   0x08000290   0x00000006   Code   RO         1087    .ARM.Collect$$_printf_percent$$0000000F  c_w.l(_printf_llu.o)
    0x08000296   0x08000296   0x00000006   Code   RO         1092    .ARM.Collect$$_printf_percent$$00000010  c_w.l(_printf_llo.o)
    0x0800029c   0x0800029c   0x00000006   Code   RO         1093    .ARM.Collect$$_printf_percent$$00000011  c_w.l(_printf_llx.o)
    0x080002a2   0x080002a2   0x0000000a   Code   RO         1089    .ARM.Collect$$_printf_percent$$00000012  c_w.l(_printf_l.o)
    0x080002ac   0x080002ac   0x00000006   Code   RO         1071    .ARM.Collect$$_printf_percent$$00000013  c_w.l(_printf_c.o)
    0x080002b2   0x080002b2   0x00000006   Code   RO         1072    .ARM.Collect$$_printf_percent$$00000014  c_w.l(_printf_s.o)
    0x080002b8   0x080002b8   0x00000006   Code   RO         1090    .ARM.Collect$$_printf_percent$$00000015  c_w.l(_printf_lc.o)
    0x080002be   0x080002be   0x00000006   Code   RO         1091    .ARM.Collect$$_printf_percent$$00000016  c_w.l(_printf_ls.o)
    0x080002c4   0x080002c4   0x00000004   Code   RO         1193    .ARM.Collect$$_printf_percent$$00000017  c_w.l(_printf_percent_end.o)
    0x080002c8   0x080002c8   0x00000002   Code   RO         1257    .ARM.Collect$$libinit$$00000000  c_w.l(libinit.o)
    0x080002ca   0x080002ca   0x00000004   Code   RO         1279    .ARM.Collect$$libinit$$00000001  c_w.l(libinit2.o)
    0x080002ce   0x080002ce   0x00000000   Code   RO         1282    .ARM.Collect$$libinit$$00000004  c_w.l(libinit2.o)
    0x080002ce   0x080002ce   0x00000000   Code   RO         1285    .ARM.Collect$$libinit$$0000000A  c_w.l(libinit2.o)
    0x080002ce   0x080002ce   0x00000000   Code   RO         1287    .ARM.Collect$$libinit$$0000000C  c_w.l(libinit2.o)
    0x080002ce   0x080002ce   0x00000000   Code   RO         1289    .ARM.Collect$$libinit$$0000000E  c_w.l(libinit2.o)
    0x080002ce   0x080002ce   0x00000006   Code   RO         1290    .ARM.Collect$$libinit$$0000000F  c_w.l(libinit2.o)
    0x080002d4   0x080002d4   0x00000000   Code   RO         1292    .ARM.Collect$$libinit$$00000011  c_w.l(libinit2.o)
    0x080002d4   0x080002d4   0x0000000c   Code   RO         1293    .ARM.Collect$$libinit$$00000012  c_w.l(libinit2.o)
    0x080002e0   0x080002e0   0x00000000   Code   RO         1294    .ARM.Collect$$libinit$$00000013  c_w.l(libinit2.o)
    0x080002e0   0x080002e0   0x00000000   Code   RO         1296    .ARM.Collect$$libinit$$00000015  c_w.l(libinit2.o)
    0x080002e0   0x080002e0   0x0000000a   Code   RO         1297    .ARM.Collect$$libinit$$00000016  c_w.l(libinit2.o)
    0x080002ea   0x080002ea   0x00000000   Code   RO         1298    .ARM.Collect$$libinit$$00000017  c_w.l(libinit2.o)
    0x080002ea   0x080002ea   0x00000000   Code   RO         1300    .ARM.Collect$$libinit$$00000019  c_w.l(libinit2.o)
    0x080002ea   0x080002ea   0x00000000   Code   RO         1302    .ARM.Collect$$libinit$$0000001B  c_w.l(libinit2.o)
    0x080002ea   0x080002ea   0x00000000   Code   RO         1304    .ARM.Collect$$libinit$$0000001D  c_w.l(libinit2.o)
    0x080002ea   0x080002ea   0x00000000   Code   RO         1306    .ARM.Collect$$libinit$$0000001F  c_w.l(libinit2.o)
    0x080002ea   0x080002ea   0x00000000   Code   RO         1308    .ARM.Collect$$libinit$$00000021  c_w.l(libinit2.o)
    0x080002ea   0x080002ea   0x00000000   Code   RO         1310    .ARM.Collect$$libinit$$00000023  c_w.l(libinit2.o)
    0x080002ea   0x080002ea   0x00000000   Code   RO         1312    .ARM.Collect$$libinit$$00000025  c_w.l(libinit2.o)
    0x080002ea   0x080002ea   0x00000000   Code   RO         1316    .ARM.Collect$$libinit$$0000002C  c_w.l(libinit2.o)
    0x080002ea   0x080002ea   0x00000000   Code   RO         1318    .ARM.Collect$$libinit$$0000002E  c_w.l(libinit2.o)
    0x080002ea   0x080002ea   0x00000000   Code   RO         1320    .ARM.Collect$$libinit$$00000030  c_w.l(libinit2.o)
    0x080002ea   0x080002ea   0x00000000   Code   RO         1322    .ARM.Collect$$libinit$$00000032  c_w.l(libinit2.o)
    0x080002ea   0x080002ea   0x00000002   Code   RO         1323    .ARM.Collect$$libinit$$00000033  c_w.l(libinit2.o)
    0x080002ec   0x080002ec   0x00000002   Code   RO         1362    .ARM.Collect$$libshutdown$$00000000  c_w.l(libshutdown.o)
    0x080002ee   0x080002ee   0x00000000   Code   RO         1390    .ARM.Collect$$libshutdown$$00000002  c_w.l(libshutdown2.o)
    0x080002ee   0x080002ee   0x00000000   Code   RO         1392    .ARM.Collect$$libshutdown$$00000004  c_w.l(libshutdown2.o)
    0x080002ee   0x080002ee   0x00000000   Code   RO         1395    .ARM.Collect$$libshutdown$$00000007  c_w.l(libshutdown2.o)
    0x080002ee   0x080002ee   0x00000000   Code   RO         1398    .ARM.Collect$$libshutdown$$0000000A  c_w.l(libshutdown2.o)
    0x080002ee   0x080002ee   0x00000000   Code   RO         1400    .ARM.Collect$$libshutdown$$0000000C  c_w.l(libshutdown2.o)
    0x080002ee   0x080002ee   0x00000000   Code   RO         1403    .ARM.Collect$$libshutdown$$0000000F  c_w.l(libshutdown2.o)
    0x080002ee   0x080002ee   0x00000002   Code   RO         1404    .ARM.Collect$$libshutdown$$00000010  c_w.l(libshutdown2.o)
    0x080002f0   0x080002f0   0x00000000   Code   RO          996    .ARM.Collect$$rtentry$$00000000  c_w.l(__rtentry.o)
    0x080002f0   0x080002f0   0x00000000   Code   RO         1155    .ARM.Collect$$rtentry$$00000002  c_w.l(__rtentry2.o)
    0x080002f0   0x080002f0   0x00000006   Code   RO         1167    .ARM.Collect$$rtentry$$00000004  c_w.l(__rtentry4.o)
    0x080002f6   0x080002f6   0x00000000   Code   RO         1157    .ARM.Collect$$rtentry$$00000009  c_w.l(__rtentry2.o)
    0x080002f6   0x080002f6   0x00000004   Code   RO         1158    .ARM.Collect$$rtentry$$0000000A  c_w.l(__rtentry2.o)
    0x080002fa   0x080002fa   0x00000000   Code   RO         1160    .ARM.Collect$$rtentry$$0000000C  c_w.l(__rtentry2.o)
    0x080002fa   0x080002fa   0x00000008   Code   RO         1161    .ARM.Collect$$rtentry$$0000000D  c_w.l(__rtentry2.o)
    0x08000302   0x08000302   0x00000002   Code   RO         1264    .ARM.Collect$$rtexit$$00000000  c_w.l(rtexit.o)
    0x08000304   0x08000304   0x00000000   Code   RO         1331    .ARM.Collect$$rtexit$$00000002  c_w.l(rtexit2.o)
    0x08000304   0x08000304   0x00000004   Code   RO         1332    .ARM.Collect$$rtexit$$00000003  c_w.l(rtexit2.o)
    0x08000308   0x08000308   0x00000006   Code   RO         1333    .ARM.Collect$$rtexit$$00000004  c_w.l(rtexit2.o)
    0x0800030e   0x0800030e   0x00000002   PAD
    0x08000310   0x08000310   0x00000040   Code   RO          939  * .text               startup_stm32f446xx.o
    0x08000350   0x08000350   0x000000f0   Code   RO          961    .text               c_w.l(lludivv7m.o)
    0x08000440   0x08000440   0x0000002c   Code   RO          963    .text               c_w.l(sprintf.o)
    0x0800046c   0x0800046c   0x0000003e   Code   RO          965    .text               c_w.l(strlen.o)
    0x080004aa   0x080004aa   0x0000004e   Code   RO          967    .text               c_w.l(rt_memclr_w.o)
    0x080004f8   0x080004f8   0x00000006   Code   RO          969    .text               c_w.l(heapauxi.o)
    0x080004fe   0x080004fe   0x00000016   Code   RO         1001    .text               c_w.l(_rserrno.o)
    0x08000514   0x08000514   0x0000004e   Code   RO         1005    .text               c_w.l(_printf_pad.o)
    0x08000562   0x08000562   0x00000024   Code   RO         1007    .text               c_w.l(_printf_truncate.o)
    0x08000586   0x08000586   0x00000052   Code   RO         1009    .text               c_w.l(_printf_str.o)
    0x080005d8   0x080005d8   0x00000078   Code   RO         1011    .text               c_w.l(_printf_dec.o)
    0x08000650   0x08000650   0x00000028   Code   RO         1013    .text               c_w.l(_printf_charcount.o)
    0x08000678   0x08000678   0x00000030   Code   RO         1015    .text               c_w.l(_printf_char_common.o)
    0x080006a8   0x080006a8   0x0000000a   Code   RO         1017    .text               c_w.l(_sputc.o)
    0x080006b2   0x080006b2   0x00000002   PAD
    0x080006b4   0x080006b4   0x000000bc   Code   RO         1019    .text               c_w.l(_printf_wctomb.o)
    0x08000770   0x08000770   0x0000007c   Code   RO         1022    .text               c_w.l(_printf_longlong_dec.o)
    0x080007ec   0x080007ec   0x00000070   Code   RO         1028    .text               c_w.l(_printf_oct_int_ll.o)
    0x0800085c   0x0800085c   0x00000094   Code   RO         1048    .text               c_w.l(_printf_hex_int_ll_ptr.o)
    0x080008f0   0x080008f0   0x00000188   Code   RO         1068    .text               c_w.l(__printf_flags_ss_wp.o)
    0x08000a78   0x08000a78   0x00000008   Code   RO         1174    .text               c_w.l(rt_errno_addr_intlibspace.o)
    0x08000a80   0x08000a80   0x0000008a   Code   RO         1176    .text               c_w.l(lludiv10.o)
    0x08000b0a   0x08000b0a   0x000000b2   Code   RO         1178    .text               c_w.l(_printf_intcommon.o)
    0x08000bbc   0x08000bbc   0x0000041c   Code   RO         1180    .text               c_w.l(_printf_fp_dec.o)
    0x08000fd8   0x08000fd8   0x000002fc   Code   RO         1184    .text               c_w.l(_printf_fp_hex.o)
    0x080012d4   0x080012d4   0x0000002c   Code   RO         1189    .text               c_w.l(_printf_char.o)
    0x08001300   0x08001300   0x0000002c   Code   RO         1191    .text               c_w.l(_printf_wchar.o)
    0x0800132c   0x0800132c   0x00000048   Code   RO         1194    .text               c_w.l(_c16rtomb.o)
    0x08001374   0x08001374   0x00000008   Code   RO         1202    .text               c_w.l(libspace.o)
    0x0800137c   0x0800137c   0x0000004a   Code   RO         1205    .text               c_w.l(sys_stackheap_outer.o)
    0x080013c6   0x080013c6   0x00000002   PAD
    0x080013c8   0x080013c8   0x00000010   Code   RO         1207    .text               c_w.l(rt_ctype_table.o)
    0x080013d8   0x080013d8   0x00000008   Code   RO         1212    .text               c_w.l(rt_locale_intlibspace.o)
    0x080013e0   0x080013e0   0x00000080   Code   RO         1214    .text               c_w.l(_printf_fp_infnan.o)
    0x08001460   0x08001460   0x000000e4   Code   RO         1216    .text               c_w.l(bigflt0.o)
    0x08001544   0x08001544   0x00000012   Code   RO         1246    .text               c_w.l(exit.o)
    0x08001556   0x08001556   0x00000002   PAD
    0x08001558   0x08001558   0x0000007c   Code   RO         1277    .text               c_w.l(strcmpv7em.o)
    0x080015d4   0x080015d4   0x0000000c   Code   RO         1326    .text               c_w.l(sys_exit.o)
    0x080015e0   0x080015e0   0x00000002   Code   RO         1351    .text               c_w.l(use_no_semi.o)
    0x080015e2   0x080015e2   0x00000000   Code   RO         1353    .text               c_w.l(indicate_semi.o)
    0x080015e2   0x080015e2   0x00000006   PAD
    0x080015e8   0x080015e8   0x00000390   Code   RO           54    .text.ADCfilterX    main.o
    0x08001978   0x08001978   0x00000340   Code   RO           56    .text.ADCfilterY    main.o
    0x08001cb8   0x08001cb8   0x00000004   Code   RO          139    .text.BusFault_Handler  stm32f4xx_it.o
    0x08001cbc   0x08001cbc   0x00000002   Code   RO          145    .text.DebugMon_Handler  stm32f4xx_it.o
    0x08001cbe   0x08001cbe   0x00000002   PAD
    0x08001cc0   0x08001cc0   0x0000000e   Code   RO           44    .text.Error_Handler  main.o
    0x08001cce   0x08001cce   0x00000002   PAD
    0x08001cd0   0x08001cd0   0x00000042   Code   RO          180    .text.HAL_Delay     stm32f4xx_hal.o
    0x08001d12   0x08001d12   0x00000002   PAD
    0x08001d14   0x08001d14   0x0000039c   Code   RO          348    .text.HAL_GPIO_Init  stm32f4xx_hal_gpio.o
    0x080020b0   0x080020b0   0x0000002e   Code   RO          354    .text.HAL_GPIO_WritePin  stm32f4xx_hal_gpio.o
    0x080020de   0x080020de   0x00000002   PAD
    0x080020e0   0x080020e0   0x0000000c   Code   RO          172    .text.HAL_GetTick   stm32f4xx_hal.o
    0x080020ec   0x080020ec   0x0000001a   Code   RO          170    .text.HAL_IncTick   stm32f4xx_hal.o
    0x08002106   0x08002106   0x00000002   PAD
    0x08002108   0x08002108   0x0000003c   Code   RO          160    .text.HAL_Init      stm32f4xx_hal.o
    0x08002144   0x08002144   0x00000070   Code   RO          162    .text.HAL_InitTick  stm32f4xx_hal.o
    0x080021b4   0x080021b4   0x0000004a   Code   RO          918    .text.HAL_MspInit   stm32f4xx_hal_msp.o
    0x080021fe   0x080021fe   0x00000002   PAD
    0x08002200   0x08002200   0x00000014   Code   RO          236    .text.HAL_NVIC_EnableIRQ  stm32f4xx_hal_cortex.o
    0x08002214   0x08002214   0x00000032   Code   RO          228    .text.HAL_NVIC_SetPriority  stm32f4xx_hal_cortex.o
    0x08002246   0x08002246   0x00000002   PAD
    0x08002248   0x08002248   0x00000010   Code   RO          224    .text.HAL_NVIC_SetPriorityGrouping  stm32f4xx_hal_cortex.o
    0x08002258   0x08002258   0x00000262   Code   RO          441    .text.HAL_RCC_ClockConfig  stm32f4xx_hal_rcc.o
    0x080024ba   0x080024ba   0x00000002   PAD
    0x080024bc   0x080024bc   0x0000000c   Code   RO          451    .text.HAL_RCC_GetHCLKFreq  stm32f4xx_hal_rcc.o
    0x080024c8   0x080024c8   0x00000022   Code   RO          453    .text.HAL_RCC_GetPCLK1Freq  stm32f4xx_hal_rcc.o
    0x080024ea   0x080024ea   0x00000002   PAD
    0x080024ec   0x080024ec   0x00000022   Code   RO          455    .text.HAL_RCC_GetPCLK2Freq  stm32f4xx_hal_rcc.o
    0x0800250e   0x0800250e   0x00000002   PAD
    0x08002510   0x08002510   0x00000170   Code   RO          488    .text.HAL_RCC_GetSysClockFreq  stm32f4xx_hal_rcc_ex.o
    0x08002680   0x08002680   0x0000067c   Code   RO          492    .text.HAL_RCC_OscConfig  stm32f4xx_hal_rcc_ex.o
    0x08002cfc   0x08002cfc   0x00000010   Code   RO          248    .text.HAL_SYSTICK_Config  stm32f4xx_hal_cortex.o
    0x08002d0c   0x08002d0c   0x00000008   Code   RO          812    .text.HAL_TIMEx_BreakCallback  stm32f4xx_hal_tim_ex.o
    0x08002d14   0x08002d14   0x00000008   Code   RO          808    .text.HAL_TIMEx_CommutCallback  stm32f4xx_hal_tim_ex.o
    0x08002d1c   0x08002d1c   0x00000122   Code   RO          802    .text.HAL_TIMEx_MasterConfigSynchronization  stm32f4xx_hal_tim_ex.o
    0x08002e3e   0x08002e3e   0x00000002   PAD
    0x08002e40   0x08002e40   0x00000058   Code   RO          503    .text.HAL_TIM_Base_Init  stm32f4xx_hal_tim.o
    0x08002e98   0x08002e98   0x0000008a   Code   RO          920    .text.HAL_TIM_Base_MspInit  stm32f4xx_hal_msp.o
    0x08002f22   0x08002f22   0x00000002   PAD
    0x08002f24   0x08002f24   0x00000038   Code   RO          517    .text.HAL_TIM_Base_Start_IT  stm32f4xx_hal_tim.o
    0x08002f5c   0x08002f5c   0x00000176   Code   RO          691    .text.HAL_TIM_ConfigClockSource  stm32f4xx_hal_tim.o
    0x080030d2   0x080030d2   0x00000002   PAD
    0x080030d4   0x080030d4   0x00000008   Code   RO          639    .text.HAL_TIM_IC_CaptureCallback  stm32f4xx_hal_tim.o
    0x080030dc   0x080030dc   0x0000027a   Code   RO          637    .text.HAL_TIM_IRQHandler  stm32f4xx_hal_tim.o
    0x08003356   0x08003356   0x00000002   PAD
    0x08003358   0x08003358   0x0000006a   Code   RO          922    .text.HAL_TIM_MspPostInit  stm32f4xx_hal_msp.o
    0x080033c2   0x080033c2   0x00000002   PAD
    0x080033c4   0x080033c4   0x00000008   Code   RO          641    .text.HAL_TIM_OC_DelayElapsedCallback  stm32f4xx_hal_tim.o
    0x080033cc   0x080033cc   0x00000144   Code   RO          669    .text.HAL_TIM_PWM_ConfigChannel  stm32f4xx_hal_tim.o
    0x08003510   0x08003510   0x00000058   Code   RO          557    .text.HAL_TIM_PWM_Init  stm32f4xx_hal_tim.o
    0x08003568   0x08003568   0x00000008   Code   RO          559    .text.HAL_TIM_PWM_MspInit  stm32f4xx_hal_tim.o
    0x08003570   0x08003570   0x00000008   Code   RO          643    .text.HAL_TIM_PWM_PulseFinishedCallback  stm32f4xx_hal_tim.o
    0x08003578   0x08003578   0x00000080   Code   RO          565    .text.HAL_TIM_PWM_Start  stm32f4xx_hal_tim.o
    0x080035f8   0x080035f8   0x00000026   Code   RO           46    .text.HAL_TIM_PeriodElapsedCallback  main.o
    0x0800361e   0x0800361e   0x00000002   PAD
    0x08003620   0x08003620   0x00000008   Code   RO          647    .text.HAL_TIM_TriggerCallback  stm32f4xx_hal_tim.o
    0x08003628   0x08003628   0x0000007c   Code   RO          823    .text.HAL_USART_Init  stm32f4xx_hal_usart.o
    0x080036a4   0x080036a4   0x0000008e   Code   RO          926    .text.HAL_USART_MspInit  stm32f4xx_hal_msp.o
    0x08003732   0x08003732   0x00000002   PAD
    0x08003734   0x08003734   0x00000160   Code   RO          833    .text.HAL_USART_Transmit  stm32f4xx_hal_usart.o
    0x08003894   0x08003894   0x00000004   Code   RO          135    .text.HardFault_Handler  stm32f4xx_it.o
    0x08003898   0x08003898   0x00000042   Code   RO           58    .text.LPfilterX     main.o
    0x080038da   0x080038da   0x00000002   PAD
    0x080038dc   0x080038dc   0x00000042   Code   RO           60    .text.LPfilterY     main.o
    0x0800391e   0x0800391e   0x00000002   PAD
    0x08003920   0x08003920   0x00000082   Code   RO           34    .text.MX_GPIO_Init  main.o
    0x080039a2   0x080039a2   0x00000002   PAD
    0x080039a4   0x080039a4   0x000000f8   Code   RO           36    .text.MX_TIM4_Init  main.o
    0x08003a9c   0x08003a9c   0x00000080   Code   RO           40    .text.MX_TIM6_Init  main.o
    0x08003b1c   0x08003b1c   0x00000042   Code   RO           38    .text.MX_USART2_Init  main.o
    0x08003b5e   0x08003b5e   0x00000002   PAD
    0x08003b60   0x08003b60   0x00000004   Code   RO          137    .text.MemManage_Handler  stm32f4xx_it.o
    0x08003b64   0x08003b64   0x00000004   Code   RO          133    .text.NMI_Handler   stm32f4xx_it.o
    0x08003b68   0x08003b68   0x0000006c   Code   RO          234    .text.NVIC_EncodePriority  stm32f4xx_hal_cortex.o
    0x08003bd4   0x08003bd4   0x0000015c   Code   RO            8    .text.PIDCompute    main.o
    0x08003d30   0x08003d30   0x000000a2   Code   RO            2    .text.PIDInit       main.o
    0x08003dd2   0x08003dd2   0x00000002   PAD
    0x08003dd4   0x08003dd4   0x00000012   Code   RO           24    .text.PIDInputSet   main.o
    0x08003de6   0x08003de6   0x00000002   PAD
    0x08003de8   0x08003de8   0x0000000e   Code   RO           26    .text.PIDOutputGet  main.o
    0x08003df6   0x08003df6   0x00000002   PAD
    0x08003df8   0x08003df8   0x00000100   Code   RO            4    .text.PIDOutputLimitsSet  main.o
    0x08003ef8   0x08003ef8   0x00000012   Code   RO           22    .text.PIDSetpointSet  main.o
    0x08003f0a   0x08003f0a   0x00000002   PAD
    0x08003f0c   0x08003f0c   0x000000ba   Code   RO            6    .text.PIDTuningsSet  main.o
    0x08003fc6   0x08003fc6   0x00000002   PAD
    0x08003fc8   0x08003fc8   0x00000002   Code   RO          147    .text.PendSV_Handler  stm32f4xx_it.o
    0x08003fca   0x08003fca   0x00000002   PAD
    0x08003fcc   0x08003fcc   0x00000002   Code   RO          143    .text.SVC_Handler   stm32f4xx_it.o
    0x08003fce   0x08003fce   0x00000002   PAD
    0x08003fd0   0x08003fd0   0x00000052   Code   RO          250    .text.SysTick_Config  stm32f4xx_hal_cortex.o
    0x08004022   0x08004022   0x00000002   PAD
    0x08004024   0x08004024   0x00000008   Code   RO          149    .text.SysTick_Handler  stm32f4xx_it.o
    0x0800402c   0x0800402c   0x000000b6   Code   RO           30    .text.SystemClock_Config  main.o
    0x080040e2   0x080040e2   0x00000002   PAD
    0x080040e4   0x080040e4   0x00000020   Code   RO          946    .text.SystemInit    system_stm32f4xx.o
    0x08004104   0x08004104   0x00000010   Code   RO          151    .text.TIM6_DAC_IRQHandler  stm32f4xx_it.o
    0x08004114   0x08004114   0x0000019a   Code   RO          507    .text.TIM_Base_SetConfig  stm32f4xx_hal_tim.o
    0x080042ae   0x080042ae   0x00000002   PAD
    0x080042b0   0x080042b0   0x00000036   Code   RO          541    .text.TIM_CCxChannelCmd  stm32f4xx_hal_tim.o
    0x080042e6   0x080042e6   0x00000002   PAD
    0x080042e8   0x080042e8   0x00000034   Code   RO          689    .text.TIM_ETR_SetConfig  stm32f4xx_hal_tim.o
    0x0800431c   0x0800431c   0x0000002a   Code   RO          695    .text.TIM_ITRx_SetConfig  stm32f4xx_hal_tim.o
    0x08004346   0x08004346   0x00000002   PAD
    0x08004348   0x08004348   0x000000ea   Code   RO          651    .text.TIM_OC1_SetConfig  stm32f4xx_hal_tim.o
    0x08004432   0x08004432   0x00000002   PAD
    0x08004434   0x08004434   0x000000f4   Code   RO          653    .text.TIM_OC2_SetConfig  stm32f4xx_hal_tim.o
    0x08004528   0x08004528   0x000000f2   Code   RO          655    .text.TIM_OC3_SetConfig  stm32f4xx_hal_tim.o
    0x0800461a   0x0800461a   0x00000002   PAD
    0x0800461c   0x0800461c   0x000000a4   Code   RO          657    .text.TIM_OC4_SetConfig  stm32f4xx_hal_tim.o
    0x080046c0   0x080046c0   0x00000050   Code   RO          693    .text.TIM_TI1_ConfigInputStage  stm32f4xx_hal_tim.o
    0x08004710   0x08004710   0x00000052   Code   RO          697    .text.TIM_TI2_ConfigInputStage  stm32f4xx_hal_tim.o
    0x08004762   0x08004762   0x00000002   PAD
    0x08004764   0x08004764   0x0000008a   Code   RO           32    .text.Touch_Init    main.o
    0x080047ee   0x080047ee   0x00000002   PAD
    0x080047f0   0x080047f0   0x0000015c   Code   RO          827    .text.USART_SetConfig  stm32f4xx_hal_usart.o
    0x0800494c   0x0800494c   0x000000ae   Code   RO          835    .text.USART_WaitOnFlagUntilTimeout  stm32f4xx_hal_usart.o
    0x080049fa   0x080049fa   0x00000002   PAD
    0x080049fc   0x080049fc   0x00000004   Code   RO          141    .text.UsageFault_Handler  stm32f4xx_it.o
    0x08004a00   0x08004a00   0x00000030   Code   RO          238    .text.__NVIC_EnableIRQ  stm32f4xx_hal_cortex.o
    0x08004a30   0x08004a30   0x00000010   Code   RO          230    .text.__NVIC_GetPriorityGrouping  stm32f4xx_hal_cortex.o
    0x08004a40   0x08004a40   0x00000042   Code   RO          232    .text.__NVIC_SetPriority  stm32f4xx_hal_cortex.o
    0x08004a82   0x08004a82   0x00000002   PAD
    0x08004a84   0x08004a84   0x0000003c   Code   RO          226    .text.__NVIC_SetPriorityGrouping  stm32f4xx_hal_cortex.o
    0x08004ac0   0x08004ac0   0x0000048c   Code   RO           28    .text.main          main.o
    0x08004f4c   0x08004f4c   0x00000088   Code   RO           48    .text.median        main.o
    0x08004fd4   0x08004fd4   0x000000aa   Code   RO           50    .text.read_touchX   main.o
    0x0800507e   0x0800507e   0x00000002   PAD
    0x08005080   0x08005080   0x000000a2   Code   RO           52    .text.read_touchY   main.o
    0x08005122   0x08005122   0x00000006   PAD
    0x08005128   0x08005128   0x00000248   Code   RO           42    .text.read_touch_cal  main.o
    0x08005370   0x08005370   0x0000003e   Code   RO         1219    CL$$btod_d2e        c_w.l(btod.o)
    0x080053ae   0x080053ae   0x00000046   Code   RO         1221    CL$$btod_d2e_denorm_low  c_w.l(btod.o)
    0x080053f4   0x080053f4   0x00000060   Code   RO         1220    CL$$btod_d2e_norm_op1  c_w.l(btod.o)
    0x08005454   0x08005454   0x00000338   Code   RO         1229    CL$$btod_div_common  c_w.l(btod.o)
    0x0800578c   0x0800578c   0x000000dc   Code   RO         1226    CL$$btod_e2e        c_w.l(btod.o)
    0x08005868   0x08005868   0x0000002a   Code   RO         1223    CL$$btod_ediv       c_w.l(btod.o)
    0x08005892   0x08005892   0x0000002a   Code   RO         1222    CL$$btod_emul       c_w.l(btod.o)
    0x080058bc   0x080058bc   0x00000244   Code   RO         1228    CL$$btod_mult_common  c_w.l(btod.o)
    0x08005b00   0x08005b00   0x00000030   Code   RO         1143    i.__ARM_fpclassify  m_wm.l(fpclassify.o)
    0x08005b30   0x08005b30   0x00000c60   Code   RO          989    i.__hardfp_pow      m_wm.l(pow.o)
    0x08006790   0x08006790   0x000000f8   Code   RO         1145    i.__kernel_poly     m_wm.l(poly.o)
    0x08006888   0x08006888   0x00000030   Code   RO         1123    i.__mathlib_dbl_divzero  m_wm.l(dunder.o)
    0x080068b8   0x080068b8   0x00000014   Code   RO         1125    i.__mathlib_dbl_infnan2  m_wm.l(dunder.o)
    0x080068cc   0x080068cc   0x00000004   PAD
    0x080068d0   0x080068d0   0x00000020   Code   RO         1126    i.__mathlib_dbl_invalid  m_wm.l(dunder.o)
    0x080068f0   0x080068f0   0x00000020   Code   RO         1127    i.__mathlib_dbl_overflow  m_wm.l(dunder.o)
    0x08006910   0x08006910   0x00000020   Code   RO         1129    i.__mathlib_dbl_underflow  m_wm.l(dunder.o)
    0x08006930   0x08006930   0x0000000e   Code   RO         1061    i._is_digit         c_w.l(__printf_wp.o)
    0x0800693e   0x0800693e   0x00000018   Code   RO         1139    i.fabs              m_wm.l(fabs.o)
    0x08006956   0x08006956   0x0000006e   Code   RO         1150    i.sqrt              m_wm.l(sqrt.o)
    0x080069c4   0x080069c4   0x0000002c   Code   RO         1244    locale$$code        c_w.l(lc_numeric_c.o)
    0x080069f0   0x080069f0   0x0000002c   Code   RO         1271    locale$$code        c_w.l(lc_ctype_c.o)
    0x08006a1c   0x08006a1c   0x00000018   Code   RO         1094    x$fpl$basic         fz_wm.l(basic.o)
    0x08006a34   0x08006a34   0x00000062   Code   RO          973    x$fpl$d2f           fz_wm.l(d2f.o)
    0x08006a96   0x08006a96   0x00000002   PAD
    0x08006a98   0x08006a98   0x00000150   Code   RO          975    x$fpl$dadd          fz_wm.l(daddsub_clz.o)
    0x08006be8   0x08006be8   0x00000010   Code   RO         1196    x$fpl$dcheck1       fz_wm.l(dcheck1.o)
    0x08006bf8   0x08006bf8   0x00000018   Code   RO         1258    x$fpl$dcmpinf       fz_wm.l(dcmpi.o)
    0x08006c10   0x08006c10   0x000002b4   Code   RO          982    x$fpl$ddiv          fz_wm.l(ddiv.o)
    0x08006ec4   0x08006ec4   0x0000002e   Code   RO         1097    x$fpl$dflt          fz_wm.l(dflt_clz.o)
    0x08006ef2   0x08006ef2   0x00000002   PAD
    0x08006ef4   0x08006ef4   0x00000078   Code   RO         1198    x$fpl$dleqf         fz_wm.l(dleqf.o)
    0x08006f6c   0x08006f6c   0x00000154   Code   RO          985    x$fpl$dmul          fz_wm.l(dmul.o)
    0x080070c0   0x080070c0   0x0000009c   Code   RO         1102    x$fpl$dnaninf       fz_wm.l(dnaninf.o)
    0x0800715c   0x0800715c   0x0000000c   Code   RO         1104    x$fpl$dretinf       fz_wm.l(dretinf.o)
    0x08007168   0x08007168   0x0000006c   Code   RO         1106    x$fpl$drleqf        fz_wm.l(drleqf.o)
    0x080071d4   0x080071d4   0x00000016   Code   RO          976    x$fpl$drsb          fz_wm.l(daddsub_clz.o)
    0x080071ea   0x080071ea   0x00000002   PAD
    0x080071ec   0x080071ec   0x00000198   Code   RO         1200    x$fpl$dsqrt         fz_wm.l(dsqrt_umaal.o)
    0x08007384   0x08007384   0x000001dc   Code   RO          977    x$fpl$dsub          fz_wm.l(daddsub_clz.o)
    0x08007560   0x08007560   0x00000056   Code   RO          987    x$fpl$f2d           fz_wm.l(f2d.o)
    0x080075b6   0x080075b6   0x0000008c   Code   RO         1108    x$fpl$fnaninf       fz_wm.l(fnaninf.o)
    0x08007642   0x08007642   0x0000001a   Code   RO         1345    x$fpl$fpinit        fz_wm.l(fpinit.o)
    0x0800765c   0x0800765c   0x0000000a   Code   RO         1110    x$fpl$fretinf       fz_wm.l(fretinf.o)
    0x08007666   0x08007666   0x00000004   Code   RO         1112    x$fpl$printf1       fz_wm.l(printf1.o)
    0x0800766a   0x0800766a   0x00000004   Code   RO         1114    x$fpl$printf2       fz_wm.l(printf2.o)
    0x0800766e   0x0800766e   0x00000064   Code   RO         1262    x$fpl$retnan        fz_wm.l(retnan.o)
    0x080076d2   0x080076d2   0x0000005c   Code   RO         1120    x$fpl$scalbn        fz_wm.l(scalbn.o)
    0x0800772e   0x0800772e   0x00000030   Code   RO         1324    x$fpl$trapveneer    fz_wm.l(trapv.o)
    0x0800775e   0x0800775e   0x00000000   Code   RO         1122    x$fpl$usenofp       fz_wm.l(usenofp.o)
    0x0800775e   0x0800775e   0x00000002   PAD
    0x08007760   0x08007760   0x00000088   Data   RO          992    .constdata          m_wm.l(pow.o)
    0x080077e8   0x080077e8   0x00000008   Data   RO         1020    .constdata          c_w.l(_printf_wctomb.o)
    0x080077f0   0x080077f0   0x00000028   Data   RO         1049    .constdata          c_w.l(_printf_hex_int_ll_ptr.o)
    0x08007818   0x08007818   0x00000011   Data   RO         1069    .constdata          c_w.l(__printf_flags_ss_wp.o)
    0x08007829   0x08007829   0x00000007   PAD
    0x08007830   0x08007830   0x00000008   Data   RO         1147    .constdata          m_wm.l(qnan.o)
    0x08007838   0x08007838   0x00000026   Data   RO         1185    .constdata          c_w.l(_printf_fp_hex.o)
    0x0800785e   0x0800785e   0x00000002   PAD
    0x08007860   0x08007860   0x00000094   Data   RO         1217    .constdata          c_w.l(bigflt0.o)
    0x080078f4   0x080078f4   0x00000010   Data   RO          951    .rodata.AHBPrescTable  system_stm32f4xx.o
    0x08007904   0x08007904   0x00000008   Data   RO          952    .rodata.APBPrescTable  system_stm32f4xx.o
    0x0800790c   0x0800790c   0x0000000d   Data   RO           87    .rodata.str1.1      main.o
    0x08007919   0x08007919   0x00000003   PAD
    0x0800791c   0x0800791c   0x00000020   Data   RO         1406    Region$$Table       anon$$obj.o
    0x0800793c   0x0800793c   0x0000001c   Data   RO         1243    locale$$data        c_w.l(lc_numeric_c.o)
    0x08007958   0x08007958   0x00000110   Data   RO         1270    locale$$data        c_w.l(lc_ctype_c.o)


    Execution Region ER_RW (Exec base: 0x20000000, Load base: 0x08007a68, Size: 0x0000005c, Max: 0xffffffff, ABSOLUTE)

    Exec Addr    Load Addr    Size         Type   Attr      Idx    E Section Name        Object

    0x20000000   0x08007a68   0x00000004   Data   RW           69    .data.Kdx           main.o
    0x20000004   0x08007a6c   0x00000004   Data   RW           72    .data.Kdy           main.o
    0x20000008   0x08007a70   0x00000004   Data   RW           68    .data.Kix           main.o
    0x2000000c   0x08007a74   0x00000004   Data   RW           71    .data.Kiy           main.o
    0x20000010   0x08007a78   0x00000004   Data   RW           67    .data.Kpx           main.o
    0x20000014   0x08007a7c   0x00000004   Data   RW           70    .data.Kpy           main.o
    0x20000018   0x08007a80   0x00000004   Data   RW          122    .data.LPfilterX.a   main.o
    0x2000001c   0x08007a84   0x00000004   Data   RW          124    .data.LPfilterY.a   main.o
    0x20000020   0x08007a88   0x00000004   Data   RW           66    .data.SampleTime    main.o
    0x20000024   0x08007a8c   0x00000004   Data   RW          950    .data.SystemCoreClock  system_stm32f4xx.o
    0x20000028   0x08007a90   0x00000004   Data   RW           75    .data.a             main.o
    0x2000002c   0x08007a94   0x00000004   Data   RW           76    .data.b             main.o
    0x20000030   0x08007a98   0x00000004   Data   RW           62    .data.flat_X        main.o
    0x20000034   0x08007a9c   0x00000004   Data   RW           63    .data.flat_Y        main.o
    0x20000038   0x08007aa0   0x00000004   Data   RW           77    .data.g             main.o
    0x2000003c   0x08007aa4   0x00000004   Data   RW           93    .data.read_touch_cal.xLength  main.o
    0x20000040   0x08007aa8   0x00000004   Data   RW           92    .data.read_touch_cal.xmax  main.o
    0x20000044   0x08007aac   0x00000004   Data   RW           91    .data.read_touch_cal.xmin  main.o
    0x20000048   0x08007ab0   0x00000004   Data   RW           96    .data.read_touch_cal.yLength  main.o
    0x2000004c   0x08007ab4   0x00000004   Data   RW           95    .data.read_touch_cal.ymax  main.o
    0x20000050   0x08007ab8   0x00000004   Data   RW           94    .data.read_touch_cal.ymin  main.o
    0x20000054   0x08007abc   0x00000001   Data   RW          215    .data.uwTickFreq    stm32f4xx_hal.o
    0x20000055   0x08007abd   0x00000003   PAD
    0x20000058   0x08007ac0   0x00000004   Data   RW          214    .data.uwTickPrio    stm32f4xx_hal.o


    Execution Region ER_ZI (Exec base: 0x20000060, Load base: 0x08007ac4, Size: 0x00000898, Max: 0xffffffff, ABSOLUTE)

    Exec Addr    Load Addr    Size         Type   Attr      Idx    E Section Name        Object

    0x20000060        -       0x00000060   Zero   RW         1203    .bss                c_w.l(libspace.o)
    0x200000c0        -       0x00000001   Zero   RW          101    .bss.ADCfilterX.LPfilter  main.o
    0x200000c1   0x08007ac4   0x00000003   PAD
    0x200000c4        -       0x00000004   Zero   RW          105    .bss.ADCfilterX.abgfiltax  main.o
    0x200000c8        -       0x00000004   Zero   RW          107    .bss.ADCfilterX.abgfiltaxlast  main.o
    0x200000cc        -       0x00000004   Zero   RW          104    .bss.ADCfilterX.abgfiltvx  main.o
    0x200000d0        -       0x00000004   Zero   RW          106    .bss.ADCfilterX.abgfiltvxlast  main.o
    0x200000d4        -       0x00000004   Zero   RW          108    .bss.ADCfilterX.abgfiltx  main.o
    0x200000d8        -       0x00000004   Zero   RW          109    .bss.ADCfilterX.abgfiltxlast  main.o
    0x200000dc        -       0x00000004   Zero   RW          102    .bss.ADCfilterX.i   main.o
    0x200000e0        -       0x00000004   Zero   RW          103    .bss.ADCfilterX.j   main.o
    0x200000e4        -       0x00000004   Zero   RW          110    .bss.ADCfilterX.rk  main.o
    0x200000e8        -       0x00000001   Zero   RW          111    .bss.ADCfilterY.LPfilter  main.o
    0x200000e9   0x08007ac4   0x00000003   PAD
    0x200000ec        -       0x00000004   Zero   RW          115    .bss.ADCfilterY.abgfiltay  main.o
    0x200000f0        -       0x00000004   Zero   RW          117    .bss.ADCfilterY.abgfiltaylast  main.o
    0x200000f4        -       0x00000004   Zero   RW          114    .bss.ADCfilterY.abgfiltvy  main.o
    0x200000f8        -       0x00000004   Zero   RW          116    .bss.ADCfilterY.abgfiltvylast  main.o
    0x200000fc        -       0x00000004   Zero   RW          118    .bss.ADCfilterY.abgfilty  main.o
    0x20000100        -       0x00000004   Zero   RW          119    .bss.ADCfilterY.abgfiltylast  main.o
    0x20000104        -       0x00000004   Zero   RW          112    .bss.ADCfilterY.i   main.o
    0x20000108        -       0x00000004   Zero   RW          113    .bss.ADCfilterY.j   main.o
    0x2000010c        -       0x00000004   Zero   RW          120    .bss.ADCfilterY.rk  main.o
    0x20000110        -       0x00000004   Zero   RW          121    .bss.LPfilterX.LPfiltered  main.o
    0x20000114        -       0x00000004   Zero   RW          123    .bss.LPfilterY.LPfiltered  main.o
    0x20000118        -       0x00000004   Zero   RW           74    .bss.PIDcount       main.o
    0x2000011c        -       0x0000003c   Zero   RW           78    .bss.PIDx           main.o
    0x20000158        -       0x0000003c   Zero   RW           79    .bss.PIDy           main.o
    0x20000194        -       0x00000001   Zero   RW           73    .bss.PidFlag        main.o
    0x20000195   0x08007ac4   0x00000003   PAD
    0x20000198        -       0x00000004   Zero   RW           82    .bss.X_touch        main.o
    0x2000019c        -       0x00000004   Zero   RW           84    .bss.X_touch_last   main.o
    0x200001a0        -       0x00000004   Zero   RW           83    .bss.Y_touch        main.o
    0x200001a4        -       0x00000004   Zero   RW           85    .bss.Y_touch_last   main.o
    0x200001a8        -       0x00000040   Zero   RW           80    .bss.htim4          main.o
    0x200001e8        -       0x00000040   Zero   RW           81    .bss.htim6          main.o
    0x20000228        -       0x00000044   Zero   RW           90    .bss.husart2        main.o
    0x2000026c        -       0x00000004   Zero   RW           99    .bss.read_touch_cal.lastmesX  main.o
    0x20000270        -       0x00000004   Zero   RW          100    .bss.read_touch_cal.lastmesY  main.o
    0x20000274        -       0x00000004   Zero   RW           97    .bss.read_touch_cal.mesX  main.o
    0x20000278        -       0x00000004   Zero   RW           98    .bss.read_touch_cal.mesY  main.o
    0x2000027c        -       0x00000004   Zero   RW           64    .bss.statex         main.o
    0x20000280        -       0x00000004   Zero   RW           65    .bss.statey         main.o
    0x20000284        -       0x00000064   Zero   RW           86    .bss.txdata         main.o
    0x200002e8        -       0x00000004   Zero   RW           89    .bss.unfilteredABG  main.o
    0x200002ec        -       0x00000004   Zero   RW           88    .bss.unfilteredLP   main.o
    0x200002f0        -       0x00000004   Zero   RW          216    .bss.uwTick         stm32f4xx_hal.o
    0x200002f4   0x08007ac4   0x00000004   PAD
    0x200002f8        -       0x00000200   Zero   RW          937    HEAP                startup_stm32f446xx.o
    0x200004f8        -       0x00000400   Zero   RW          936    STACK               startup_stm32f446xx.o


==============================================================================

Image component sizes


      Code (inc. data)   RO Data    RW Data    ZI Data      Debug   Object Name

      6038         56         13         80        551      16627   main.o
        64         26        452          0       1536        900   startup_stm32f446xx.o
       276          0          0          5          4       7648   stm32f4xx_hal.o
       482          0          0          0          0       9875   stm32f4xx_hal_cortex.o
       970          0          0          0          0       5443   stm32f4xx_hal_gpio.o
       460          0          0          0          0       8765   stm32f4xx_hal_msp.o
       690          0          0          0          0       7929   stm32f4xx_hal_rcc.o
      2028         14          0          0          0      11089   stm32f4xx_hal_rcc_ex.o
      3336         14          0          0          0      31787   stm32f4xx_hal_tim.o
       306          0          0          0          0      12938   stm32f4xx_hal_tim_ex.o
       998          0          0          0          0      14952   stm32f4xx_hal_usart.o
        50          0          0          0          0       1194   stm32f4xx_it.o
        32          0         24          4          0       2752   system_stm32f4xx.o

    ----------------------------------------------------------------------
     15816        110        524         92       2104     131899   Object Totals
         0          0         32          0          0          0   (incl. Generated)
        86          0          3          3         13          0   (incl. Padding)

    ----------------------------------------------------------------------

      Code (inc. data)   RO Data    RW Data    ZI Data      Debug   Library Member Name

         8          0          0          0          0         68   __main.o
       392          4         17          0          0         92   __printf_flags_ss_wp.o
        14          0          0          0          0         68   __printf_wp.o
         0          0          0          0          0          0   __rtentry.o
        12          0          0          0          0          0   __rtentry2.o
         6          0          0          0          0          0   __rtentry4.o
        52          8          0          0          0          0   __scatter.o
        26          0          0          0          0          0   __scatter_copy.o
        28          0          0          0          0          0   __scatter_zi.o
        72          0          0          0          0         96   _c16rtomb.o
         6          0          0          0          0          0   _printf_a.o
         6          0          0          0          0          0   _printf_c.o
        44          0          0          0          0        108   _printf_char.o
        48          6          0          0          0         96   _printf_char_common.o
        40          0          0          0          0         68   _printf_charcount.o
         6          0          0          0          0          0   _printf_d.o
       120         16          0          0          0         92   _printf_dec.o
         6          0          0          0          0          0   _printf_e.o
         6          0          0          0          0          0   _printf_f.o
      1052          0          0          0          0        148   _printf_fp_dec.o
       764          8         38          0          0        100   _printf_fp_hex.o
       128         16          0          0          0         84   _printf_fp_infnan.o
         6          0          0          0          0          0   _printf_g.o
       148          4         40          0          0        160   _printf_hex_int_ll_ptr.o
         6          0          0          0          0          0   _printf_i.o
       178          0          0          0          0         88   _printf_intcommon.o
        10          0          0          0          0          0   _printf_l.o
         6          0          0          0          0          0   _printf_lc.o
        10          0          0          0          0          0   _printf_ll.o
         6          0          0          0          0          0   _printf_lld.o
         6          0          0          0          0          0   _printf_lli.o
         6          0          0          0          0          0   _printf_llo.o
         6          0          0          0          0          0   _printf_llu.o
         6          0          0          0          0          0   _printf_llx.o
       124         16          0          0          0         92   _printf_longlong_dec.o
         6          0          0          0          0          0   _printf_ls.o
         6          0          0          0          0          0   _printf_n.o
         6          0          0          0          0          0   _printf_o.o
       112          8          0          0          0        124   _printf_oct_int_ll.o
         6          0          0          0          0          0   _printf_p.o
        78          0          0          0          0        108   _printf_pad.o
         0          0          0          0          0          0   _printf_percent.o
         4          0          0          0          0          0   _printf_percent_end.o
         6          0          0          0          0          0   _printf_s.o
        82          0          0          0          0         80   _printf_str.o
        36          0          0          0          0         84   _printf_truncate.o
         6          0          0          0          0          0   _printf_u.o
        44          0          0          0          0        108   _printf_wchar.o
       188          6          8          0          0         92   _printf_wctomb.o
         6          0          0          0          0          0   _printf_x.o
        22          0          0          0          0        100   _rserrno.o
        10          0          0          0          0         68   _sputc.o
       228          4        148          0          0         96   bigflt0.o
      1936        128          0          0          0        668   btod.o
        18          0          0          0          0         80   exit.o
         6          0          0          0          0        152   heapauxi.o
         0          0          0          0          0          0   indicate_semi.o
        44         10        272          0          0         76   lc_ctype_c.o
        44         10         28          0          0         76   lc_numeric_c.o
         2          0          0          0          0          0   libinit.o
        34          0          0          0          0          0   libinit2.o
         2          0          0          0          0          0   libshutdown.o
         2          0          0          0          0          0   libshutdown2.o
         8          4          0          0         96         68   libspace.o
       138          0          0          0          0         80   lludiv10.o
       240          0          0          0          0        100   lludivv7m.o
        16          4          0          0          0         76   rt_ctype_table.o
         8          4          0          0          0         68   rt_errno_addr_intlibspace.o
         8          4          0          0          0         68   rt_locale_intlibspace.o
        78          0          0          0          0         80   rt_memclr_w.o
         2          0          0          0          0          0   rtexit.o
        10          0          0          0          0          0   rtexit2.o
        44          6          0          0          0         84   sprintf.o
       124          0          0          0          0         88   strcmpv7em.o
        62          0          0          0          0         76   strlen.o
        12          4          0          0          0         68   sys_exit.o
        74          0          0          0          0         80   sys_stackheap_outer.o
         2          0          0          0          0         68   use_no_semi.o
        24          0          0          0          0        164   basic.o
        98          4          0          0          0        140   d2f.o
       834         16          0          0          0        516   daddsub_clz.o
        16          4          0          0          0        116   dcheck1.o
        24          0          0          0          0        116   dcmpi.o
       692        140          0          0          0        264   ddiv.o
        46          0          0          0          0        116   dflt_clz.o
       120          4          0          0          0        140   dleqf.o
       340         12          0          0          0        152   dmul.o
       156          4          0          0          0        140   dnaninf.o
        12          0          0          0          0        116   dretinf.o
       108          0          0          0          0        128   drleqf.o
       408         56          0          0          0        168   dsqrt_umaal.o
        86          4          0          0          0        132   f2d.o
       140          4          0          0          0        132   fnaninf.o
        26          0          0          0          0        116   fpinit.o
        10          0          0          0          0        116   fretinf.o
         4          0          0          0          0        116   printf1.o
         4          0          0          0          0        116   printf2.o
       100          0          0          0          0        116   retnan.o
        92          0          0          0          0        116   scalbn.o
        48          0          0          0          0        116   trapv.o
         0          0          0          0          0          0   usenofp.o
       164         44          0          0          0        620   dunder.o
        24          0          0          0          0        124   fabs.o
        48          0          0          0          0        124   fpclassify.o
       248          0          0          0          0        152   poly.o
      3168        296        136          0          0        352   pow.o
         0          0          8          0          0          0   qnan.o
       110          0          0          0          0        148   sqrt.o

    ----------------------------------------------------------------------
     14292        858        704          0         96       9148   Library Totals
        28          0          9          0          0          0   (incl. Padding)

    ----------------------------------------------------------------------

      Code (inc. data)   RO Data    RW Data    ZI Data      Debug   Library Name

      7114        270        551          0         96       4276   c_w.l
      3388        248          0          0          0       3352   fz_wm.l
      3762        340        144          0          0       1520   m_wm.l

    ----------------------------------------------------------------------
     14292        858        704          0         96       9148   Library Totals

    ----------------------------------------------------------------------

==============================================================================


      Code (inc. data)   RO Data    RW Data    ZI Data      Debug   

     30108        968       1228         92       2200     135383   Grand Totals
     30108        968       1228         92       2200     135383   ELF Image Totals
     30108        968       1228         92          0          0   ROM Totals

==============================================================================

    Total RO  Size (Code + RO Data)                31336 (  30.60kB)
    Total RW  Size (RW Data + ZI Data)              2292 (   2.24kB)
    Total ROM Size (Code + RO Data + RW Data)      31428 (  30.69kB)

==============================================================================

