Component: ARM Compiler 6.16 Tool: armlink [5dfeaa00]

==============================================================================

Section Cross References

    pid_controller.o(.text.PIDInit) refers to pid_controller.o(.text.PIDOutputLimitsSet) for PIDOutputLimitsSet
    pid_controller.o(.text.PIDInit) refers to pid_controller.o(.text.PIDTuningsSet) for PIDTuningsSet
    pid_controller.o(.ARM.exidx.text.PIDInit) refers to pid_controller.o(.text.PIDInit) for [Anonymous Symbol]
    pid_controller.o(.ARM.exidx.text.PIDOutputLimitsSet) refers to pid_controller.o(.text.PIDOutputLimitsSet) for [Anonymous Symbol]
    pid_controller.o(.ARM.exidx.text.PIDTuningsSet) refers to pid_controller.o(.text.PIDTuningsSet) for [Anonymous Symbol]
    pid_controller.o(.ARM.exidx.text.PIDCompute) refers to pid_controller.o(.text.PIDCompute) for [Anonymous Symbol]
    pid_controller.o(.ARM.exidx.text.PIDModeSet) refers to pid_controller.o(.text.PIDModeSet) for [Anonymous Symbol]
    pid_controller.o(.text.PIDTuningKpSet) refers to pid_controller.o(.text.PIDTuningsSet) for PIDTuningsSet
    pid_controller.o(.ARM.exidx.text.PIDTuningKpSet) refers to pid_controller.o(.text.PIDTuningKpSet) for [Anonymous Symbol]
    pid_controller.o(.text.PIDTuningKiSet) refers to pid_controller.o(.text.PIDTuningsSet) for PIDTuningsSet
    pid_controller.o(.ARM.exidx.text.PIDTuningKiSet) refers to pid_controller.o(.text.PIDTuningKiSet) for [Anonymous Symbol]
    pid_controller.o(.text.PIDTuningKdSet) refers to pid_controller.o(.text.PIDTuningsSet) for PIDTuningsSet
    pid_controller.o(.ARM.exidx.text.PIDTuningKdSet) refers to pid_controller.o(.text.PIDTuningKdSet) for [Anonymous Symbol]
    pid_controller.o(.ARM.exidx.text.PIDControllerDirectionSet) refers to pid_controller.o(.text.PIDControllerDirectionSet) for [Anonymous Symbol]
    pid_controller.o(.ARM.exidx.text.PIDSampleTimeSet) refers to pid_controller.o(.text.PIDSampleTimeSet) for [Anonymous Symbol]
    pid_controller.o(.ARM.exidx.text.PIDSetpointSet) refers to pid_controller.o(.text.PIDSetpointSet) for [Anonymous Symbol]
    pid_controller.o(.ARM.exidx.text.PIDInputSet) refers to pid_controller.o(.text.PIDInputSet) for [Anonymous Symbol]
    pid_controller.o(.ARM.exidx.text.PIDOutputGet) refers to pid_controller.o(.text.PIDOutputGet) for [Anonymous Symbol]
    main.o(.text) refers (Special) to _printf_d.o(.ARM.Collect$$_printf_percent$$00000009) for _printf_d
    main.o(.text) refers (Special) to _printf_f.o(.ARM.Collect$$_printf_percent$$00000003) for _printf_f
    main.o(.text) refers (Special) to printf1.o(x$fpl$printf1) for _printf_fp_dec
    main.o(.text) refers (Special) to _printf_dec.o(.text) for _printf_int_dec
    main.o(.text) refers (Special) to _printf_percent.o(.ARM.Collect$$_printf_percent$$00000000) for _printf_percent
    main.o(.text.main) refers (Special) to _printf_d.o(.ARM.Collect$$_printf_percent$$00000009) for _printf_d
    main.o(.text.main) refers (Special) to _printf_f.o(.ARM.Collect$$_printf_percent$$00000003) for _printf_f
    main.o(.text.main) refers (Special) to printf1.o(x$fpl$printf1) for _printf_fp_dec
    main.o(.text.main) refers (Special) to _printf_dec.o(.text) for _printf_int_dec
    main.o(.text.main) refers (Special) to _printf_percent.o(.ARM.Collect$$_printf_percent$$00000000) for _printf_percent
    main.o(.text.main) refers to stm32f4xx_hal.o(.text.HAL_Init) for HAL_Init
    main.o(.text.main) refers to main.o(.text.SystemClock_Config) for SystemClock_Config
    main.o(.text.main) refers to main.o(.text.Touch_Init) for Touch_Init
    main.o(.text.main) refers to main.o(.data.Kpx) for Kpx
    main.o(.text.main) refers to main.o(.data.Kix) for Kix
    main.o(.text.main) refers to main.o(.data.Kdx) for Kdx
    main.o(.text.main) refers to main.o(.data.SampleTime) for SampleTime
    main.o(.text.main) refers to main.o(.bss.PIDx) for PIDx
    main.o(.text.main) refers to pid_controller.o(.text.PIDInit) for PIDInit
    main.o(.text.main) refers to main.o(.data.Kpy) for Kpy
    main.o(.text.main) refers to main.o(.data.Kiy) for Kiy
    main.o(.text.main) refers to main.o(.data.Kdy) for Kdy
    main.o(.text.main) refers to main.o(.bss.PIDy) for PIDy
    main.o(.text.main) refers to pid_controller.o(.text.PIDSetpointSet) for PIDSetpointSet
    main.o(.text.main) refers to main.o(.text.MX_GPIO_Init) for MX_GPIO_Init
    main.o(.text.main) refers to main.o(.text.MX_TIM4_Init) for MX_TIM4_Init
    main.o(.text.main) refers to main.o(.text.MX_USART2_Init) for MX_USART2_Init
    main.o(.text.main) refers to main.o(.text.MX_TIM6_Init) for MX_TIM6_Init
    main.o(.text.main) refers to main.o(.bss.htim4) for htim4
    main.o(.text.main) refers to stm32f4xx_hal_tim.o(.text.HAL_TIM_PWM_Start) for HAL_TIM_PWM_Start
    main.o(.text.main) refers to main.o(.bss.htim6) for htim6
    main.o(.text.main) refers to stm32f4xx_hal_tim.o(.text.HAL_TIM_Base_Start_IT) for HAL_TIM_Base_Start_IT
[...]
    .text                                    0x08000444   Section        0  _printf_dec.o(.text)
    .text                                    0x080004bc   Section        0  strlen.o(.text)
    .text                                    0x080004fa   Section       78  rt_memclr_w.o(.text)
    .text                                    0x08000548   Section        0  heapauxi.o(.text)
    .text                                    0x0800054e   Section        0  _printf_intcommon.o(.text)
    _fp_digits                               0x08000601   Thumb Code   432  _printf_fp_dec.o(.text)
    .text                                    0x08000600   Section        0  _printf_fp_dec.o(.text)
    _printf_input_char                       0x08000a1d   Thumb Code    10  _printf_char_common.o(.text)
    .text                                    0x08000a1c   Section        0  _printf_char_common.o(.text)
    .text                                    0x08000a4c   Section        0  _sputc.o(.text)
    .text                                    0x08000a58   Section        8  rt_locale_intlibspace.o(.text)
    .text                                    0x08000a60   Section      138  lludiv10.o(.text)
    .text                                    0x08000aec   Section        0  _printf_fp_infnan.o(.text)
    .text                                    0x08000b6c   Section        0  bigflt0.o(.text)
    .text                                    0x08000c50   Section        8  libspace.o(.text)
    .text                                    0x08000c58   Section       74  sys_stackheap_outer.o(.text)
    .text                                    0x08000ca2   Section        0  exit.o(.text)
    .text                                    0x08000cb8   Section      124  strcmpv7em.o(.text)
    .text                                    0x08000d34   Section        0  sys_exit.o(.text)
    .text                                    0x08000d40   Section        2  use_no_semi.o(.text)
    .text                                    0x08000d42   Section        0  indicate_semi.o(.text)
    [Anonymous Symbol]                       0x08000d44   Section        0  stm32f4xx_it.o(.text.BusFault_Handler)
    [Anonymous Symbol]                       0x08000d48   Section        0  stm32f4xx_it.o(.text.DebugMon_Handler)
    [Anonymous Symbol]                       0x08000d4c   Section        0  main.o(.text.Error_Handler)
    [Anonymous Symbol]                       0x08000d58   Section        0  stm32f4xx_hal.o(.text.HAL_Delay)
    [Anonymous Symbol]                       0x08000d80   Section        0  stm32f4xx_hal_gpio.o(.text.HAL_GPIO_Init)
    [Anonymous Symbol]                       0x08000f1c   Section        0  stm32f4xx_hal_gpio.o(.text.HAL_GPIO_TogglePin)
    [Anonymous Symbol]                       0x08000f2c   Section        0  stm32f4xx_hal_gpio.o(.text.HAL_GPIO_WritePin)
    [Anonymous Symbol]                       0x08000f38   Section        0  stm32f4xx_hal.o(.text.HAL_GetTick)
    [Anonymous Symbol]                       0x08000f44   Section        0  stm32f4xx_hal.o(.text.HAL_IncTick)
    [Anonymous Symbol]                       0x08000f60   Section        0  stm32f4xx_hal.o(.text.HAL_Init)
    [Anonymous Symbol]                       0x08000f98   Section        0  stm32f4xx_hal.o(.text.HAL_InitTick)
    [Anonymous Symbol]                       0x08000fe8   Section        0  stm32f4xx_hal_msp.o(.text.HAL_MspInit)
    [Anonymous Symbol]                       0x08001020   Section        0  stm32f4xx_hal_cortex.o(.text.HAL_NVIC_EnableIRQ)
    [Anonymous Symbol]                       0x08001028   Section        0  stm32f4xx_hal_cortex.o(.text.HAL_NVIC_SetPriority)
    [Anonymous Symbol]                       0x08001048   Section        0  stm32f4xx_hal_cortex.o(.text.HAL_NVIC_SetPriorityGrouping)
    [Anonymous Symbol]                       0x08001050   Section        0  stm32f4xx_hal_rcc.o(.text.HAL_RCC_ClockConfig)
    [Anonymous Symbol]                       0x080011b0   Section        0  stm32f4xx_hal_rcc.o(.text.HAL_RCC_GetHCLKFreq)
    [Anonymous Symbol]                       0x080011bc   Section        0  stm32f4xx_hal_rcc.o(.text.HAL_RCC_GetPCLK1Freq)
    [Anonymous Symbol]                       0x080011e0   Section        0  stm32f4xx_hal_rcc.o(.text.HAL_RCC_GetPCLK2Freq)
    [Anonymous Symbol]                       0x08001204   Section        0  stm32f4xx_hal_rcc_ex.o(.text.HAL_RCC_GetSysClockFreq)
    [Anonymous Symbol]                       0x080012a4   Section        0  stm32f4xx_hal_rcc_ex.o(.text.HAL_RCC_OscConfig)
    [Anonymous Symbol]                       0x080015c8   Section        0  stm32f4xx_hal_cortex.o(.text.HAL_SYSTICK_Config)
    [Anonymous Symbol]                       0x080015d0   Section        0  stm32f4xx_hal_tim_ex.o(.text.HAL_TIMEx_BreakCallback)
    [Anonymous Symbol]                       0x080015d4   Section        0  stm32f4xx_hal_tim_ex.o(.text.HAL_TIMEx_CommutCallback)
    [Anonymous Symbol]                       0x080015d8   Section        0  stm32f4xx_hal_tim_ex.o(.text.HAL_TIMEx_MasterConfigSynchronization)
    [Anonymous Symbol]                       0x08001690   Section        0  stm32f4xx_hal_tim.o(.text.HAL_TIM_Base_Init)
    [Anonymous Symbol]                       0x080016c8   Section        0  stm32f4xx_hal_msp.o(.text.HAL_TIM_Base_MspInit)
    [Anonymous Symbol]                       0x0800173c   Section        0  stm32f4xx_hal_tim.o(.text.HAL_TIM_Base_Start_IT)
    [Anonymous Symbol]                       0x0800175c   Section        0  stm32f4xx_hal_tim.o(.text.HAL_TIM_ConfigClockSource)
    [Anonymous Symbol]                       0x0800182c   Section        0  stm32f4xx_hal_tim.o(.text.HAL_TIM_IC_CaptureCallback)
    [Anonymous Symbol]                       0x08001830   Section        0  stm32f4xx_hal_tim.o(.text.HAL_TIM_IRQHandler)
    [Anonymous Symbol]                       0x0800199c   Section        0  stm32f4xx_hal_msp.o(.text.HAL_TIM_MspPostInit)
    [Anonymous Symbol]                       0x080019f8   Section        0  stm32f4xx_hal_tim.o(.text.HAL_TIM_OC_DelayElapsedCallback)
    [Anonymous Symbol]                       0x080019fc   Section        0  stm32f4xx_hal_tim.o(.text.HAL_TIM_PWM_ConfigChannel)
    [Anonymous Symbol]                       0x08001a9c   Section        0  stm32f4xx_hal_tim.o(.text.HAL_TIM_PWM_Init)
    [Anonymous Symbol]                       0x08001ad4   Section        0  stm32f4xx_hal_tim.o(.text.HAL_TIM_PWM_MspInit)
    [Anonymous Symbol]                       0x08001ad8   Section        0  stm32f4xx_hal_tim.o(.text.HAL_TIM_PWM_PulseFinishedCallback)
    [Anonymous Symbol]                       0x08001adc   Section        0  stm32f4xx_hal_tim.o(.text.HAL_TIM_PWM_Start)
    [Anonymous Symbol]                       0x08001b18   Section        0  main.o(.text.HAL_TIM_PeriodElapsedCallback)
    [Anonymous Symbol]                       0x08001c34   Section        0  stm32f4xx_hal_tim.o(.text.HAL_TIM_TriggerCallback)
    [Anonymous Symbol]                       0x08001c38   Section        0  stm32f4xx_hal_usart.o(.text.HAL_USART_Init)
    [Anonymous Symbol]                       0x08001c88   Section        0  stm32f4xx_hal_msp.o(.text.HAL_USART_MspInit)
    [Anonymous Symbol]                       0x08001cfc   Section        0  stm32f4xx_hal_usart.o(.text.HAL_USART_Transmit)
    [Anonymous Symbol]                       0x08001dbc   Section        0  stm32f4xx_it.o(.text.HardFault_Handler)
    MX_GPIO_Init                             0x08001dc1   Thumb Code   104  main.o(.text.MX_GPIO_Init)
    [Anonymous Symbol]                       0x08001dc0   Section        0  main.o(.text.MX_GPIO_Init)
    MX_TIM4_Init                             0x08001e29   Thumb Code   202  main.o(.text.MX_TIM4_Init)
    [Anonymous Symbol]                       0x08001e28   Section        0  main.o(.text.MX_TIM4_Init)
    MX_TIM6_Init                             0x08001ef5   Thumb Code   116  main.o(.text.MX_TIM6_Init)
    [Anonymous Symbol]                       0x08001ef4   Section        0  main.o(.text.MX_TIM6_Init)
    MX_USART2_Init                           0x08001f69   Thumb Code    58  main.o(.text.MX_USART2_Init)
    [Anonymous Symbol]                       0x08001f68   Section        0  main.o(.text.MX_USART2_Init)
    [Anonymous Symbol]                       0x08001fa4   Section        0  stm32f4xx_it.o(.text.MemManage_Handler)
    [Anonymous Symbol]                       0x08001fa8   Section        0  stm32f4xx_it.o(.text.NMI_Handler)
    NVIC_EncodePriority                      0x08001fad   Thumb Code    44  stm32f4xx_hal_cortex.o(.text.NVIC_EncodePriority)
    [Anonymous Symbol]                       0x08001fac   Section        0  stm32f4xx_hal_cortex.o(.text.NVIC_EncodePriority)
    [Anonymous Symbol]                       0x08001fd8   Section        0  pid_controller.o(.text.PIDCompute)
    [Anonymous Symbol]                       0x0800207c   Section        0  pid_controller.o(.text.PIDInit)
    [Anonymous Symbol]                       0x080020e0   Section        0  pid_controller.o(.text.PIDInputSet)
    [Anonymous Symbol]                       0x080020e8   Section        0  pid_controller.o(.text.PIDOutputGet)
    [Anonymous Symbol]                       0x080020f0   Section        0  pid_controller.o(.text.PIDOutputLimitsSet)
    [Anonymous Symbol]                       0x0800215c   Section        0  pid_controller.o(.text.PIDSetpointSet)
    [Anonymous Symbol]                       0x08002164   Section        0  pid_controller.o(.text.PIDTuningsSet)
    [Anonymous Symbol]                       0x080021c8   Section        0  stm32f4xx_it.o(.text.PendSV_Handler)
    [Anonymous Symbol]                       0x080021cc   Section        0  stm32f4xx_it.o(.text.SVC_Handler)
    SysTick_Config                           0x080021d1   Thumb Code    46  stm32f4xx_hal_cortex.o(.text.SysTick_Config)
    [Anonymous Symbol]                       0x080021d0   Section        0  stm32f4xx_hal_cortex.o(.text.SysTick_Config)
    [Anonymous Symbol]                       0x08002200   Section        0  stm32f4xx_it.o(.text.SysTick_Handler)
    [Anonymous Symbol]                       0x08002208   Section        0  main.o(.text.SystemClock_Config)
    [Anonymous Symbol]                       0x080022a4   Section        0  system_stm32f4xx.o(.text.SystemInit)
    [Anonymous Symbol]                       0x080022c0   Section        0  stm32f4xx_it.o(.text.TIM6_DAC_IRQHandler)
    [Anonymous Symbol]                       0x080022d0   Section        0  stm32f4xx_hal_tim.o(.text.TIM_Base_SetConfig)
    [Anonymous Symbol]                       0x080023f4   Section        0  stm32f4xx_hal_tim.o(.text.TIM_CCxChannelCmd)
    [Anonymous Symbol]                       0x08002418   Section        0  stm32f4xx_hal_tim.o(.text.TIM_ETR_SetConfig)
    TIM_ITRx_SetConfig                       0x08002431   Thumb Code    16  stm32f4xx_hal_tim.o(.text.TIM_ITRx_SetConfig)
    [Anonymous Symbol]                       0x08002430   Section        0  stm32f4xx_hal_tim.o(.text.TIM_ITRx_SetConfig)
    TIM_OC1_SetConfig                        0x08002441   Thumb Code   100  stm32f4xx_hal_tim.o(.text.TIM_OC1_SetConfig)
    [Anonymous Symbol]                       0x08002440   Section        0  stm32f4xx_hal_tim.o(.text.TIM_OC1_SetConfig)
    [Anonymous Symbol]                       0x080024a4   Section        0  stm32f4xx_hal_tim.o(.text.TIM_OC2_SetConfig)
    TIM_OC3_SetConfig                        0x08002511   Thumb Code   104  stm32f4xx_hal_tim.o(.text.TIM_OC3_SetConfig)
    [Anonymous Symbol]                       0x08002510   Section        0  stm32f4xx_hal_tim.o(.text.TIM_OC3_SetConfig)
    TIM_OC4_SetConfig                        0x08002579   Thumb Code    78  stm32f4xx_hal_tim.o(.text.TIM_OC4_SetConfig)
    [Anonymous Symbol]                       0x08002578   Section        0  stm32f4xx_hal_tim.o(.text.TIM_OC4_SetConfig)
    TIM_TI1_ConfigInputStage                 0x080025c9   Thumb Code    34  stm32f4xx_hal_tim.o(.text.TIM_TI1_ConfigInputStage)
    [Anonymous Symbol]                       0x080025c8   Section        0  stm32f4xx_hal_tim.o(.text.TIM_TI1_ConfigInputStage)
    TIM_TI2_ConfigInputStage                 0x080025ed   Thumb Code    36  stm32f4xx_hal_tim.o(.text.TIM_TI2_ConfigInputStage)
    [Anonymous Symbol]                       0x080025ec   Section        0  stm32f4xx_hal_tim.o(.text.TIM_TI2_ConfigInputStage)
    [Anonymous Symbol]                       0x08002610   Section        0  main.o(.text.Touch_Init)
    USART_SetConfig                          0x08002681   Thumb Code   180  stm32f4xx_hal_usart.o(.text.USART_SetConfig)
    [Anonymous Symbol]                       0x08002680   Section        0  stm32f4xx_hal_usart.o(.text.USART_SetConfig)
    USART_WaitOnFlagUntilTimeout             0x08002735   Thumb Code   112  stm32f4xx_hal_usart.o(.text.USART_WaitOnFlagUntilTimeout)
    [Anonymous Symbol]                       0x08002734   Section        0  stm32f4xx_hal_usart.o(.text.USART_WaitOnFlagUntilTimeout)
    [Anonymous Symbol]                       0x080027a4   Section        0  stm32f4xx_it.o(.text.UsageFault_Handler)
    __NVIC_EnableIRQ                         0x080027a9   Thumb Code    32  stm32f4xx_hal_cortex.o(.text.__NVIC_EnableIRQ)
    [Anonymous Symbol]                       0x080027a8   Section        0  stm32f4xx_hal_cortex.o(.text.__NVIC_EnableIRQ)
    __NVIC_GetPriorityGrouping               0x080027c9   Thumb Code    16  stm32f4xx_hal_cortex.o(.text.__NVIC_GetPriorityGrouping)
    [Anonymous Symbol]                       0x080027c8   Section        0  stm32f4xx_hal_cortex.o(.text.__NVIC_GetPriorityGrouping)
    __NVIC_SetPriority                       0x080027d9   Thumb Code    34  stm32f4xx_hal_cortex.o(.text.__NVIC_SetPriority)
    [Anonymous Symbol]                       0x080027d8   Section        0  stm32f4xx_hal_cortex.o(.text.__NVIC_SetPriority)
    __NVIC_SetPriorityGrouping               0x080027fd   Thumb Code    32  stm32f4xx_hal_cortex.o(.text.__NVIC_SetPriorityGrouping)
    [Anonymous Symbol]                       0x080027fc   Section        0  stm32f4xx_hal_cortex.o(.text.__NVIC_SetPriorityGrouping)
    [Anonymous Symbol]                       0x0800281c   Section        0  main.o(.text.main)
    [Anonymous Symbol]                       0x08002980   Section        0  main.o(.text.median)
    [Anonymous Symbol]                       0x080029d8   Section        0  main.o(.text.read_touchX)
    [Anonymous Symbol]                       0x08002a40   Section        0  main.o(.text.read_touchY)
    [Anonymous Symbol]                       0x08002aa8   Section        0  main.o(.text.read_touch_cal)
    CL$$btod_d2e                             0x08002be0   Section       62  btod.o(CL$$btod_d2e)
    CL$$btod_d2e_denorm_low                  0x08002c1e   Section       70  btod.o(CL$$btod_d2e_denorm_low)
    CL$$btod_d2e_norm_op1                    0x08002c64   Section       96  btod.o(CL$$btod_d2e_norm_op1)
    CL$$btod_div_common                      0x08002cc4   Section      824  btod.o(CL$$btod_div_common)
    CL$$btod_e2e                             0x08002ffc   Section      220  btod.o(CL$$btod_e2e)
    CL$$btod_ediv                            0x080030d8   Section       42  btod.o(CL$$btod_ediv)
    CL$$btod_emul                            0x08003102   Section       42  btod.o(CL$$btod_emul)
    CL$$btod_mult_common                     0x0800312c   Section      580  btod.o(CL$$btod_mult_common)
    i.__ARM_fpclassify                       0x08003370   Section        0  fpclassify.o(i.__ARM_fpclassify)
    locale$$code                             0x080033a0   Section       44  lc_numeric_c.o(locale$$code)
    $v0                                      0x080033cc   Number         0  d2f.o(x$fpl$d2f)
    x$fpl$d2f                                0x080033cc   Section       98  d2f.o(x$fpl$d2f)
    $v0                                      0x08003430   Number         0  daddsub_clz.o(x$fpl$dadd)
    x$fpl$dadd                               0x08003430   Section      336  daddsub_clz.o(x$fpl$dadd)
    _dadd1                                   0x08003441   Thumb Code     0  daddsub_clz.o(x$fpl$dadd)
    $v0                                      0x08003580   Number         0  dcmpi.o(x$fpl$dcmpinf)
    x$fpl$dcmpinf                            0x08003580   Section       24  dcmpi.o(x$fpl$dcmpinf)
    $v0                                      0x08003598   Number         0  deqf.o(x$fpl$deqf)
    x$fpl$deqf                               0x08003598   Section      120  deqf.o(x$fpl$deqf)
    $v0                                      0x08003610   Number         0  dflt_clz.o(x$fpl$dfltu)
    x$fpl$dfltu                              0x08003610   Section       38  dflt_clz.o(x$fpl$dfltu)
    $v0                                      0x08003638   Number         0  dgeqf.o(x$fpl$dgeqf)
    x$fpl$dgeqf                              0x08003638   Section      120  dgeqf.o(x$fpl$dgeqf)
    $v0                                      0x080036b0   Number         0  dleqf.o(x$fpl$dleqf)
    x$fpl$dleqf                              0x080036b0   Section      120  dleqf.o(x$fpl$dleqf)
    $v0                                      0x08003728   Number         0  dmul.o(x$fpl$dmul)
    x$fpl$dmul                               0x08003728   Section      340  dmul.o(x$fpl$dmul)
    $v0                                      0x0800387c   Number         0  dnaninf.o(x$fpl$dnaninf)
    x$fpl$dnaninf                            0x0800387c   Section      156  dnaninf.o(x$fpl$dnaninf)
    $v0                                      0x08003918   Number         0  dretinf.o(x$fpl$dretinf)
    x$fpl$dretinf                            0x08003918   Section       12  dretinf.o(x$fpl$dretinf)
    $v0                                      0x08003924   Number         0  daddsub_clz.o(x$fpl$dsub)
    x$fpl$dsub                               0x08003924   Section      476  daddsub_clz.o(x$fpl$dsub)
    _dsub1                                   0x08003935   Thumb Code     0  daddsub_clz.o(x$fpl$dsub)
    $v0                                      0x08003b00   Number         0  dcmp.o(x$fpl$fcmp)
    x$fpl$fcmp                               0x08003b00   Section       84  dcmp.o(x$fpl$fcmp)
    $v0                                      0x08003b54   Number         0  fpinit.o(x$fpl$fpinit)
    x$fpl$fpinit                             0x08003b54   Section       26  fpinit.o(x$fpl$fpinit)
    $v0                                      0x08003b6e   Number         0  fretinf.o(x$fpl$fretinf)
    x$fpl$fretinf                            0x08003b6e   Section       10  fretinf.o(x$fpl$fretinf)
    $v0                                      0x08003b78   Number         0  printf1.o(x$fpl$printf1)
    x$fpl$printf1                            0x08003b78   Section        4  printf1.o(x$fpl$printf1)
    tenpwrs_x                                0x08003b7c   Data          60  bigflt0.o(.constdata)
    .constdata                               0x08003b7c   Section      148  bigflt0.o(.constdata)
    x$fpl$usenofp                            0x08003b7c   Section        0  usenofp.o(x$fpl$usenofp)
    tenpwrs_i                                0x08003bb8   Data          64  bigflt0.o(.constdata)
    locale$$data                             0x08003c48   Section       28  lc_numeric_c.o(locale$$data)
    __lcnum_c_name                           0x08003c4c   Data           2  lc_numeric_c.o(locale$$data)
    __lcnum_c_start                          0x08003c54   Data           0  lc_numeric_c.o(locale$$data)
    __lcnum_c_point                          0x08003c60   Data           0  lc_numeric_c.o(locale$$data)
    __lcnum_c_thousands                      0x08003c62   Data           0  lc_numeric_c.o(locale$$data)
    __lcnum_c_grouping                       0x08003c63   Data           0  lc_numeric_c.o(locale$$data)
    __lcnum_c_end                            0x08003c64   Data           0  lc_numeric_c.o(locale$$data)
    .bss                                     0x20000028   Section       96  libspace.o(.bss)
    Heap_Mem                                 0x20000220   Data         512  startup_stm32f446xx.o(HEAP)
    HEAP                                     0x20000220   Section      512  startup_stm32f446xx.o(HEAP)
    Stack_Mem                                0x20000420   Data        1024  startup_stm32f446xx.o(STACK)
    STACK                                    0x20000420   Section     1024  startup_stm32f446xx.o(STACK)
    __initial_sp                             0x20000820   Data           0  startup_stm32f446xx.o(STACK)

    Global Symbols

    Symbol Name                              Value     Ov Type        Size  Object(Section)

    BuildAttributes$$THM_ISAv4$E$P$D$K$B$S$7EM$VFPi3$EXTD16$VFPS$VFMA$PE$A:L22UL41UL21$X:L11$S22US41US21$IEEE1$IW$~IW$USESV6$~STKCKD$USESV7$~SHL$OTIME$ROPI$IEEEJ$EBA8$UX$STANDARDLIB$REQ8$PRES8$EABIv2 0x00000000   Number         0  anon$$obj.o ABSOLUTE
    __ARM_exceptions_init                     - Undefined Weak Reference
    __alloca_initialize                       - Undefined Weak Reference
    __arm_preinit_                            - Undefined Weak Reference
    __cpp_initialize__aeabi_                  - Undefined Weak Reference
    __cxa_finalize                            - Undefined Weak Reference
    __sigvec_lookup                           - Undefined Weak Reference
    _atexit_init                              - Undefined Weak Reference
    _call_atexit_fns                          - Undefined Weak Reference
    _clock_init                               - Undefined Weak Reference
    _fp_trap_init                             - Undefined Weak Reference
    _fp_trap_shutdown                         - Undefined Weak Reference
    _get_lc_collate                           - Undefined Weak Reference
    _get_lc_ctype                             - Undefined Weak Reference
    _get_lc_monetary                          - Undefined Weak Reference
    _get_lc_time                              - Undefined Weak Reference
    _getenv_init                              - Undefined Weak Reference
    _handle_redirection                       - Undefined Weak Reference
    _init_alloc                               - Undefined Weak Reference
    _init_user_alloc                          - Undefined Weak Reference
    _initio                                   - Undefined Weak Reference
    _printf_post_padding                      - Undefined Weak Reference
    _printf_pre_padding                       - Undefined Weak Reference
    _printf_truncate_signed                   - Undefined Weak Reference
    _printf_truncate_unsigned                 - Undefined Weak Reference
    _rand_init                                - Undefined Weak Reference
    _signal_finish                            - Undefined Weak Reference
    _signal_init                              - Undefined Weak Reference
    _terminate_alloc                          - Undefined Weak Reference
    _terminate_user_alloc                     - Undefined Weak Reference
    _terminateio                              - Undefined Weak Reference
    __Vectors_Size                           0x000001c4   Number         0  startup_stm32f446xx.o ABSOLUTE
    __Vectors                                0x08000000   Data           4  startup_stm32f446xx.o(RESET)
    __Vectors_End                            0x080001c4   Data           0  startup_stm32f446xx.o(RESET)
    __main                                   0x080001c5   Thumb Code     8  __main.o(!!!main)
    __scatterload                            0x080001cd   Thumb Code     0  __scatter.o(!!!scatter)
    __scatterload_rt2                        0x080001cd   Thumb Code    44  __scatter.o(!!!scatter)
    __scatterload_rt2_thumb_only             0x080001cd   Thumb Code     0  __scatter.o(!!!scatter)
    __scatterload_null                       0x080001db   Thumb Code     0  __scatter.o(!!!scatter)
    __scatterload_copy                       0x08000201   Thumb Code    26  __scatter_copy.o(!!handler_copy)
    __scatterload_zeroinit                   0x0800021d   Thumb Code    28  __scatter_zi.o(!!handler_zi)
    _printf_f                                0x08000239   Thumb Code     0  _printf_f.o(.ARM.Collect$$_printf_percent$$00000003)
    _printf_percent                          0x08000239   Thumb Code     0  _printf_percent.o(.ARM.Collect$$_printf_percent$$00000000)
    _printf_d                                0x0800023f   Thumb Code     0  _printf_d.o(.ARM.Collect$$_printf_percent$$00000009)
    _printf_percent_end                      0x08000245   Thumb Code     0  _printf_percent_end.o(.ARM.Collect$$_printf_percent$$00000017)
    __rt_lib_init                            0x08000249   Thumb Code     0  libinit.o(.ARM.Collect$$libinit$$00000000)
    __rt_lib_init_fp_1                       0x0800024b   Thumb Code     0  libinit2.o(.ARM.Collect$$libinit$$00000001)
    __rt_lib_init_heap_1                     0x0800024f   Thumb Code     0  libinit2.o(.ARM.Collect$$libinit$$0000000A)
    __rt_lib_init_lc_common                  0x0800024f   Thumb Code     0  libinit2.o(.ARM.Collect$$libinit$$0000000F)
    __rt_lib_init_preinit_1                  0x0800024f   Thumb Code     0  libinit2.o(.ARM.Collect$$libinit$$00000004)
    __rt_lib_init_rand_1                     0x0800024f   Thumb Code     0  libinit2.o(.ARM.Collect$$libinit$$0000000E)
    __rt_lib_init_user_alloc_1               0x0800024f   Thumb Code     0  libinit2.o(.ARM.Collect$$libinit$$0000000C)
    __rt_lib_init_lc_collate_1               0x08000255   Thumb Code     0  libinit2.o(.ARM.Collect$$libinit$$00000011)
    __rt_lib_init_lc_ctype_1                 0x08000255   Thumb Code     0  libinit2.o(.ARM.Collect$$libinit$$00000013)
    __rt_lib_init_lc_monetary_1              0x08000255   Thumb Code     0  libinit2.o(.ARM.Collect$$libinit$$00000015)
    __rt_lib_init_lc_numeric_2               0x08000255   Thumb Code     0  libinit2.o(.ARM.Collect$$libinit$$00000016)
    __rt_lib_init_alloca_1                   0x0800025f   Thumb Code     0  libinit2.o(.ARM.Collect$$libinit$$0000002E)
    __rt_lib_init_argv_1                     0x0800025f   Thumb Code     0  libinit2.o(.ARM.Collect$$libinit$$0000002C)
    __rt_lib_init_atexit_1                   0x0800025f   Thumb Code     0  libinit2.o(.ARM.Collect$$libinit$$0000001B)
    __rt_lib_init_clock_1                    0x0800025f   Thumb Code     0  libinit2.o(.ARM.Collect$$libinit$$00000021)
    __rt_lib_init_cpp_1                      0x0800025f   Thumb Code     0  libinit2.o(.ARM.Collect$$libinit$$00000032)
    __rt_lib_init_exceptions_1               0x0800025f   Thumb Code     0  libinit2.o(.ARM.Collect$$libinit$$00000030)
    __rt_lib_init_fp_trap_1                  0x0800025f   Thumb Code     0  libinit2.o(.ARM.Collect$$libinit$$0000001F)
    __rt_lib_init_getenv_1                   0x0800025f   Thumb Code     0  libinit2.o(.ARM.Collect$$libinit$$00000023)
    __rt_lib_init_lc_numeric_1               0x0800025f   Thumb Code     0  libinit2.o(.ARM.Collect$$libinit$$00000017)
    __rt_lib_init_lc_time_1                  0x0800025f   Thumb Code     0  libinit2.o(.ARM.Collect$$libinit$$00000019)
    __rt_lib_init_return                     0x0800025f   Thumb Code     0  libinit2.o(.ARM.Collect$$libinit$$00000033)
    __rt_lib_init_signal_1                   0x0800025f   Thumb Code     0  libinit2.o(.ARM.Collect$$libinit$$0000001D)
    __rt_lib_init_stdio_1                    0x0800025f   Thumb Code     0  libinit2.o(.ARM.Collect$$libinit$$00000025)
    __rt_lib_shutdown                        0x08000261   Thumb Code     0  libshutdown.o(.ARM.Collect$$libshutdown$$00000000)
    __rt_lib_shutdown_cpp_1                  0x08000263   Thumb Code     0  libshutdown2.o(.ARM.Collect$$libshutdown$$00000002)
    __rt_lib_shutdown_fp_trap_1              0x08000263   Thumb Code     0  libshutdown2.o(.ARM.Collect$$libshutdown$$00000007)
    __rt_lib_shutdown_heap_1                 0x08000263   Thumb Code     0  libshutdown2.o(.ARM.Collect$$libshutdown$$0000000F)
    __rt_lib_shutdown_return                 0x08000263   Thumb Code     0  libshutdown2.o(.ARM.Collect$$libshutdown$$00000010)
    __rt_lib_shutdown_signal_1               0x08000263   Thumb Code     0  libshutdown2.o(.ARM.Collect$$libshutdown$$0000000A)
    __rt_lib_shutdown_stdio_1                0x08000263   Thumb Code     0  libshutdown2.o(.ARM.Collect$$libshutdown$$00000004)
    __rt_lib_shutdown_user_alloc_1           0x08000263   Thumb Code     0  libshutdown2.o(.ARM.Collect$$libshutdown$$0000000C)
    __rt_entry                               0x08000265   Thumb Code     0  __rtentry.o(.ARM.Collect$$rtentry$$00000000)
    __rt_entry_presh_1                       0x08000265   Thumb Code     0  __rtentry2.o(.ARM.Collect$$rtentry$$00000002)
    __rt_entry_sh                            0x08000265   Thumb Code     0  __rtentry4.o(.ARM.Collect$$rtentry$$00000004)
    __rt_entry_li                            0x0800026b   Thumb Code     0  __rtentry2.o(.ARM.Collect$$rtentry$$0000000A)
    __rt_entry_postsh_1                      0x0800026b   Thumb Code     0  __rtentry2.o(.ARM.Collect$$rtentry$$00000009)
    __rt_entry_main                          0x0800026f   Thumb Code     0  __rtentry2.o(.ARM.Collect$$rtentry$$0000000D)
    __rt_entry_postli_1                      0x0800026f   Thumb Code     0  __rtentry2.o(.ARM.Collect$$rtentry$$0000000C)
    __rt_exit                                0x08000277   Thumb Code     0  rtexit.o(.ARM.Collect$$rtexit$$00000000)
    __rt_exit_ls                             0x08000279   Thumb Code     0  rtexit2.o(.ARM.Collect$$rtexit$$00000003)
    __rt_exit_prels_1                        0x08000279   Thumb Code     0  rtexit2.o(.ARM.Collect$$rtexit$$00000002)
    __rt_exit_exit                           0x0800027d   Thumb Code     0  rtexit2.o(.ARM.Collect$$rtexit$$00000004)
    Reset_Handler                            0x08000285   Thumb Code     8  startup_stm32f446xx.o(.text)
    ADC_IRQHandler                           0x0800029f   Thumb Code     0  startup_stm32f446xx.o(.text)
    CAN1_RX0_IRQHandler                      0x0800029f   Thumb Code     0  startup_stm32f446xx.o(.text)
    CAN1_RX1_IRQHandler                      0x0800029f   Thumb Code     0  startup_stm32f446xx.o(.text)
    CAN1_SCE_IRQHandler                      0x0800029f   Thumb Code     0  startup_stm32f446xx.o(.text)
    CAN1_TX_IRQHandler                       0x0800029f   Thumb Code     0  startup_stm32f446xx.o(.text)
    CAN2_RX0_IRQHandler                      0x0800029f   Thumb Code     0  startup_stm32f446xx.o(.text)
    CAN2_RX1_IRQHandler                      0x0800029f   Thumb Code     0  startup_stm32f446xx.o(.text)
    CAN2_SCE_IRQHandler                      0x0800029f   Thumb Code     0  startup_stm32f446xx.o(.text)
    CAN2_TX_IRQHandler                       0x0800029f   Thumb Code     0  startup_stm32f446xx.o(.text)
    CEC_IRQHandler                           0x0800029f   Thumb Code     0  startup_stm32f446xx.o(.text)
    DCMI_IRQHandler                          0x0800029f   Thumb Code     0  startup_stm32f446xx.o(.text)
    DMA1_Stream0_IRQHandler                  0x0800029f   Thumb Code     0  startup_stm32f446xx.o(.text)
    DMA1_Stream1_IRQHandler                  0x0800029f   Thumb Code     0  startup_stm32f446xx.o(.text)
    DMA1_Stream2_IRQHandler                  0x0800029f   Thumb Code     0  startup_stm32f446xx.o(.text)
    DMA1_Stream3_IRQHandler                  0x0800029f   Thumb Code     0  startup_stm32f446xx.o(.text)
    DMA1_Stream4_IRQHandler                  0x0800029f   Thumb Code     0  startup_stm32f446xx.o(.text)
    DMA1_Stream5_IRQHandler                  0x0800029f   Thumb Code     0  startup_stm32f446xx.o(.text)
    DMA1_Stream6_IRQHandler                  0x0800029f   Thumb Code     0  startup_stm32f446xx.o(.text)
    DMA1_Stream7_IRQHandler                  0x0800029f   Thumb Code     0  startup_stm32f446xx.o(.text)
    DMA2_Stream0_IRQHandler                  0x0800029f   Thumb Code     0  startup_stm32f446xx.o(.text)
    DMA2_Stream1_IRQHandler                  0x0800029f   Thumb Code     0  startup_stm32f446xx.o(.text)
    DMA2_Stream2_IRQHandler                  0x0800029f   Thumb Code     0  startup_stm32f446xx.o(.text)
    DMA2_Stream3_IRQHandler                  0x0800029f   Thumb Code     0  startup_stm32f446xx.o(.text)
    DMA2_Stream4_IRQHandler                  0x0800029f   Thumb Code     0  startup_stm32f446xx.o(.text)
    DMA2_Stream5_IRQHandler                  0x0800029f   Thumb Code     0  startup_stm32f446xx.o(.text)
    DMA2_Stream6_IRQHandler                  0x0800029f   Thumb Code     0  startup_stm32f446xx.o(.text)
    DMA2_Stream7_IRQHandler                  0x0800029f   Thumb Code     0  startup_stm32f446xx.o(.text)
    EXTI0_IRQHandler                         0x0800029f   Thumb Code     0  startup_stm32f446xx.o(.text)
    EXTI15_10_IRQHandler                     0x0800029f   Thumb Code     0  startup_stm32f446xx.o(.text)
    EXTI1_IRQHandler                         0x0800029f   Thumb Code     0  startup_stm32f446xx.o(.text)
    EXTI2_IRQHandler                         0x0800029f   Thumb Code     0  startup_stm32f446xx.o(.text)
    EXTI3_IRQHandler                         0x0800029f   Thumb Code     0  startup_stm32f446xx.o(.text)
    EXTI4_IRQHandler                         0x0800029f   Thumb Code     0  startup_stm32f446xx.o(.text)
    EXTI9_5_IRQHandler                       0x0800029f   Thumb Code     0  startup_stm32f446xx.o(.text)
    FLASH_IRQHandler                         0x0800029f   Thumb Code     0  startup_stm32f446xx.o(.text)
    FMC_IRQHandler                           0x0800029f   Thumb Code     0  startup_stm32f446xx.o(.text)
    FMPI2C1_ER_IRQHandler                    0x0800029f   Thumb Code     0  startup_stm32f446xx.o(.text)
    FMPI2C1_EV_IRQHandler                    0x0800029f   Thumb Code     0  startup_stm32f446xx.o(.text)
    FPU_IRQHandler                           0x0800029f   Thumb Code     0  startup_stm32f446xx.o(.text)
    I2C1_ER_IRQHandler                       0x0800029f   Thumb Code     0  startup_stm32f446xx.o(.text)
    I2C1_EV_IRQHandler                       0x0800029f   Thumb Code     0  startup_stm32f446xx.o(.text)
    I2C2_ER_IRQHandler                       0x0800029f   Thumb Code     0  startup_stm32f446xx.o(.text)
    I2C2_EV_IRQHandler                       0x0800029f   Thumb Code     0  startup_stm32f446xx.o(.text)
    I2C3_ER_IRQHandler                       0x0800029f   Thumb Code     0  startup_stm32f446xx.o(.text)
    I2C3_EV_IRQHandler                       0x0800029f   Thumb Code     0  startup_stm32f446xx.o(.text)
    OTG_FS_IRQHandler                        0x0800029f   Thumb Code     0  startup_stm32f446xx.o(.text)
    OTG_FS_WKUP_IRQHandler                   0x0800029f   Thumb Code     0  startup_stm32f446xx.o(.text)
    OTG_HS_EP1_IN_IRQHandler                 0x0800029f   Thumb Code     0  startup_stm32f446xx.o(.text)
    OTG_HS_EP1_OUT_IRQHandler                0x0800029f   Thumb Code     0  startup_stm32f446xx.o(.text)
    OTG_HS_IRQHandler                        0x0800029f   Thumb Code     0  startup_stm32f446xx.o(.text)
    OTG_HS_WKUP_IRQHandler                   0x0800029f   Thumb Code     0  startup_stm32f446xx.o(.text)
    PVD_IRQHandler                           0x0800029f   Thumb Code     0  startup_stm32f446xx.o(.text)
    QUADSPI_IRQHandler                       0x0800029f   Thumb Code     0  startup_stm32f446xx.o(.text)
    RCC_IRQHandler                           0x0800029f   Thumb Code     0  startup_stm32f446xx.o(.text)
    RTC_Alarm_IRQHandler                     0x0800029f   Thumb Code     0  startup_stm32f446xx.o(.text)
    RTC_WKUP_IRQHandler                      0x0800029f   Thumb Code     0  startup_stm32f446xx.o(.text)
    SAI1_IRQHandler                          0x0800029f   Thumb Code     0  startup_stm32f446xx.o(.text)
    SAI2_IRQHandler                          0x0800029f   Thumb Code     0  startup_stm32f446xx.o(.text)
    SDIO_IRQHandler                          0x0800029f   Thumb Code     0  startup_stm32f446xx.o(.text)
    SPDIF_RX_IRQHandler                      0x0800029f   Thumb Code     0  startup_stm32f446xx.o(.text)
    SPI1_IRQHandler                          0x0800029f   Thumb Code     0  startup_stm32f446xx.o(.text)
    SPI2_IRQHandler                          0x0800029f   Thumb Code     0  startup_stm32f446xx.o(.text)
    SPI3_IRQHandler                          0x0800029f   Thumb Code     0  startup_stm32f446xx.o(.text)
    SPI4_IRQHandler                          0x0800029f   Thumb Code     0  startup_stm32f446xx.o(.text)
    TAMP_STAMP_IRQHandler                    0x0800029f   Thumb Code     0  startup_stm32f446xx.o(.text)
    TIM1_BRK_TIM9_IRQHandler                 0x0800029f   Thumb Code     0  startup_stm32f446xx.o(.text)
    TIM1_CC_IRQHandler                       0x0800029f   Thumb Code     0  startup_stm32f446xx.o(.text)
    TIM1_TRG_COM_TIM11_IRQHandler            0x0800029f   Thumb Code     0  startup_stm32f446xx.o(.text)
    TIM1_UP_TIM10_IRQHandler                 0x0800029f   Thumb Code     0  startup_stm32f446xx.o(.text)
    TIM2_IRQHandler                          0x0800029f   Thumb Code     0  startup_stm32f446xx.o(.text)
    TIM3_IRQHandler                          0x0800029f   Thumb Code     0  startup_stm32f446xx.o(.text)
    TIM4_IRQHandler                          0x0800029f   Thumb Code     0  startup_stm32f446xx.o(.text)
    TIM5_IRQHandler                          0x0800029f   Thumb Code     0  startup_stm32f446xx.o(.text)
    TIM7_IRQHandler                          0x0800029f   Thumb Code     0  startup_stm32f446xx.o(.text)
    TIM8_BRK_TIM12_IRQHandler                0x0800029f   Thumb Code     0  startup_stm32f446xx.o(.text)
    TIM8_CC_IRQHandler                       0x0800029f   Thumb Code     0  startup_stm32f446xx.o(.text)
    TIM8_TRG_COM_TIM14_IRQHandler            0x0800029f   Thumb Code     0  startup_stm32f446xx.o(.text)
    TIM8_UP_TIM13_IRQHandler                 0x0800029f   Thumb Code     0  startup_stm32f446xx.o(.text)
    UART4_IRQHandler                         0x0800029f   Thumb Code     0  startup_stm32f446xx.o(.text)
    UART5_IRQHandler                         0x0800029f   Thumb Code     0  startup_stm32f446xx.o(.text)
    USART1_IRQHandler                        0x0800029f   Thumb Code     0  startup_stm32f446xx.o(.text)
    USART2_IRQHandler                        0x0800029f   Thumb Code     0  startup_stm32f446xx.o(.text)
    USART3_IRQHandler                        0x0800029f   Thumb Code     0  startup_stm32f446xx.o(.text)
    USART6_IRQHandler                        0x0800029f   Thumb Code     0  startup_stm32f446xx.o(.text)
    WWDG_IRQHandler                          0x0800029f   Thumb Code     0  startup_stm32f446xx.o(.text)
    __user_initial_stackheap                 0x080002a1   Thumb Code     0  startup_stm32f446xx.o(.text)
    __aeabi_uldivmod                         0x080002c5   Thumb Code     0  lludivv7m.o(.text)
    _ll_udiv                                 0x080002c5   Thumb Code   240  lludivv7m.o(.text)
    __2sprintf                               0x080003b5   Thumb Code    34  noretval__2sprintf.o(.text)
    __printf                                 0x080003dd   Thumb Code   104  __printf.o(.text)
    _printf_int_dec                          0x08000445   Thumb Code   104  _printf_dec.o(.text)
    strlen                                   0x080004bd   Thumb Code    62  strlen.o(.text)
    __aeabi_memclr4                          0x080004fb   Thumb Code     0  rt_memclr_w.o(.text)
    __aeabi_memclr8                          0x080004fb   Thumb Code     0  rt_memclr_w.o(.text)
    __rt_memclr_w                            0x080004fb   Thumb Code     0  rt_memclr_w.o(.text)
    _memset_w                                0x080004ff   Thumb Code    74  rt_memclr_w.o(.text)
    __use_two_region_memory                  0x08000549   Thumb Code     2  heapauxi.o(.text)
    __rt_heap_escrow$2region                 0x0800054b   Thumb Code     2  heapauxi.o(.text)
    __rt_heap_expand$2region                 0x0800054d   Thumb Code     2  heapauxi.o(.text)
    _printf_int_common                       0x0800054f   Thumb Code   178  _printf_intcommon.o(.text)
    _printf_fp_dec_real                      0x080007b1   Thumb Code   620  _printf_fp_dec.o(.text)
    _printf_char_common                      0x08000a27   Thumb Code    32  _printf_char_common.o(.text)
    _sputc                                   0x08000a4d   Thumb Code    10  _sputc.o(.text)
    __rt_locale                              0x08000a59   Thumb Code     8  rt_locale_intlibspace.o(.text)
    _ll_udiv10                               0x08000a61   Thumb Code   138  lludiv10.o(.text)
    _printf_fp_infnan                        0x08000aed   Thumb Code   112  _printf_fp_infnan.o(.text)
    _btod_etento                             0x08000b6d   Thumb Code   224  bigflt0.o(.text)
    __user_libspace                          0x08000c51   Thumb Code     8  libspace.o(.text)
    __user_perproc_libspace                  0x08000c51   Thumb Code     0  libspace.o(.text)
    __user_perthread_libspace                0x08000c51   Thumb Code     0  libspace.o(.text)
    __user_setup_stackheap                   0x08000c59   Thumb Code    74  sys_stackheap_outer.o(.text)
    exit                                     0x08000ca3   Thumb Code    18  exit.o(.text)
    strcmp                                   0x08000cb9   Thumb Code   124  strcmpv7em.o(.text)
    _sys_exit                                0x08000d35   Thumb Code     8  sys_exit.o(.text)
    __I$use$semihosting                      0x08000d41   Thumb Code     0  use_no_semi.o(.text)
    __use_no_semihosting_swi                 0x08000d41   Thumb Code     2  use_no_semi.o(.text)
    __semihosting_library_function           0x08000d43   Thumb Code     0  indicate_semi.o(.text)
    BusFault_Handler                         0x08000d45   Thumb Code     2  stm32f4xx_it.o(.text.BusFault_Handler)
    DebugMon_Handler                         0x08000d49   Thumb Code     2  stm32f4xx_it.o(.text.DebugMon_Handler)
    Error_Handler                            0x08000d4d   Thumb Code    10  main.o(.text.Error_Handler)
    HAL_Delay                                0x08000d59   Thumb Code    40  stm32f4xx_hal.o(.text.HAL_Delay)
    HAL_GPIO_Init                            0x08000d81   Thumb Code   410  stm32f4xx_hal_gpio.o(.text.HAL_GPIO_Init)
    HAL_GPIO_TogglePin                       0x08000f1d   Thumb Code    14  stm32f4xx_hal_gpio.o(.text.HAL_GPIO_TogglePin)
    HAL_GPIO_WritePin                        0x08000f2d   Thumb Code    10  stm32f4xx_hal_gpio.o(.text.HAL_GPIO_WritePin)
    HAL_GetTick                              0x08000f39   Thumb Code    12  stm32f4xx_hal.o(.text.HAL_GetTick)
    HAL_IncTick                              0x08000f45   Thumb Code    26  stm32f4xx_hal.o(.text.HAL_IncTick)
    HAL_Init                                 0x08000f61   Thumb Code    54  stm32f4xx_hal.o(.text.HAL_Init)
    HAL_InitTick                             0x08000f99   Thumb Code    80  stm32f4xx_hal.o(.text.HAL_InitTick)
    HAL_MspInit                              0x08000fe9   Thumb Code    56  stm32f4xx_hal_msp.o(.text.HAL_MspInit)
    HAL_NVIC_EnableIRQ                       0x08001021   Thumb Code     8  stm32f4xx_hal_cortex.o(.text.HAL_NVIC_EnableIRQ)
    HAL_NVIC_SetPriority                     0x08001029   Thumb Code    30  stm32f4xx_hal_cortex.o(.text.HAL_NVIC_SetPriority)
    HAL_NVIC_SetPriorityGrouping             0x08001049   Thumb Code     8  stm32f4xx_hal_cortex.o(.text.HAL_NVIC_SetPriorityGrouping)
    HAL_RCC_ClockConfig                      0x08001051   Thumb Code   352  stm32f4xx_hal_rcc.o(.text.HAL_RCC_ClockConfig)
    HAL_RCC_GetHCLKFreq                      0x080011b1   Thumb Code    12  stm32f4xx_hal_rcc.o(.text.HAL_RCC_GetHCLKFreq)
    HAL_RCC_GetPCLK1Freq                     0x080011bd   Thumb Code    34  stm32f4xx_hal_rcc.o(.text.HAL_RCC_GetPCLK1Freq)
    HAL_RCC_GetPCLK2Freq                     0x080011e1   Thumb Code    34  stm32f4xx_hal_rcc.o(.text.HAL_RCC_GetPCLK2Freq)
    HAL_RCC_GetSysClockFreq                  0x08001205   Thumb Code   160  stm32f4xx_hal_rcc_ex.o(.text.HAL_RCC_GetSysClockFreq)
    HAL_RCC_OscConfig                        0x080012a5   Thumb Code   802  stm32f4xx_hal_rcc_ex.o(.text.HAL_RCC_OscConfig)
    HAL_SYSTICK_Config                       0x080015c9   Thumb Code     8  stm32f4xx_hal_cortex.o(.text.HAL_SYSTICK_Config)
    HAL_TIMEx_BreakCallback                  0x080015d1   Thumb Code     2  stm32f4xx_hal_tim_ex.o(.text.HAL_TIMEx_BreakCallback)
    HAL_TIMEx_CommutCallback                 0x080015d5   Thumb Code     2  stm32f4xx_hal_tim_ex.o(.text.HAL_TIMEx_CommutCallback)
    HAL_TIMEx_MasterConfigSynchronization    0x080015d9   Thumb Code   184  stm32f4xx_hal_tim_ex.o(.text.HAL_TIMEx_MasterConfigSynchronization)
    HAL_TIM_Base_Init                        0x08001691   Thumb Code    54  stm32f4xx_hal_tim.o(.text.HAL_TIM_Base_Init)
    HAL_TIM_Base_MspInit                     0x080016c9   Thumb Code   114  stm32f4xx_hal_msp.o(.text.HAL_TIM_Base_MspInit)
    HAL_TIM_Base_Start_IT                    0x0800173d   Thumb Code    32  stm32f4xx_hal_tim.o(.text.HAL_TIM_Base_Start_IT)
    HAL_TIM_ConfigClockSource                0x0800175d   Thumb Code   208  stm32f4xx_hal_tim.o(.text.HAL_TIM_ConfigClockSource)
    HAL_TIM_IC_CaptureCallback               0x0800182d   Thumb Code     2  stm32f4xx_hal_tim.o(.text.HAL_TIM_IC_CaptureCallback)
    HAL_TIM_IRQHandler                       0x08001831   Thumb Code   362  stm32f4xx_hal_tim.o(.text.HAL_TIM_IRQHandler)
    HAL_TIM_MspPostInit                      0x0800199d   Thumb Code    90  stm32f4xx_hal_msp.o(.text.HAL_TIM_MspPostInit)
    HAL_TIM_OC_DelayElapsedCallback          0x080019f9   Thumb Code     2  stm32f4xx_hal_tim.o(.text.HAL_TIM_OC_DelayElapsedCallback)
    HAL_TIM_PWM_ConfigChannel                0x080019fd   Thumb Code   160  stm32f4xx_hal_tim.o(.text.HAL_TIM_PWM_ConfigChannel)
    HAL_TIM_PWM_Init                         0x08001a9d   Thumb Code    54  stm32f4xx_hal_tim.o(.text.HAL_TIM_PWM_Init)
    HAL_TIM_PWM_MspInit                      0x08001ad5   Thumb Code     2  stm32f4xx_hal_tim.o(.text.HAL_TIM_PWM_MspInit)
    HAL_TIM_PWM_PulseFinishedCallback        0x08001ad9   Thumb Code     2  stm32f4xx_hal_tim.o(.text.HAL_TIM_PWM_PulseFinishedCallback)
    HAL_TIM_PWM_Start                        0x08001add   Thumb Code    60  stm32f4xx_hal_tim.o(.text.HAL_TIM_PWM_Start)
    HAL_TIM_PeriodElapsedCallback            0x08001b19   Thumb Code   256  main.o(.text.HAL_TIM_PeriodElapsedCallback)
    HAL_TIM_TriggerCallback                  0x08001c35   Thumb Code     2  stm32f4xx_hal_tim.o(.text.HAL_TIM_TriggerCallback)
    HAL_USART_Init                           0x08001c39   Thumb Code    80  stm32f4xx_hal_usart.o(.text.HAL_USART_Init)
    HAL_USART_MspInit                        0x08001c89   Thumb Code   114  stm32f4xx_hal_msp.o(.text.HAL_USART_MspInit)
    HAL_USART_Transmit                       0x08001cfd   Thumb Code   190  stm32f4xx_hal_usart.o(.text.HAL_USART_Transmit)
    HardFault_Handler                        0x08001dbd   Thumb Code     2  stm32f4xx_it.o(.text.HardFault_Handler)
    MemManage_Handler                        0x08001fa5   Thumb Code     2  stm32f4xx_it.o(.text.MemManage_Handler)
    NMI_Handler                              0x08001fa9   Thumb Code     2  stm32f4xx_it.o(.text.NMI_Handler)
    PIDCompute                               0x08001fd9   Thumb Code   162  pid_controller.o(.text.PIDCompute)
    PIDInit                                  0x0800207d   Thumb Code   100  pid_controller.o(.text.PIDInit)
    PIDInputSet                              0x080020e1   Thumb Code     6  pid_controller.o(.text.PIDInputSet)
    PIDOutputGet                             0x080020e9   Thumb Code     6  pid_controller.o(.text.PIDOutputGet)
    PIDOutputLimitsSet                       0x080020f1   Thumb Code   106  pid_controller.o(.text.PIDOutputLimitsSet)
    PIDSetpointSet                           0x0800215d   Thumb Code     6  pid_controller.o(.text.PIDSetpointSet)
    PIDTuningsSet                            0x08002165   Thumb Code    98  pid_controller.o(.text.PIDTuningsSet)
    PendSV_Handler                           0x080021c9   Thumb Code     2  stm32f4xx_it.o(.text.PendSV_Handler)
    SVC_Handler                              0x080021cd   Thumb Code     2  stm32f4xx_it.o(.text.SVC_Handler)
    SysTick_Handler                          0x08002201   Thumb Code     8  stm32f4xx_it.o(.text.SysTick_Handler)
    SystemClock_Config                       0x08002209   Thumb Code   156  main.o(.text.SystemClock_Config)
    SystemInit                               0x080022a5   Thumb Code    26  system_stm32f4xx.o(.text.SystemInit)
    TIM6_DAC_IRQHandler                      0x080022c1   Thumb Code    16  stm32f4xx_it.o(.text.TIM6_DAC_IRQHandler)
    TIM_Base_SetConfig                       0x080022d1   Thumb Code   292  stm32f4xx_hal_tim.o(.text.TIM_Base_SetConfig)
    TIM_CCxChannelCmd                        0x080023f5   Thumb Code    36  stm32f4xx_hal_tim.o(.text.TIM_CCxChannelCmd)
    TIM_ETR_SetConfig                        0x08002419   Thumb Code    22  stm32f4xx_hal_tim.o(.text.TIM_ETR_SetConfig)
    TIM_OC2_SetConfig                        0x080024a5   Thumb Code   106  stm32f4xx_hal_tim.o(.text.TIM_OC2_SetConfig)
    Touch_Init                               0x08002611   Thumb Code   110  main.o(.text.Touch_Init)
    UsageFault_Handler                       0x080027a5   Thumb Code     2  stm32f4xx_it.o(.text.UsageFault_Handler)
    main                                     0x0800281d   Thumb Code   356  main.o(.text.main)
    median                                   0x08002981   Thumb Code    88  main.o(.text.median)
    read_touchX                              0x080029d9   Thumb Code   102  main.o(.text.read_touchX)
    read_touchY                              0x08002a41   Thumb Code    98  main.o(.text.read_touchY)
    read_touch_cal                           0x08002aa9   Thumb Code   312  main.o(.text.read_touch_cal)
    _btod_d2e                                0x08002be1   Thumb Code    62  btod.o(CL$$btod_d2e)
    _d2e_denorm_low                          0x08002c1f   Thumb Code    70  btod.o(CL$$btod_d2e_denorm_low)
    _d2e_norm_op1                            0x08002c65   Thumb Code    96  btod.o(CL$$btod_d2e_norm_op1)
    __btod_div_common                        0x08002cc5   Thumb Code   696  btod.o(CL$$btod_div_common)
    _e2e                                     0x08002ffd   Thumb Code   220  btod.o(CL$$btod_e2e)
    _btod_ediv                               0x080030d9   Thumb Code    42  btod.o(CL$$btod_ediv)
    _btod_emul                               0x08003103   Thumb Code    42  btod.o(CL$$btod_emul)
    __btod_mult_common                       0x0800312d   Thumb Code   580  btod.o(CL$$btod_mult_common)
    __ARM_fpclassify                         0x08003371   Thumb Code    48  fpclassify.o(i.__ARM_fpclassify)
    _get_lc_numeric                          0x080033a1   Thumb Code    44  lc_numeric_c.o(locale$$code)
    __aeabi_d2f                              0x080033cd   Thumb Code     0  d2f.o(x$fpl$d2f)
    _d2f                                     0x080033cd   Thumb Code    98  d2f.o(x$fpl$d2f)
    __aeabi_dadd                             0x08003431   Thumb Code     0  daddsub_clz.o(x$fpl$dadd)
    _dadd                                    0x08003431   Thumb Code   332  daddsub_clz.o(x$fpl$dadd)
    __fpl_dcmp_Inf                           0x08003581   Thumb Code    24  dcmpi.o(x$fpl$dcmpinf)
    __aeabi_cdcmpeq                          0x08003599   Thumb Code     0  deqf.o(x$fpl$deqf)
    _dcmpeq                                  0x08003599   Thumb Code   120  deqf.o(x$fpl$deqf)
    __aeabi_ui2d                             0x08003611   Thumb Code     0  dflt_clz.o(x$fpl$dfltu)
    _dfltu                                   0x08003611   Thumb Code    38  dflt_clz.o(x$fpl$dfltu)
    __aeabi_cdcmpge                          0x08003639   Thumb Code     0  dgeqf.o(x$fpl$dgeqf)
    _dcmpge                                  0x08003639   Thumb Code   120  dgeqf.o(x$fpl$dgeqf)
    __aeabi_cdcmple                          0x080036b1   Thumb Code     0  dleqf.o(x$fpl$dleqf)
    _dcmple                                  0x080036b1   Thumb Code   120  dleqf.o(x$fpl$dleqf)
    __fpl_dcmple_InfNaN                      0x08003713   Thumb Code     0  dleqf.o(x$fpl$dleqf)
    __aeabi_dmul                             0x08003729   Thumb Code     0  dmul.o(x$fpl$dmul)
    _dmul                                    0x08003729   Thumb Code   332  dmul.o(x$fpl$dmul)
    __fpl_dnaninf                            0x0800387d   Thumb Code   156  dnaninf.o(x$fpl$dnaninf)
    __fpl_dretinf                            0x08003919   Thumb Code    12  dretinf.o(x$fpl$dretinf)
    __aeabi_dsub                             0x08003925   Thumb Code     0  daddsub_clz.o(x$fpl$dsub)
    _dsub                                    0x08003925   Thumb Code   472  daddsub_clz.o(x$fpl$dsub)
    __aeabi_dcmpeq                           0x08003b01   Thumb Code     0  dcmp.o(x$fpl$fcmp)
    _deq                                     0x08003b01   Thumb Code    14  dcmp.o(x$fpl$fcmp)
    _dneq                                    0x08003b0f   Thumb Code    14  dcmp.o(x$fpl$fcmp)
    __aeabi_dcmpgt                           0x08003b1d   Thumb Code     0  dcmp.o(x$fpl$fcmp)
    _dgr                                     0x08003b1d   Thumb Code    14  dcmp.o(x$fpl$fcmp)
    __aeabi_dcmpge                           0x08003b2b   Thumb Code     0  dcmp.o(x$fpl$fcmp)
    _dgeq                                    0x08003b2b   Thumb Code    14  dcmp.o(x$fpl$fcmp)
    __aeabi_dcmple                           0x08003b39   Thumb Code     0  dcmp.o(x$fpl$fcmp)
    _dleq                                    0x08003b39   Thumb Code    14  dcmp.o(x$fpl$fcmp)
    __aeabi_dcmplt                           0x08003b47   Thumb Code     0  dcmp.o(x$fpl$fcmp)
    _dls                                     0x08003b47   Thumb Code    14  dcmp.o(x$fpl$fcmp)
    _fp_init                                 0x08003b55   Thumb Code    26  fpinit.o(x$fpl$fpinit)
    __fplib_config_fpu_vfp                   0x08003b6d   Thumb Code     0  fpinit.o(x$fpl$fpinit)
    __fplib_config_pureend_doubles           0x08003b6d   Thumb Code     0  fpinit.o(x$fpl$fpinit)
    __fpl_fretinf                            0x08003b6f   Thumb Code    10  fretinf.o(x$fpl$fretinf)
    _printf_fp_dec                           0x08003b79   Thumb Code     4  printf1.o(x$fpl$printf1)
    __I$use$fp                               0x08003b7c   Number         0  usenofp.o(x$fpl$usenofp)
    AHBPrescTable                            0x08003c10   Data          16  system_stm32f4xx.o(.rodata.AHBPrescTable)
    APBPrescTable                            0x08003c20   Data           8  system_stm32f4xx.o(.rodata.APBPrescTable)
    Region$$Table$$Base                      0x08003c28   Number         0  anon$$obj.o(Region$$Table)
    Region$$Table$$Limit                     0x08003c48   Number         0  anon$$obj.o(Region$$Table)
    Kdx                                      0x20000000   Data           4  main.o(.data.Kdx)
    Kdy                                      0x20000004   Data           4  main.o(.data.Kdy)
    Kix                                      0x20000008   Data           4  main.o(.data.Kix)
    Kiy                                      0x2000000c   Data           4  main.o(.data.Kiy)
    Kpx                                      0x20000010   Data           4  main.o(.data.Kpx)
    Kpy                                      0x20000014   Data           4  main.o(.data.Kpy)
    SampleTime                               0x20000018   Data           4  main.o(.data.SampleTime)
    SystemCoreClock                          0x2000001c   Data           4  system_stm32f4xx.o(.data.SystemCoreClock)
    uwTickFreq                               0x20000020   Data           1  stm32f4xx_hal.o(.data.uwTickFreq)
    uwTickPrio                               0x20000024   Data           4  stm32f4xx_hal.o(.data.uwTickPrio)
    __libspace_start                         0x20000028   Data          96  libspace.o(.bss)
    PIDx                                     0x20000088   Data          60  main.o(.bss.PIDx)
    __temporary_stack_top$libspace           0x20000088   Data           0  libspace.o(.bss)
    PIDy                                     0x200000c4   Data          60  main.o(.bss.PIDy)
    X_last                                   0x20000100   Data           8  main.o(.bss.X_last)
    X_touch                                  0x20000108   Data           8  main.o(.bss.X_touch)
    Y_last                                   0x20000110   Data           8  main.o(.bss.Y_last)
    Y_touch                                  0x20000118   Data           8  main.o(.bss.Y_touch)
    htim4                                    0x20000120   Data          64  main.o(.bss.htim4)
    htim6                                    0x20000160   Data          64  main.o(.bss.htim6)
    husart2                                  0x200001a0   Data          68  main.o(.bss.husart2)
    txdata                                   0x200001e4   Data          50  main.o(.bss.txdata)
    uwTick                                   0x20000218   Data           4  stm32f4xx_hal.o(.bss.uwTick)



==============================================================================

Memory Map of the image

  Image Entry point : 0x08000285

  Load Region LR_1 (Base: 0x08000000, Size: 0x00003c8c, Max: 0xffffffff, ABSOLUTE)

    Execution Region ER_RO (Exec base: 0x08000000, Load base: 0x08000000, Size: 0x00003c64, Max: 0xffffffff, ABSOLUTE)

    Exec Addr    Load Addr    Size         Type   Attr      Idx    E Section Name        Object

    0x08000000   0x08000000   0x000001c4   Data   RO          905    RESET               startup_stm32f446xx.o
    0x080001c4   0x080001c4   0x00000008   Code   RO          968  * !!!main             c_w.l(__main.o)
    0x080001cc   0x080001cc   0x00000034   Code   RO         1238    !!!scatter          c_w.l(__scatter.o)
    0x08000200   0x08000200   0x0000001a   Code   RO         1240    !!handler_copy      c_w.l(__scatter_copy.o)
    0x0800021a   0x0800021a   0x00000002   PAD
    0x0800021c   0x0800021c   0x0000001c   Code   RO         1242    !!handler_zi        c_w.l(__scatter_zi.o)
    0x08000238   0x08000238   0x00000000   Code   RO          961    .ARM.Collect$$_printf_percent$$00000000  c_w.l(_printf_percent.o)
    0x08000238   0x08000238   0x00000006   Code   RO          960    .ARM.Collect$$_printf_percent$$00000003  c_w.l(_printf_f.o)
    0x0800023e   0x0800023e   0x00000006   Code   RO          959    .ARM.Collect$$_printf_percent$$00000009  c_w.l(_printf_d.o)
    0x08000244   0x08000244   0x00000004   Code   RO         1005    .ARM.Collect$$_printf_percent$$00000017  c_w.l(_printf_percent_end.o)
    0x08000248   0x08000248   0x00000002   Code   RO         1103    .ARM.Collect$$libinit$$00000000  c_w.l(libinit.o)
    0x0800024a   0x0800024a   0x00000004   Code   RO         1104    .ARM.Collect$$libinit$$00000001  c_w.l(libinit2.o)
    0x0800024e   0x0800024e   0x00000000   Code   RO         1107    .ARM.Collect$$libinit$$00000004  c_w.l(libinit2.o)
    0x0800024e   0x0800024e   0x00000000   Code   RO         1110    .ARM.Collect$$libinit$$0000000A  c_w.l(libinit2.o)
    0x0800024e   0x0800024e   0x00000000   Code   RO         1112    .ARM.Collect$$libinit$$0000000C  c_w.l(libinit2.o)
    0x0800024e   0x0800024e   0x00000000   Code   RO         1114    .ARM.Collect$$libinit$$0000000E  c_w.l(libinit2.o)
    0x0800024e   0x0800024e   0x00000006   Code   RO         1115    .ARM.Collect$$libinit$$0000000F  c_w.l(libinit2.o)
    0x08000254   0x08000254   0x00000000   Code   RO         1117    .ARM.Collect$$libinit$$00000011  c_w.l(libinit2.o)
    0x08000254   0x08000254   0x00000000   Code   RO         1119    .ARM.Collect$$libinit$$00000013  c_w.l(libinit2.o)
    0x08000254   0x08000254   0x00000000   Code   RO         1121    .ARM.Collect$$libinit$$00000015  c_w.l(libinit2.o)
    0x08000254   0x08000254   0x0000000a   Code   RO         1122    .ARM.Collect$$libinit$$00000016  c_w.l(libinit2.o)
    0x0800025e   0x0800025e   0x00000000   Code   RO         1123    .ARM.Collect$$libinit$$00000017  c_w.l(libinit2.o)
    0x0800025e   0x0800025e   0x00000000   Code   RO         1125    .ARM.Collect$$libinit$$00000019  c_w.l(libinit2.o)
    0x0800025e   0x0800025e   0x00000000   Code   RO         1127    .ARM.Collect$$libinit$$0000001B  c_w.l(libinit2.o)
    0x0800025e   0x0800025e   0x00000000   Code   RO         1129    .ARM.Collect$$libinit$$0000001D  c_w.l(libinit2.o)
    0x0800025e   0x0800025e   0x00000000   Code   RO         1131    .ARM.Collect$$libinit$$0000001F  c_w.l(libinit2.o)
    0x0800025e   0x0800025e   0x00000000   Code   RO         1133    .ARM.Collect$$libinit$$00000021  c_w.l(libinit2.o)
    0x0800025e   0x0800025e   0x00000000   Code   RO         1135    .ARM.Collect$$libinit$$00000023  c_w.l(libinit2.o)
    0x0800025e   0x0800025e   0x00000000   Code   RO         1137    .ARM.Collect$$libinit$$00000025  c_w.l(libinit2.o)
    0x0800025e   0x0800025e   0x00000000   Code   RO         1141    .ARM.Collect$$libinit$$0000002C  c_w.l(libinit2.o)
    0x0800025e   0x0800025e   0x00000000   Code   RO         1143    .ARM.Collect$$libinit$$0000002E  c_w.l(libinit2.o)
    0x0800025e   0x0800025e   0x00000000   Code   RO         1145    .ARM.Collect$$libinit$$00000030  c_w.l(libinit2.o)
    0x0800025e   0x0800025e   0x00000000   Code   RO         1147    .ARM.Collect$$libinit$$00000032  c_w.l(libinit2.o)
    0x0800025e   0x0800025e   0x00000002   Code   RO         1148    .ARM.Collect$$libinit$$00000033  c_w.l(libinit2.o)
    0x08000260   0x08000260   0x00000002   Code   RO         1203    .ARM.Collect$$libshutdown$$00000000  c_w.l(libshutdown.o)
    0x08000262   0x08000262   0x00000000   Code   RO         1221    .ARM.Collect$$libshutdown$$00000002  c_w.l(libshutdown2.o)
    0x08000262   0x08000262   0x00000000   Code   RO         1223    .ARM.Collect$$libshutdown$$00000004  c_w.l(libshutdown2.o)
    0x08000262   0x08000262   0x00000000   Code   RO         1226    .ARM.Collect$$libshutdown$$00000007  c_w.l(libshutdown2.o)
    0x08000262   0x08000262   0x00000000   Code   RO         1229    .ARM.Collect$$libshutdown$$0000000A  c_w.l(libshutdown2.o)
    0x08000262   0x08000262   0x00000000   Code   RO         1231    .ARM.Collect$$libshutdown$$0000000C  c_w.l(libshutdown2.o)
    0x08000262   0x08000262   0x00000000   Code   RO         1234    .ARM.Collect$$libshutdown$$0000000F  c_w.l(libshutdown2.o)
    0x08000262   0x08000262   0x00000002   Code   RO         1235    .ARM.Collect$$libshutdown$$00000010  c_w.l(libshutdown2.o)
    0x08000264   0x08000264   0x00000000   Code   RO          990    .ARM.Collect$$rtentry$$00000000  c_w.l(__rtentry.o)
    0x08000264   0x08000264   0x00000000   Code   RO         1020    .ARM.Collect$$rtentry$$00000002  c_w.l(__rtentry2.o)
    0x08000264   0x08000264   0x00000006   Code   RO         1032    .ARM.Collect$$rtentry$$00000004  c_w.l(__rtentry4.o)
    0x0800026a   0x0800026a   0x00000000   Code   RO         1022    .ARM.Collect$$rtentry$$00000009  c_w.l(__rtentry2.o)
    0x0800026a   0x0800026a   0x00000004   Code   RO         1023    .ARM.Collect$$rtentry$$0000000A  c_w.l(__rtentry2.o)
    0x0800026e   0x0800026e   0x00000000   Code   RO         1025    .ARM.Collect$$rtentry$$0000000C  c_w.l(__rtentry2.o)
    0x0800026e   0x0800026e   0x00000008   Code   RO         1026    .ARM.Collect$$rtentry$$0000000D  c_w.l(__rtentry2.o)
    0x08000276   0x08000276   0x00000002   Code   RO         1149    .ARM.Collect$$rtexit$$00000000  c_w.l(rtexit.o)
    0x08000278   0x08000278   0x00000000   Code   RO         1168    .ARM.Collect$$rtexit$$00000002  c_w.l(rtexit2.o)
    0x08000278   0x08000278   0x00000004   Code   RO         1169    .ARM.Collect$$rtexit$$00000003  c_w.l(rtexit2.o)
    0x0800027c   0x0800027c   0x00000006   Code   RO         1170    .ARM.Collect$$rtexit$$00000004  c_w.l(rtexit2.o)
    0x08000282   0x08000282   0x00000002   PAD
    0x08000284   0x08000284   0x00000040   Code   RO          906  * .text               startup_stm32f446xx.o
    0x080002c4   0x080002c4   0x000000f0   Code   RO          929    .text               c_w.l(lludivv7m.o)
    0x080003b4   0x080003b4   0x00000028   Code   RO          933    .text               c_w.l(noretval__2sprintf.o)
    0x080003dc   0x080003dc   0x00000068   Code   RO          935    .text               c_w.l(__printf.o)
    0x08000444   0x08000444   0x00000078   Code   RO          937    .text               c_w.l(_printf_dec.o)
    0x080004bc   0x080004bc   0x0000003e   Code   RO          962    .text               c_w.l(strlen.o)
    0x080004fa   0x080004fa   0x0000004e   Code   RO          964    .text               c_w.l(rt_memclr_w.o)
    0x08000548   0x08000548   0x00000006   Code   RO          966    .text               c_w.l(heapauxi.o)
    0x0800054e   0x0800054e   0x000000b2   Code   RO          995    .text               c_w.l(_printf_intcommon.o)
    0x08000600   0x08000600   0x0000041c   Code   RO          997    .text               c_w.l(_printf_fp_dec.o)
    0x08000a1c   0x08000a1c   0x00000030   Code   RO         1001    .text               c_w.l(_printf_char_common.o)
    0x08000a4c   0x08000a4c   0x0000000a   Code   RO         1003    .text               c_w.l(_sputc.o)
    0x08000a56   0x08000a56   0x00000002   PAD
    0x08000a58   0x08000a58   0x00000008   Code   RO         1039    .text               c_w.l(rt_locale_intlibspace.o)
    0x08000a60   0x08000a60   0x0000008a   Code   RO         1041    .text               c_w.l(lludiv10.o)
    0x08000aea   0x08000aea   0x00000002   PAD
    0x08000aec   0x08000aec   0x00000080   Code   RO         1043    .text               c_w.l(_printf_fp_infnan.o)
    0x08000b6c   0x08000b6c   0x000000e4   Code   RO         1047    .text               c_w.l(bigflt0.o)
    0x08000c50   0x08000c50   0x00000008   Code   RO         1083    .text               c_w.l(libspace.o)
    0x08000c58   0x08000c58   0x0000004a   Code   RO         1086    .text               c_w.l(sys_stackheap_outer.o)
    0x08000ca2   0x08000ca2   0x00000012   Code   RO         1090    .text               c_w.l(exit.o)
    0x08000cb4   0x08000cb4   0x00000004   PAD
    0x08000cb8   0x08000cb8   0x0000007c   Code   RO         1096    .text               c_w.l(strcmpv7em.o)
    0x08000d34   0x08000d34   0x0000000c   Code   RO         1163    .text               c_w.l(sys_exit.o)
    0x08000d40   0x08000d40   0x00000002   Code   RO         1190    .text               c_w.l(use_no_semi.o)
    0x08000d42   0x08000d42   0x00000000   Code   RO         1192    .text               c_w.l(indicate_semi.o)
    0x08000d42   0x08000d42   0x00000002   PAD
    0x08000d44   0x08000d44   0x00000002   Code   RO           94    .text.BusFault_Handler  stm32f4xx_it.o
    0x08000d46   0x08000d46   0x00000002   PAD
    0x08000d48   0x08000d48   0x00000002   Code   RO          100    .text.DebugMon_Handler  stm32f4xx_it.o
    0x08000d4a   0x08000d4a   0x00000002   PAD
    0x08000d4c   0x08000d4c   0x0000000a   Code   RO           52    .text.Error_Handler  main.o
    0x08000d56   0x08000d56   0x00000002   PAD
    0x08000d58   0x08000d58   0x00000028   Code   RO          135    .text.HAL_Delay     stm32f4xx_hal.o
    0x08000d80   0x08000d80   0x0000019a   Code   RO          306    .text.HAL_GPIO_Init  stm32f4xx_hal_gpio.o
    0x08000f1a   0x08000f1a   0x00000002   PAD
    0x08000f1c   0x08000f1c   0x0000000e   Code   RO          314    .text.HAL_GPIO_TogglePin  stm32f4xx_hal_gpio.o
    0x08000f2a   0x08000f2a   0x00000002   PAD
    0x08000f2c   0x08000f2c   0x0000000a   Code   RO          312    .text.HAL_GPIO_WritePin  stm32f4xx_hal_gpio.o
    0x08000f36   0x08000f36   0x00000002   PAD
    0x08000f38   0x08000f38   0x0000000c   Code   RO          127    .text.HAL_GetTick   stm32f4xx_hal.o
    0x08000f44   0x08000f44   0x0000001a   Code   RO          125    .text.HAL_IncTick   stm32f4xx_hal.o
    0x08000f5e   0x08000f5e   0x00000002   PAD
    0x08000f60   0x08000f60   0x00000036   Code   RO          115    .text.HAL_Init      stm32f4xx_hal.o
    0x08000f96   0x08000f96   0x00000002   PAD
    0x08000f98   0x08000f98   0x00000050   Code   RO          117    .text.HAL_InitTick  stm32f4xx_hal.o
    0x08000fe8   0x08000fe8   0x00000038   Code   RO          884    .text.HAL_MspInit   stm32f4xx_hal_msp.o
    0x08001020   0x08001020   0x00000008   Code   RO          192    .text.HAL_NVIC_EnableIRQ  stm32f4xx_hal_cortex.o
    0x08001028   0x08001028   0x0000001e   Code   RO          184    .text.HAL_NVIC_SetPriority  stm32f4xx_hal_cortex.o
    0x08001046   0x08001046   0x00000002   PAD
    0x08001048   0x08001048   0x00000008   Code   RO          180    .text.HAL_NVIC_SetPriorityGrouping  stm32f4xx_hal_cortex.o
    0x08001050   0x08001050   0x00000160   Code   RO          402    .text.HAL_RCC_ClockConfig  stm32f4xx_hal_rcc.o
    0x080011b0   0x080011b0   0x0000000c   Code   RO          412    .text.HAL_RCC_GetHCLKFreq  stm32f4xx_hal_rcc.o
    0x080011bc   0x080011bc   0x00000022   Code   RO          414    .text.HAL_RCC_GetPCLK1Freq  stm32f4xx_hal_rcc.o
    0x080011de   0x080011de   0x00000002   PAD
    0x080011e0   0x080011e0   0x00000022   Code   RO          416    .text.HAL_RCC_GetPCLK2Freq  stm32f4xx_hal_rcc.o
    0x08001202   0x08001202   0x00000002   PAD
    0x08001204   0x08001204   0x000000a0   Code   RO          450    .text.HAL_RCC_GetSysClockFreq  stm32f4xx_hal_rcc_ex.o
    0x080012a4   0x080012a4   0x00000322   Code   RO          454    .text.HAL_RCC_OscConfig  stm32f4xx_hal_rcc_ex.o
    0x080015c6   0x080015c6   0x00000002   PAD
    0x080015c8   0x080015c8   0x00000008   Code   RO          204    .text.HAL_SYSTICK_Config  stm32f4xx_hal_cortex.o
    0x080015d0   0x080015d0   0x00000002   Code   RO          776    .text.HAL_TIMEx_BreakCallback  stm32f4xx_hal_tim_ex.o
    0x080015d2   0x080015d2   0x00000002   PAD
    0x080015d4   0x080015d4   0x00000002   Code   RO          772    .text.HAL_TIMEx_CommutCallback  stm32f4xx_hal_tim_ex.o
    0x080015d6   0x080015d6   0x00000002   PAD
    0x080015d8   0x080015d8   0x000000b8   Code   RO          766    .text.HAL_TIMEx_MasterConfigSynchronization  stm32f4xx_hal_tim_ex.o
    0x08001690   0x08001690   0x00000036   Code   RO          466    .text.HAL_TIM_Base_Init  stm32f4xx_hal_tim.o
    0x080016c6   0x080016c6   0x00000002   PAD
    0x080016c8   0x080016c8   0x00000072   Code   RO          886    .text.HAL_TIM_Base_MspInit  stm32f4xx_hal_msp.o
    0x0800173a   0x0800173a   0x00000002   PAD
    0x0800173c   0x0800173c   0x00000020   Code   RO          480    .text.HAL_TIM_Base_Start_IT  stm32f4xx_hal_tim.o
    0x0800175c   0x0800175c   0x000000d0   Code   RO          654    .text.HAL_TIM_ConfigClockSource  stm32f4xx_hal_tim.o
    0x0800182c   0x0800182c   0x00000002   Code   RO          602    .text.HAL_TIM_IC_CaptureCallback  stm32f4xx_hal_tim.o
    0x0800182e   0x0800182e   0x00000002   PAD
    0x08001830   0x08001830   0x0000016a   Code   RO          600    .text.HAL_TIM_IRQHandler  stm32f4xx_hal_tim.o
    0x0800199a   0x0800199a   0x00000002   PAD
    0x0800199c   0x0800199c   0x0000005a   Code   RO          888    .text.HAL_TIM_MspPostInit  stm32f4xx_hal_msp.o
    0x080019f6   0x080019f6   0x00000002   PAD
    0x080019f8   0x080019f8   0x00000002   Code   RO          604    .text.HAL_TIM_OC_DelayElapsedCallback  stm32f4xx_hal_tim.o
    0x080019fa   0x080019fa   0x00000002   PAD
    0x080019fc   0x080019fc   0x000000a0   Code   RO          632    .text.HAL_TIM_PWM_ConfigChannel  stm32f4xx_hal_tim.o
    0x08001a9c   0x08001a9c   0x00000036   Code   RO          520    .text.HAL_TIM_PWM_Init  stm32f4xx_hal_tim.o
    0x08001ad2   0x08001ad2   0x00000002   PAD
    0x08001ad4   0x08001ad4   0x00000002   Code   RO          522    .text.HAL_TIM_PWM_MspInit  stm32f4xx_hal_tim.o
    0x08001ad6   0x08001ad6   0x00000002   PAD
    0x08001ad8   0x08001ad8   0x00000002   Code   RO          606    .text.HAL_TIM_PWM_PulseFinishedCallback  stm32f4xx_hal_tim.o
    0x08001ada   0x08001ada   0x00000002   PAD
    0x08001adc   0x08001adc   0x0000003c   Code   RO          528    .text.HAL_TIM_PWM_Start  stm32f4xx_hal_tim.o
    0x08001b18   0x08001b18   0x0000011c   Code   RO           54    .text.HAL_TIM_PeriodElapsedCallback  main.o
    0x08001c34   0x08001c34   0x00000002   Code   RO          610    .text.HAL_TIM_TriggerCallback  stm32f4xx_hal_tim.o
    0x08001c36   0x08001c36   0x00000002   PAD
    0x08001c38   0x08001c38   0x00000050   Code   RO          788    .text.HAL_USART_Init  stm32f4xx_hal_usart.o
    0x08001c88   0x08001c88   0x00000072   Code   RO          892    .text.HAL_USART_MspInit  stm32f4xx_hal_msp.o
    0x08001cfa   0x08001cfa   0x00000002   PAD
    0x08001cfc   0x08001cfc   0x000000be   Code   RO          798    .text.HAL_USART_Transmit  stm32f4xx_hal_usart.o
    0x08001dba   0x08001dba   0x00000002   PAD
    0x08001dbc   0x08001dbc   0x00000002   Code   RO           90    .text.HardFault_Handler  stm32f4xx_it.o
    0x08001dbe   0x08001dbe   0x00000002   PAD
    0x08001dc0   0x08001dc0   0x00000068   Code   RO           42    .text.MX_GPIO_Init  main.o
    0x08001e28   0x08001e28   0x000000ca   Code   RO           44    .text.MX_TIM4_Init  main.o
    0x08001ef2   0x08001ef2   0x00000002   PAD
    0x08001ef4   0x08001ef4   0x00000074   Code   RO           48    .text.MX_TIM6_Init  main.o
    0x08001f68   0x08001f68   0x0000003a   Code   RO           46    .text.MX_USART2_Init  main.o
    0x08001fa2   0x08001fa2   0x00000002   PAD
    0x08001fa4   0x08001fa4   0x00000002   Code   RO           92    .text.MemManage_Handler  stm32f4xx_it.o
    0x08001fa6   0x08001fa6   0x00000002   PAD
    0x08001fa8   0x08001fa8   0x00000002   Code   RO           88    .text.NMI_Handler   stm32f4xx_it.o
    0x08001faa   0x08001faa   0x00000002   PAD
    0x08001fac   0x08001fac   0x0000002c   Code   RO          190    .text.NVIC_EncodePriority  stm32f4xx_hal_cortex.o
    0x08001fd8   0x08001fd8   0x000000a2   Code   RO            8    .text.PIDCompute    pid_controller.o
    0x0800207a   0x0800207a   0x00000002   PAD
    0x0800207c   0x0800207c   0x00000064   Code   RO            2    .text.PIDInit       pid_controller.o
    0x080020e0   0x080020e0   0x00000006   Code   RO           24    .text.PIDInputSet   pid_controller.o
    0x080020e6   0x080020e6   0x00000002   PAD
    0x080020e8   0x080020e8   0x00000006   Code   RO           26    .text.PIDOutputGet  pid_controller.o
    0x080020ee   0x080020ee   0x00000002   PAD
    0x080020f0   0x080020f0   0x0000006a   Code   RO            4    .text.PIDOutputLimitsSet  pid_controller.o
    0x0800215a   0x0800215a   0x00000002   PAD
    0x0800215c   0x0800215c   0x00000006   Code   RO           22    .text.PIDSetpointSet  pid_controller.o
    0x08002162   0x08002162   0x00000002   PAD
    0x08002164   0x08002164   0x00000062   Code   RO            6    .text.PIDTuningsSet  pid_controller.o
    0x080021c6   0x080021c6   0x00000002   PAD
    0x080021c8   0x080021c8   0x00000002   Code   RO          102    .text.PendSV_Handler  stm32f4xx_it.o
    0x080021ca   0x080021ca   0x00000002   PAD
    0x080021cc   0x080021cc   0x00000002   Code   RO           98    .text.SVC_Handler   stm32f4xx_it.o
    0x080021ce   0x080021ce   0x00000002   PAD
    0x080021d0   0x080021d0   0x0000002e   Code   RO          206    .text.SysTick_Config  stm32f4xx_hal_cortex.o
    0x080021fe   0x080021fe   0x00000002   PAD
    0x08002200   0x08002200   0x00000008   Code   RO          104    .text.SysTick_Handler  stm32f4xx_it.o
    0x08002208   0x08002208   0x0000009c   Code   RO           38    .text.SystemClock_Config  main.o
    0x080022a4   0x080022a4   0x0000001a   Code   RO          913    .text.SystemInit    system_stm32f4xx.o
    0x080022be   0x080022be   0x00000002   PAD
    0x080022c0   0x080022c0   0x00000010   Code   RO          106    .text.TIM6_DAC_IRQHandler  stm32f4xx_it.o
    0x080022d0   0x080022d0   0x00000124   Code   RO          470    .text.TIM_Base_SetConfig  stm32f4xx_hal_tim.o
    0x080023f4   0x080023f4   0x00000024   Code   RO          504    .text.TIM_CCxChannelCmd  stm32f4xx_hal_tim.o
    0x08002418   0x08002418   0x00000016   Code   RO          652    .text.TIM_ETR_SetConfig  stm32f4xx_hal_tim.o
    0x0800242e   0x0800242e   0x00000002   PAD
    0x08002430   0x08002430   0x00000010   Code   RO          658    .text.TIM_ITRx_SetConfig  stm32f4xx_hal_tim.o
    0x08002440   0x08002440   0x00000064   Code   RO          614    .text.TIM_OC1_SetConfig  stm32f4xx_hal_tim.o
    0x080024a4   0x080024a4   0x0000006a   Code   RO          616    .text.TIM_OC2_SetConfig  stm32f4xx_hal_tim.o
    0x0800250e   0x0800250e   0x00000002   PAD
    0x08002510   0x08002510   0x00000068   Code   RO          618    .text.TIM_OC3_SetConfig  stm32f4xx_hal_tim.o
    0x08002578   0x08002578   0x0000004e   Code   RO          620    .text.TIM_OC4_SetConfig  stm32f4xx_hal_tim.o
    0x080025c6   0x080025c6   0x00000002   PAD
    0x080025c8   0x080025c8   0x00000022   Code   RO          656    .text.TIM_TI1_ConfigInputStage  stm32f4xx_hal_tim.o
    0x080025ea   0x080025ea   0x00000002   PAD
    0x080025ec   0x080025ec   0x00000024   Code   RO          660    .text.TIM_TI2_ConfigInputStage  stm32f4xx_hal_tim.o
    0x08002610   0x08002610   0x0000006e   Code   RO           40    .text.Touch_Init    main.o
    0x0800267e   0x0800267e   0x00000002   PAD
    0x08002680   0x08002680   0x000000b4   Code   RO          792    .text.USART_SetConfig  stm32f4xx_hal_usart.o
    0x08002734   0x08002734   0x00000070   Code   RO          800    .text.USART_WaitOnFlagUntilTimeout  stm32f4xx_hal_usart.o
    0x080027a4   0x080027a4   0x00000002   Code   RO           96    .text.UsageFault_Handler  stm32f4xx_it.o
    0x080027a6   0x080027a6   0x00000002   PAD
    0x080027a8   0x080027a8   0x00000020   Code   RO          194    .text.__NVIC_EnableIRQ  stm32f4xx_hal_cortex.o
    0x080027c8   0x080027c8   0x00000010   Code   RO          186    .text.__NVIC_GetPriorityGrouping  stm32f4xx_hal_cortex.o
    0x080027d8   0x080027d8   0x00000022   Code   RO          188    .text.__NVIC_SetPriority  stm32f4xx_hal_cortex.o
    0x080027fa   0x080027fa   0x00000002   PAD
    0x080027fc   0x080027fc   0x00000020   Code   RO          182    .text.__NVIC_SetPriorityGrouping  stm32f4xx_hal_cortex.o
    0x0800281c   0x0800281c   0x00000164   Code   RO           36    .text.main          main.o
    0x08002980   0x08002980   0x00000058   Code   RO           56    .text.median        main.o
    0x080029d8   0x080029d8   0x00000066   Code   RO           58    .text.read_touchX   main.o
    0x08002a3e   0x08002a3e   0x00000002   PAD
    0x08002a40   0x08002a40   0x00000062   Code   RO           60    .text.read_touchY   main.o
    0x08002aa2   0x08002aa2   0x00000006   PAD
    0x08002aa8   0x08002aa8   0x00000138   Code   RO           50    .text.read_touch_cal  main.o
    0x08002be0   0x08002be0   0x0000003e   Code   RO         1050    CL$$btod_d2e        c_w.l(btod.o)
    0x08002c1e   0x08002c1e   0x00000046   Code   RO         1052    CL$$btod_d2e_denorm_low  c_w.l(btod.o)
    0x08002c64   0x08002c64   0x00000060   Code   RO         1051    CL$$btod_d2e_norm_op1  c_w.l(btod.o)
    0x08002cc4   0x08002cc4   0x00000338   Code   RO         1060    CL$$btod_div_common  c_w.l(btod.o)
    0x08002ffc   0x08002ffc   0x000000dc   Code   RO         1057    CL$$btod_e2e        c_w.l(btod.o)
    0x080030d8   0x080030d8   0x0000002a   Code   RO         1054    CL$$btod_ediv       c_w.l(btod.o)
    0x08003102   0x08003102   0x0000002a   Code   RO         1053    CL$$btod_emul       c_w.l(btod.o)
    0x0800312c   0x0800312c   0x00000244   Code   RO         1059    CL$$btod_mult_common  c_w.l(btod.o)
    0x08003370   0x08003370   0x00000030   Code   RO         1081    i.__ARM_fpclassify  m_wm.l(fpclassify.o)
    0x080033a0   0x080033a0   0x0000002c   Code   RO         1075    locale$$code        c_w.l(lc_numeric_c.o)
    0x080033cc   0x080033cc   0x00000062   Code   RO          970    x$fpl$d2f           fz_wm.l(d2f.o)
    0x0800342e   0x0800342e   0x00000002   PAD
    0x08003430   0x08003430   0x00000150   Code   RO          972    x$fpl$dadd          fz_wm.l(daddsub_clz.o)
    0x08003580   0x08003580   0x00000018   Code   RO         1077    x$fpl$dcmpinf       fz_wm.l(dcmpi.o)
    0x08003598   0x08003598   0x00000078   Code   RO         1006    x$fpl$deqf          fz_wm.l(deqf.o)
    0x08003610   0x08003610   0x00000026   Code   RO          980    x$fpl$dfltu         fz_wm.l(dflt_clz.o)
    0x08003636   0x08003636   0x00000002   PAD
    0x08003638   0x08003638   0x00000078   Code   RO         1008    x$fpl$dgeqf         fz_wm.l(dgeqf.o)
    0x080036b0   0x080036b0   0x00000078   Code   RO         1010    x$fpl$dleqf         fz_wm.l(dleqf.o)
    0x08003728   0x08003728   0x00000154   Code   RO          986    x$fpl$dmul          fz_wm.l(dmul.o)
    0x0800387c   0x0800387c   0x0000009c   Code   RO         1012    x$fpl$dnaninf       fz_wm.l(dnaninf.o)
    0x08003918   0x08003918   0x0000000c   Code   RO         1014    x$fpl$dretinf       fz_wm.l(dretinf.o)
    0x08003924   0x08003924   0x000001dc   Code   RO          974    x$fpl$dsub          fz_wm.l(daddsub_clz.o)
    0x08003b00   0x08003b00   0x00000054   Code   RO          978    x$fpl$fcmp          fz_wm.l(dcmp.o)
    0x08003b54   0x08003b54   0x0000001a   Code   RO         1161    x$fpl$fpinit        fz_wm.l(fpinit.o)
    0x08003b6e   0x08003b6e   0x0000000a   Code   RO         1016    x$fpl$fretinf       fz_wm.l(fretinf.o)
    0x08003b78   0x08003b78   0x00000004   Code   RO          988    x$fpl$printf1       fz_wm.l(printf1.o)
    0x08003b7c   0x08003b7c   0x00000000   Code   RO         1018    x$fpl$usenofp       fz_wm.l(usenofp.o)
    0x08003b7c   0x08003b7c   0x00000094   Data   RO         1048    .constdata          c_w.l(bigflt0.o)
    0x08003c10   0x08003c10   0x00000010   Data   RO          918    .rodata.AHBPrescTable  system_stm32f4xx.o
    0x08003c20   0x08003c20   0x00000008   Data   RO          919    .rodata.APBPrescTable  system_stm32f4xx.o
    0x08003c28   0x08003c28   0x00000020   Data   RO         1237    Region$$Table       anon$$obj.o
    0x08003c48   0x08003c48   0x0000001c   Data   RO         1074    locale$$data        c_w.l(lc_numeric_c.o)


    Execution Region ER_RW (Exec base: 0x20000000, Load base: 0x08003c64, Size: 0x00000028, Max: 0xffffffff, ABSOLUTE)

    Exec Addr    Load Addr    Size         Type   Attr      Idx    E Section Name        Object

    0x20000000   0x08003c64   0x00000004   Data   RW           65    .data.Kdx           main.o
    0x20000004   0x08003c68   0x00000004   Data   RW           68    .data.Kdy           main.o
    0x20000008   0x08003c6c   0x00000004   Data   RW           64    .data.Kix           main.o
    0x2000000c   0x08003c70   0x00000004   Data   RW           67    .data.Kiy           main.o
    0x20000010   0x08003c74   0x00000004   Data   RW           63    .data.Kpx           main.o
    0x20000014   0x08003c78   0x00000004   Data   RW           66    .data.Kpy           main.o
    0x20000018   0x08003c7c   0x00000004   Data   RW           62    .data.SampleTime    main.o
    0x2000001c   0x08003c80   0x00000004   Data   RW          917    .data.SystemCoreClock  system_stm32f4xx.o
    0x20000020   0x08003c84   0x00000001   Data   RW          170    .data.uwTickFreq    stm32f4xx_hal.o
    0x20000021   0x08003c85   0x00000003   PAD
    0x20000024   0x08003c88   0x00000004   Data   RW          169    .data.uwTickPrio    stm32f4xx_hal.o


    Execution Region ER_ZI (Exec base: 0x20000028, Load base: 0x08003c8c, Size: 0x000007f8, Max: 0xffffffff, ABSOLUTE)

    Exec Addr    Load Addr    Size         Type   Attr      Idx    E Section Name        Object

    0x20000028        -       0x00000060   Zero   RW         1084    .bss                c_w.l(libspace.o)
    0x20000088        -       0x0000003c   Zero   RW           69    .bss.PIDx           main.o
    0x200000c4        -       0x0000003c   Zero   RW           70    .bss.PIDy           main.o
    0x20000100        -       0x00000008   Zero   RW           75    .bss.X_last         main.o
    0x20000108        -       0x00000008   Zero   RW           73    .bss.X_touch        main.o
    0x20000110        -       0x00000008   Zero   RW           76    .bss.Y_last         main.o
    0x20000118        -       0x00000008   Zero   RW           74    .bss.Y_touch        main.o
    0x20000120        -       0x00000040   Zero   RW           71    .bss.htim4          main.o
    0x20000160        -       0x00000040   Zero   RW           72    .bss.htim6          main.o
    0x200001a0        -       0x00000044   Zero   RW           78    .bss.husart2        main.o
    0x200001e4        -       0x00000032   Zero   RW           77    .bss.txdata         main.o
    0x20000216   0x08003c8c   0x00000002   PAD
    0x20000218        -       0x00000004   Zero   RW          171    .bss.uwTick         stm32f4xx_hal.o
    0x2000021c   0x08003c8c   0x00000004   PAD
    0x20000220        -       0x00000200   Zero   RW          904    HEAP                startup_stm32f446xx.o
    0x20000420        -       0x00000400   Zero   RW          903    STACK               startup_stm32f446xx.o


==============================================================================

Image component sizes


      Code (inc. data)   RO Data    RW Data    ZI Data      Debug   Object Name

      1996        116          0         28        398      11592   main.o
       484          0          0          0          0       4170   pid_controller.o
        64         26        452          0       1536        900   startup_stm32f446xx.o
       212          0          0          5          4       7805   stm32f4xx_hal.o
       258          0          0          0          0      11097   stm32f4xx_hal_cortex.o
       434          0          0          0          0       5506   stm32f4xx_hal_gpio.o
       374          0          0          0          0       9007   stm32f4xx_hal_msp.o
       432          0          0          0          0       7616   stm32f4xx_hal_rcc.o
       962          4          0          0          0      10970   stm32f4xx_hal_rcc_ex.o
      1764          4          0          0          0      38570   stm32f4xx_hal_tim.o
       188          0          0          0          0      15123   stm32f4xx_hal_tim_ex.o
       562          0          0          0          0      16565   stm32f4xx_hal_usart.o
        40          0          0          0          0       1194   stm32f4xx_it.o
        26          0         24          4          0       2845   system_stm32f4xx.o

    ----------------------------------------------------------------------
      7900        150        508         40       1944     142960   Object Totals
         0          0         32          0          0          0   (incl. Generated)
       104          0          0          3          6          0   (incl. Padding)

    ----------------------------------------------------------------------

      Code (inc. data)   RO Data    RW Data    ZI Data      Debug   Library Member Name

         8          0          0          0          0         68   __main.o
       104          0          0          0          0         84   __printf.o
         0          0          0          0          0          0   __rtentry.o
        12          0          0          0          0          0   __rtentry2.o
         6          0          0          0          0          0   __rtentry4.o
        52          8          0          0          0          0   __scatter.o
        26          0          0          0          0          0   __scatter_copy.o
        28          0          0          0          0          0   __scatter_zi.o
        48          6          0          0          0         96   _printf_char_common.o
         6          0          0          0          0          0   _printf_d.o
       120         16          0          0          0         92   _printf_dec.o
         6          0          0          0          0          0   _printf_f.o
      1052          0          0          0          0        148   _printf_fp_dec.o
       128         16          0          0          0         84   _printf_fp_infnan.o
       178          0          0          0          0         88   _printf_intcommon.o
         0          0          0          0          0          0   _printf_percent.o
         4          0          0          0          0          0   _printf_percent_end.o
        10          0          0          0          0         68   _sputc.o
       228          4        148          0          0         96   bigflt0.o
      1936        128          0          0          0        668   btod.o
        18          0          0          0          0         80   exit.o
         6          0          0          0          0        152   heapauxi.o
         0          0          0          0          0          0   indicate_semi.o
        44         10         28          0          0         76   lc_numeric_c.o
         2          0          0          0          0          0   libinit.o
        22          0          0          0          0          0   libinit2.o
         2          0          0          0          0          0   libshutdown.o
         2          0          0          0          0          0   libshutdown2.o
         8          4          0          0         96         68   libspace.o
       138          0          0          0          0         80   lludiv10.o
       240          0          0          0          0        100   lludivv7m.o
        40          6          0          0          0         84   noretval__2sprintf.o
         8          4          0          0          0         68   rt_locale_intlibspace.o
        78          0          0          0          0         80   rt_memclr_w.o
         2          0          0          0          0          0   rtexit.o
        10          0          0          0          0          0   rtexit2.o
       124          0          0          0          0         88   strcmpv7em.o
        62          0          0          0          0         76   strlen.o
        12          4          0          0          0         68   sys_exit.o
        74          0          0          0          0         80   sys_stackheap_outer.o
         2          0          0          0          0         68   use_no_semi.o
        98          4          0          0          0        140   d2f.o
       812         16          0          0          0        392   daddsub_clz.o
        84          0          0          0          0        244   dcmp.o
        24          0          0          0          0        116   dcmpi.o
       120          4          0          0          0        140   deqf.o
        38          0          0          0          0        116   dflt_clz.o
       120          4          0          0          0        140   dgeqf.o
       120          4          0          0          0        140   dleqf.o
       340         12          0          0          0        152   dmul.o
       156          4          0          0          0        140   dnaninf.o
        12          0          0          0          0        116   dretinf.o
        26          0          0          0          0        116   fpinit.o
        10          0          0          0          0        116   fretinf.o
         4          0          0          0          0        116   printf1.o
         0          0          0          0          0          0   usenofp.o
        48          0          0          0          0        124   fpclassify.o

    ----------------------------------------------------------------------
      6876        254        176          0         96       4968   Library Totals
        18          0          0          0          0          0   (incl. Padding)

    ----------------------------------------------------------------------

      Code (inc. data)   RO Data    RW Data    ZI Data      Debug   Library Name

      4846        206        176          0         96       2660   c_w.l
      1964         48          0          0          0       2184   fz_wm.l
        48          0          0          0          0        124   m_wm.l

    ----------------------------------------------------------------------
      6876        254        176          0         96       4968   Library Totals

    ----------------------------------------------------------------------

==============================================================================


      Code (inc. data)   RO Data    RW Data    ZI Data      Debug   

     14776        404        684         40       2040     144932   Grand Totals
     14776        404        684         40       2040     144932   ELF Image Totals
     14776        404        684         40          0          0   ROM Totals

==============================================================================

    Total RO  Size (Code + RO Data)                15460 (  15.10kB)
    Total RW  Size (RW Data + ZI Data)              2080 (   2.03kB)
    Total ROM Size (Code + RO Data + RW Data)      15500 (  15.14kB)

==============================================================================

